Archive member included to satisfy reference by file (symbol)

c:/program files (x86)/atmel/studio/7.0/toolchain/arm/arm-gnu-toolchain/bin/../lib/gcc/arm-none-eabi/6.3.1/thumb/v7e-m\libgcc.a(_aeabi_uldivmod.o)
                              src/camera.o (__aeabi_uldivmod)
c:/program files (x86)/atmel/studio/7.0/toolchain/arm/arm-gnu-toolchain/bin/../lib/gcc/arm-none-eabi/6.3.1/thumb/v7e-m\libgcc.a(_udivmoddi4.o)
                              c:/program files (x86)/atmel/studio/7.0/toolchain/arm/arm-gnu-toolchain/bin/../lib/gcc/arm-none-eabi/6.3.1/thumb/v7e-m\libgcc.a(_aeabi_uldivmod.o) (__udivmoddi4)
c:/program files (x86)/atmel/studio/7.0/toolchain/arm/arm-gnu-toolchain/bin/../lib/gcc/arm-none-eabi/6.3.1/thumb/v7e-m\libgcc.a(_dvmd_tls.o)
                              c:/program files (x86)/atmel/studio/7.0/toolchain/arm/arm-gnu-toolchain/bin/../lib/gcc/arm-none-eabi/6.3.1/thumb/v7e-m\libgcc.a(_aeabi_uldivmod.o) (__aeabi_ldiv0)
c:/program files (x86)/atmel/studio/7.0/toolchain/arm/arm-gnu-toolchain/bin/../lib/gcc/arm-none-eabi/6.3.1/../../../../arm-none-eabi/lib/thumb/v7e-m\libc.a(lib_a-exit.o)
                              c:/program files (x86)/atmel/studio/7.0/toolchain/arm/arm-gnu-toolchain/bin/../lib/gcc/arm-none-eabi/6.3.1/../../../../arm-none-eabi/lib/thumb/v7e-m/crt0.o (exit)
c:/program files (x86)/atmel/studio/7.0/toolchain/arm/arm-gnu-toolchain/bin/../lib/gcc/arm-none-eabi/6.3.1/../../../../arm-none-eabi/lib/thumb/v7e-m\libc.a(lib_a-impure.o)
                              c:/program files (x86)/atmel/studio/7.0/toolchain/arm/arm-gnu-toolchain/bin/../lib/gcc/arm-none-eabi/6.3.1/../../../../arm-none-eabi/lib/thumb/v7e-m\libc.a(lib_a-exit.o) (_global_impure_ptr)
c:/program files (x86)/atmel/studio/7.0/toolchain/arm/arm-gnu-toolchain/bin/../lib/gcc/arm-none-eabi/6.3.1/../../../../arm-none-eabi/lib/thumb/v7e-m\libc.a(lib_a-init.o)
                              c:/program files (x86)/atmel/studio/7.0/toolchain/arm/arm-gnu-toolchain/bin/../lib/gcc/arm-none-eabi/6.3.1/../../../../arm-none-eabi/lib/thumb/v7e-m/crt0.o (__libc_init_array)
c:/program files (x86)/atmel/studio/7.0/toolchain/arm/arm-gnu-toolchain/bin/../lib/gcc/arm-none-eabi/6.3.1/../../../../arm-none-eabi/lib/thumb/v7e-m\libc.a(lib_a-itoa.o)
                              src/wifi.o (itoa)
c:/program files (x86)/atmel/studio/7.0/toolchain/arm/arm-gnu-toolchain/bin/../lib/gcc/arm-none-eabi/6.3.1/../../../../arm-none-eabi/lib/thumb/v7e-m\libc.a(lib_a-memcpy.o)
                              src/wifi.o (memcpy)
c:/program files (x86)/atmel/studio/7.0/toolchain/arm/arm-gnu-toolchain/bin/../lib/gcc/arm-none-eabi/6.3.1/../../../../arm-none-eabi/lib/thumb/v7e-m\libc.a(lib_a-memset.o)
                              c:/program files (x86)/atmel/studio/7.0/toolchain/arm/arm-gnu-toolchain/bin/../lib/gcc/arm-none-eabi/6.3.1/../../../../arm-none-eabi/lib/thumb/v7e-m/crt0.o (memset)
c:/program files (x86)/atmel/studio/7.0/toolchain/arm/arm-gnu-toolchain/bin/../lib/gcc/arm-none-eabi/6.3.1/../../../../arm-none-eabi/lib/thumb/v7e-m\libc.a(lib_a-sprintf.o)
                              src/wifi.o (sprintf)
c:/program files (x86)/atmel/studio/7.0/toolchain/arm/arm-gnu-toolchain/bin/../lib/gcc/arm-none-eabi/6.3.1/../../../../arm-none-eabi/lib/thumb/v7e-m\libc.a(lib_a-strlen.o)
                              src/wifi.o (strlen)
c:/program files (x86)/atmel/studio/7.0/toolchain/arm/arm-gnu-toolchain/bin/../lib/gcc/arm-none-eabi/6.3.1/../../../../arm-none-eabi/lib/thumb/v7e-m\libc.a(lib_a-strstr.o)
                              src/wifi.o (strstr)
c:/program files (x86)/atmel/studio/7.0/toolchain/arm/arm-gnu-toolchain/bin/../lib/gcc/arm-none-eabi/6.3.1/../../../../arm-none-eabi/lib/thumb/v7e-m\libc.a(lib_a-svfprintf.o)
                              c:/program files (x86)/atmel/studio/7.0/toolchain/arm/arm-gnu-toolchain/bin/../lib/gcc/arm-none-eabi/6.3.1/../../../../arm-none-eabi/lib/thumb/v7e-m\libc.a(lib_a-sprintf.o) (_svfprintf_r)
c:/program files (x86)/atmel/studio/7.0/toolchain/arm/arm-gnu-toolchain/bin/../lib/gcc/arm-none-eabi/6.3.1/../../../../arm-none-eabi/lib/thumb/v7e-m\libc.a(lib_a-utoa.o)
                              c:/program files (x86)/atmel/studio/7.0/toolchain/arm/arm-gnu-toolchain/bin/../lib/gcc/arm-none-eabi/6.3.1/../../../../arm-none-eabi/lib/thumb/v7e-m\libc.a(lib_a-itoa.o) (__utoa)
c:/program files (x86)/atmel/studio/7.0/toolchain/arm/arm-gnu-toolchain/bin/../lib/gcc/arm-none-eabi/6.3.1/../../../../arm-none-eabi/lib/thumb/v7e-m\libc.a(lib_a-__call_atexit.o)
                              c:/program files (x86)/atmel/studio/7.0/toolchain/arm/arm-gnu-toolchain/bin/../lib/gcc/arm-none-eabi/6.3.1/../../../../arm-none-eabi/lib/thumb/v7e-m\libc.a(lib_a-exit.o) (__call_exitprocs)
c:/program files (x86)/atmel/studio/7.0/toolchain/arm/arm-gnu-toolchain/bin/../lib/gcc/arm-none-eabi/6.3.1/../../../../arm-none-eabi/lib/thumb/v7e-m\libc.a(lib_a-atexit.o)
[...]
Memory Configuration

Name             Origin             Length             Attributes
rom              0x00400000         0x00080000         xr
ram              0x20000000         0x00020000         xrw
*default*        0x00000000         0xffffffff

Linker script and memory map

LOAD c:/program files (x86)/atmel/studio/7.0/toolchain/arm/arm-gnu-toolchain/bin/../lib/gcc/arm-none-eabi/6.3.1/thumb/v7e-m/crti.o
LOAD c:/program files (x86)/atmel/studio/7.0/toolchain/arm/arm-gnu-toolchain/bin/../lib/gcc/arm-none-eabi/6.3.1/thumb/v7e-m/crtbegin.o
LOAD c:/program files (x86)/atmel/studio/7.0/toolchain/arm/arm-gnu-toolchain/bin/../lib/gcc/arm-none-eabi/6.3.1/../../../../arm-none-eabi/lib/thumb/v7e-m/crt0.o
LOAD src/ASF/common/utils/stdio/read.o
LOAD src/ASF/common/utils/stdio/write.o
LOAD src/ASF/sam/drivers/pio/pio_handler.o
LOAD src/ASF/sam/drivers/tc/tc.o
LOAD src/ASF/sam/drivers/twi/twi.o
LOAD src/ASF/sam/drivers/usart/usart.o
LOAD src/ASF/sam/drivers/wdt/wdt.o
LOAD src/ASF/common/services/serial/usart_serial.o
LOAD src/ASF/common/services/delay/sam/cycle_counter.o
LOAD src/ASF/common/services/clock/sam4s/sysclk.o
LOAD src/ASF/sam/drivers/pio/pio.o
LOAD src/ASF/sam/drivers/pmc/pmc.o
LOAD src/ASF/sam/drivers/uart/uart.o
LOAD src/ASF/sam/drivers/pmc/sleep.o
LOAD src/camera.o
LOAD src/ov2640.o
LOAD src/ov2640_table_registers.o
LOAD src/timer_interface.o
LOAD src/wifi.o
LOAD src/ASF/common/boards/user_board/init.o
LOAD src/ASF/common/utils/interrupt/interrupt_sam_nvic.o
LOAD src/ASF/sam/utils/cmsis/sam4s/source/templates/gcc/startup_sam4s.o
LOAD src/ASF/sam/utils/cmsis/sam4s/source/templates/system_sam4s.o
LOAD src/ASF/sam/utils/syscalls/gcc/syscalls.o
LOAD src/main.o
START GROUP
LOAD ../src/ASF/thirdparty/CMSIS/Lib/GCC\libarm_cortexM4l_math.a
LOAD c:/program files (x86)/atmel/studio/7.0/toolchain/arm/arm-gnu-toolchain/bin/../lib/gcc/arm-none-eabi/6.3.1/../../../../arm-none-eabi/lib/thumb/v7e-m\libm.a
END GROUP
START GROUP
LOAD c:/program files (x86)/atmel/studio/7.0/toolchain/arm/arm-gnu-toolchain/bin/../lib/gcc/arm-none-eabi/6.3.1/thumb/v7e-m\libgcc.a
LOAD c:/program files (x86)/atmel/studio/7.0/toolchain/arm/arm-gnu-toolchain/bin/../lib/gcc/arm-none-eabi/6.3.1/../../../../arm-none-eabi/lib/thumb/v7e-m\libc.a
END GROUP
LOAD c:/program files (x86)/atmel/studio/7.0/toolchain/arm/arm-gnu-toolchain/bin/../lib/gcc/arm-none-eabi/6.3.1/thumb/v7e-m/crtend.o
LOAD c:/program files (x86)/atmel/studio/7.0/toolchain/arm/arm-gnu-toolchain/bin/../lib/gcc/arm-none-eabi/6.3.1/thumb/v7e-m/crtn.o
                0x00003000                __stack_size__ = DEFINED (__stack_size__)?__stack_size__:0x3000
                0x2001fffc                __ram_end__ = ((ORIGIN (ram) + LENGTH (ram)) - 0x4)

.text           0x00400000     0x9d94
                0x00400000                . = ALIGN (0x4)
                0x00400000                _sfixed = .
 *(.vectors .vectors.*)
 .vectors       0x00400000       0xcc src/ASF/sam/utils/cmsis/sam4s/source/templates/gcc/startup_sam4s.o
                0x00400000                exception_table
 *(.text .text.* .gnu.linkonce.t.*)
 .text          0x004000cc       0x6c c:/program files (x86)/atmel/studio/7.0/toolchain/arm/arm-gnu-toolchain/bin/../lib/gcc/arm-none-eabi/6.3.1/thumb/v7e-m/crtbegin.o
 .text.pio_handler_process
                0x00400138      0x118 src/ASF/sam/drivers/pio/pio_handler.o
                0x00400138                pio_handler_process
 .text.pio_handler_set
                0x00400250       0xc8 src/ASF/sam/drivers/pio/pio_handler.o
                0x00400250                pio_handler_set
 .text.PIOA_Handler
                0x00400318       0x24 src/ASF/sam/drivers/pio/pio_handler.o
                0x00400318                PIOA_Handler
 .text.PIOB_Handler
                0x0040033c       0x24 src/ASF/sam/drivers/pio/pio_handler.o
                0x0040033c                PIOB_Handler
 .text.tc_init  0x00400360       0x38 src/ASF/sam/drivers/tc/tc.o
                0x00400360                tc_init
 .text.tc_start
                0x00400398       0x20 src/ASF/sam/drivers/tc/tc.o
                0x00400398                tc_start
 .text.tc_write_rc
                0x004003b8       0x24 src/ASF/sam/drivers/tc/tc.o
                0x004003b8                tc_write_rc
 .text.tc_enable_interrupt
                0x004003dc       0x26 src/ASF/sam/drivers/tc/tc.o
                0x004003dc                tc_enable_interrupt
 .text.tc_get_status
                0x00400402       0x22 src/ASF/sam/drivers/tc/tc.o
                0x00400402                tc_get_status
 .text.tc_find_mck_divisor
                0x00400424       0xa4 src/ASF/sam/drivers/tc/tc.o
                0x00400424                tc_find_mck_divisor
 .text.twi_enable_master_mode
                0x004004c8       0x24 src/ASF/sam/drivers/twi/twi.o
                0x004004c8                twi_enable_master_mode
 .text.twi_master_init
                0x004004ec       0x74 src/ASF/sam/drivers/twi/twi.o
                0x004004ec                twi_master_init
 .text.twi_set_speed
                0x00400560       0xf4 src/ASF/sam/drivers/twi/twi.o
                0x00400560                twi_set_speed
 .text.twi_mk_addr
                0x00400654       0x5a src/ASF/sam/drivers/twi/twi.o
                0x00400654                twi_mk_addr
 *fill*         0x004006ae        0x2 
 .text.twi_master_read
                0x004006b0      0x114 src/ASF/sam/drivers/twi/twi.o
                0x004006b0                twi_master_read
 .text.twi_master_write
                0x004007c4       0xe4 src/ASF/sam/drivers/twi/twi.o
                0x004007c4                twi_master_write
 .text.twi_reset
                0x004008a8       0x1c src/ASF/sam/drivers/twi/twi.o
                0x004008a8                twi_reset
 .text.usart_set_async_baudrate
                0x004008c4       0x88 src/ASF/sam/drivers/usart/usart.o
                0x004008c4                usart_set_async_baudrate
 .text.usart_reset
                0x0040094c       0x74 src/ASF/sam/drivers/usart/usart.o
                0x0040094c                usart_reset
 .text.usart_init_rs232
                0x004009c0       0xb0 src/ASF/sam/drivers/usart/usart.o
                0x004009c0                usart_init_rs232
 .text.usart_init_hw_handshaking
                0x00400a70       0x48 src/ASF/sam/drivers/usart/usart.o
                0x00400a70                usart_init_hw_handshaking
 .text.usart_enable_tx
                0x00400ab8       0x18 src/ASF/sam/drivers/usart/usart.o
                0x00400ab8                usart_enable_tx
 .text.usart_reset_tx
                0x00400ad0       0x18 src/ASF/sam/drivers/usart/usart.o
                0x00400ad0                usart_reset_tx
 .text.usart_enable_rx
                0x00400ae8       0x18 src/ASF/sam/drivers/usart/usart.o
                0x00400ae8                usart_enable_rx
 .text.usart_reset_rx
                0x00400b00       0x18 src/ASF/sam/drivers/usart/usart.o
                0x00400b00                usart_reset_rx
 .text.usart_enable_interrupt
                0x00400b18       0x1a src/ASF/sam/drivers/usart/usart.o
                0x00400b18                usart_enable_interrupt
 .text.usart_disable_interrupt
                0x00400b32       0x1a src/ASF/sam/drivers/usart/usart.o
                0x00400b32                usart_disable_interrupt
 .text.usart_get_status
                0x00400b4c       0x16 src/ASF/sam/drivers/usart/usart.o
                0x00400b4c                usart_get_status
 .text.usart_reset_status
                0x00400b62       0x1a src/ASF/sam/drivers/usart/usart.o
                0x00400b62                usart_reset_status
 .text.usart_drive_DTR_pin_high
                0x00400b7c       0x1a src/ASF/sam/drivers/usart/usart.o
                0x00400b7c                usart_drive_DTR_pin_high
 .text.usart_drive_RTS_pin_high
                0x00400b96       0x1a src/ASF/sam/drivers/usart/usart.o
                0x00400b96                usart_drive_RTS_pin_high
 .text.usart_putchar
                0x00400bb0       0x2e src/ASF/sam/drivers/usart/usart.o
                0x00400bb0                usart_putchar
 *fill*         0x00400bde        0x2 
 .text.usart_write_line
                0x00400be0       0x3c src/ASF/sam/drivers/usart/usart.o
                0x00400be0                usart_write_line
 .text.usart_read
                0x00400c1c       0x32 src/ASF/sam/drivers/usart/usart.o
                0x00400c1c                usart_read
 *fill*         0x00400c4e        0x2 
 .text.usart_disable_writeprotect
                0x00400c50       0x20 src/ASF/sam/drivers/usart/usart.o
                0x00400c50                usart_disable_writeprotect
 .text.wdt_disable
                0x00400c70       0x1a src/ASF/sam/drivers/wdt/wdt.o
                0x00400c70                wdt_disable
 *fill*         0x00400c8a        0x2 
 .text.osc_enable
                0x00400c8c       0xa0 src/ASF/common/services/clock/sam4s/sysclk.o
 .text.osc_is_ready
                0x00400d2c       0x80 src/ASF/common/services/clock/sam4s/sysclk.o
 .text.osc_get_rate
                0x00400dac       0x78 src/ASF/common/services/clock/sam4s/sysclk.o
 .text.osc_wait_ready
                0x00400e24       0x30 src/ASF/common/services/clock/sam4s/sysclk.o
 .text.pll_config_init
                0x00400e54       0x58 src/ASF/common/services/clock/sam4s/sysclk.o
 .text.pll_enable
                0x00400eac       0x50 src/ASF/common/services/clock/sam4s/sysclk.o
 .text.pll_is_locked
                0x00400efc       0x38 src/ASF/common/services/clock/sam4s/sysclk.o
 .text.pll_enable_source
                0x00400f34       0x3c src/ASF/common/services/clock/sam4s/sysclk.o
 .text.pll_wait_for_lock
                0x00400f70       0x28 src/ASF/common/services/clock/sam4s/sysclk.o
 .text.sysclk_get_main_hz
                0x00400f98       0x20 src/ASF/common/services/clock/sam4s/sysclk.o
 .text.sysclk_get_cpu_hz
                0x00400fb8       0x18 src/ASF/common/services/clock/sam4s/sysclk.o
 .text.sysclk_init
                0x00400fd0       0x8c src/ASF/common/services/clock/sam4s/sysclk.o
                0x00400fd0                sysclk_init
 .text.pio_pull_up
                0x0040105c       0x2a src/ASF/sam/drivers/pio/pio.o
                0x0040105c                pio_pull_up
 .text.pio_set_debounce_filter
                0x00401086       0x36 src/ASF/sam/drivers/pio/pio.o
                0x00401086                pio_set_debounce_filter
 .text.pio_set_peripheral
                0x004010bc      0x10e src/ASF/sam/drivers/pio/pio.o
                0x004010bc                pio_set_peripheral
 *fill*         0x004011ca        0x2 
 .text.pio_set_input
                0x004011cc       0x8c src/ASF/sam/drivers/pio/pio.o
                0x004011cc                pio_set_input
 .text.pio_set_output
                0x00401258       0x70 src/ASF/sam/drivers/pio/pio.o
                0x00401258                pio_set_output
 .text.pio_configure_interrupt
                0x004012c8       0x6a src/ASF/sam/drivers/pio/pio.o
                0x004012c8                pio_configure_interrupt
 .text.pio_enable_interrupt
                0x00401332       0x1a src/ASF/sam/drivers/pio/pio.o
                0x00401332                pio_enable_interrupt
 .text.pio_disable_interrupt
                0x0040134c       0x1a src/ASF/sam/drivers/pio/pio.o
                0x0040134c                pio_disable_interrupt
 .text.pio_get_interrupt_status
                0x00401366       0x16 src/ASF/sam/drivers/pio/pio.o
                0x00401366                pio_get_interrupt_status
 .text.pio_get_interrupt_mask
                0x0040137c       0x16 src/ASF/sam/drivers/pio/pio.o
                0x0040137c                pio_get_interrupt_mask
 *fill*         0x00401392        0x2 
 .text.pio_set_pin_high
                0x00401394       0x38 src/ASF/sam/drivers/pio/pio.o
                0x00401394                pio_set_pin_high
 .text.pio_configure_pin
                0x004013cc      0x1d0 src/ASF/sam/drivers/pio/pio.o
                0x004013cc                pio_configure_pin
 .text.pio_get_pin_group
                0x0040159c       0x24 src/ASF/sam/drivers/pio/pio.o
                0x0040159c                pio_get_pin_group
 .text.pio_capture_enable
                0x004015c0       0x38 src/ASF/sam/drivers/pio/pio.o
                0x004015c0                pio_capture_enable
 .text.pio_capture_disable
                0x004015f8       0x38 src/ASF/sam/drivers/pio/pio.o
                0x004015f8                pio_capture_disable
 .text.pmc_switch_mck_to_pllack
                0x00401630       0x80 src/ASF/sam/drivers/pmc/pmc.o
                0x00401630                pmc_switch_mck_to_pllack
 .text.pmc_switch_sclk_to_32kxtal
                0x004016b0       0x38 src/ASF/sam/drivers/pmc/pmc.o
                0x004016b0                pmc_switch_sclk_to_32kxtal
 .text.pmc_osc_is_ready_32kxtal
                0x004016e8       0x34 src/ASF/sam/drivers/pmc/pmc.o
                0x004016e8                pmc_osc_is_ready_32kxtal
 .text.pmc_switch_mainck_to_fastrc
                0x0040171c       0x70 src/ASF/sam/drivers/pmc/pmc.o
                0x0040171c                pmc_switch_mainck_to_fastrc
 .text.pmc_switch_mainck_to_xtal
                0x0040178c       0x78 src/ASF/sam/drivers/pmc/pmc.o
                0x0040178c                pmc_switch_mainck_to_xtal
 .text.pmc_osc_is_ready_mainck
                0x00401804       0x18 src/ASF/sam/drivers/pmc/pmc.o
                0x00401804                pmc_osc_is_ready_mainck
 .text.pmc_disable_pllack
                0x0040181c       0x18 src/ASF/sam/drivers/pmc/pmc.o
                0x0040181c                pmc_disable_pllack
 .text.pmc_is_locked_pllack
                0x00401834       0x18 src/ASF/sam/drivers/pmc/pmc.o
                0x00401834                pmc_is_locked_pllack
 .text.pmc_enable_pllbck
                0x0040184c       0x58 src/ASF/sam/drivers/pmc/pmc.o
                0x0040184c                pmc_enable_pllbck
 .text.pmc_disable_pllbck
                0x004018a4       0x18 src/ASF/sam/drivers/pmc/pmc.o
                0x004018a4                pmc_disable_pllbck
 .text.pmc_is_locked_pllbck
                0x004018bc       0x18 src/ASF/sam/drivers/pmc/pmc.o
                0x004018bc                pmc_is_locked_pllbck
 .text.pmc_enable_periph_clk
                0x004018d4       0x80 src/ASF/sam/drivers/pmc/pmc.o
                0x004018d4                pmc_enable_periph_clk
 .text.NVIC_EnableIRQ
                0x00401954       0x30 src/camera.o
 .text.NVIC_DisableIRQ
                0x00401984       0x34 src/camera.o
 .text.NVIC_ClearPendingIRQ
                0x004019b8       0x34 src/camera.o
 .text.NVIC_SetPriority
                0x004019ec       0x54 src/camera.o
 .text.osc_get_rate
                0x00401a40       0x78 src/camera.o
 .text.sysclk_get_main_hz
                0x00401ab8       0x20 src/camera.o
 .text.sysclk_get_cpu_hz
                0x00401ad8       0x18 src/camera.o
 .text.vsync_handler
                0x00401af0       0x28 src/camera.o
                0x00401af0                vsync_handler
 .text.init_vsync_interrupts
                0x00401b18       0x44 src/camera.o
                0x00401b18                init_vsync_interrupts
 .text.init_camera
                0x00401b5c      0x100 src/camera.o
                0x00401b5c                init_camera
 .text.configure_twi
                0x00401c5c       0x9c src/camera.o
                0x00401c5c                configure_twi
 .text.configure_camera
                0x00401cf8       0xfc src/camera.o
                0x00401cf8                configure_camera
 .text.pio_capture_init
                0x00401df4       0x88 src/camera.o
                0x00401df4                pio_capture_init
 .text.pio_capture_to_buffer
                0x00401e7c       0x66 src/camera.o
                0x00401e7c                pio_capture_to_buffer
 *fill*         0x00401ee2        0x2 
 .text.start_capture
                0x00401ee4       0xe0 src/camera.o
                0x00401ee4                start_capture
 .text.find_image_len
                0x00401fc4      0x128 src/camera.o
                0x00401fc4                find_image_len
 .text.osc_get_rate
                0x004020ec       0x78 src/ov2640.o
 .text.sysclk_get_main_hz
                0x00402164       0x20 src/ov2640.o
 .text.sysclk_get_cpu_hz
                0x00402184       0x18 src/ov2640.o
 .text.ov_id    0x0040219c       0x7c src/ov2640.o
 .text.ov_manufacturer
                0x00402218       0x84 src/ov2640.o
 .text.ov_test_write
                0x0040229c       0xc0 src/ov2640.o
 .text.ov_read_reg
                0x0040235c       0x2c src/ov2640.o
                0x0040235c                ov_read_reg
 .text.ov_write_reg
                0x00402388       0x2c src/ov2640.o
                0x00402388                ov_write_reg
 .text.ov_write_regs
                0x004023b4       0xf0 src/ov2640.o
                0x004023b4                ov_write_regs
 .text.ov_init  0x004024a4       0x9c src/ov2640.o
                0x004024a4                ov_init
 .text.ov_configure
                0x00402540      0x16c src/ov2640.o
                0x00402540                ov_configure
 .text.NVIC_EnableIRQ
                0x004026ac       0x30 src/timer_interface.o
 .text.osc_get_rate
                0x004026dc       0x78 src/timer_interface.o
 .text.sysclk_get_main_hz
                0x00402754       0x20 src/timer_interface.o
 .text.sysclk_get_cpu_hz
                0x00402774       0x18 src/timer_interface.o
 .text.TC0_Handler
                0x0040278c       0x4c src/timer_interface.o
                0x0040278c                TC0_Handler
 .text.configure_tc
                0x004027d8       0xa4 src/timer_interface.o
                0x004027d8                configure_tc
 .text.NVIC_EnableIRQ
                0x0040287c       0x30 src/wifi.o
 .text.osc_get_rate
                0x004028ac       0x78 src/wifi.o
 .text.sysclk_get_main_hz
                0x00402924       0x20 src/wifi.o
 .text.sysclk_get_cpu_hz
                0x00402944       0x18 src/wifi.o
 .text.sysclk_get_peripheral_hz
                0x0040295c       0x18 src/wifi.o
 .text.sysclk_enable_peripheral_clock
                0x00402974       0x24 src/wifi.o
 .text.USART0_Handler
                0x00402998       0x68 src/wifi.o
                0x00402998                USART0_Handler
 .text.wifi_command_response_handler
                0x00402a00       0x64 src/wifi.o
                0x00402a00                wifi_command_response_handler
 .text.wifi_web_setup_handler
                0x00402a64       0x28 src/wifi.o
                0x00402a64                wifi_web_setup_handler
 .text.configure_usart_wifi
                0x00402a8c       0xd8 src/wifi.o
                0x00402a8c                configure_usart_wifi
 .text.configure_wifi_comm_pin
                0x00402b64       0x60 src/wifi.o
                0x00402b64                configure_wifi_comm_pin
 .text.configure_wifi_web_setup_pin
                0x00402bc4       0x6c src/wifi.o
                0x00402bc4                configure_wifi_web_setup_pin
 .text.process_incoming_byte_wifi
                0x00402c30       0x3c src/wifi.o
                0x00402c30                process_incoming_byte_wifi
 .text.process_data_wifi
                0x00402c6c       0x94 src/wifi.o
                0x00402c6c                process_data_wifi
 .text.write_wifi_command
                0x00402d00       0x64 src/wifi.o
                0x00402d00                write_wifi_command
 .text.write_image_to_file
                0x00402d64      0x2a8 src/wifi.o
                0x00402d64                write_image_to_file
 .text.sysclk_enable_peripheral_clock
                0x0040300c       0x24 src/ASF/common/boards/user_board/init.o
 .text.ioport_init
                0x00403030       0x20 src/ASF/common/boards/user_board/init.o
 .text.ioport_set_pin_dir
                0x00403050       0x86 src/ASF/common/boards/user_board/init.o
 .text.ioport_set_pin_level
                0x004030d6       0x6a src/ASF/common/boards/user_board/init.o
 .text.board_init
                0x00403140       0x4c src/ASF/common/boards/user_board/init.o
                0x00403140                board_init
 .text.Reset_Handler
                0x0040318c       0xe4 src/ASF/sam/utils/cmsis/sam4s/source/templates/gcc/startup_sam4s.o
                0x0040318c                Reset_Handler
 .text.Dummy_Handler
                0x00403270        0x6 src/ASF/sam/utils/cmsis/sam4s/source/templates/gcc/startup_sam4s.o
                0x00403270                DACC_Handler
                0x00403270                DebugMon_Handler
                0x00403270                HardFault_Handler
                0x00403270                TC2_Handler
                0x00403270                SPI_Handler
                0x00403270                SysTick_Handler
                0x00403270                TWI1_Handler
                0x00403270                PendSV_Handler
                0x00403270                NMI_Handler
                0x00403270                ADC_Handler
                0x00403270                CRCCU_Handler
                0x00403270                RTT_Handler
                0x00403270                RTC_Handler
                0x00403270                UsageFault_Handler
                0x00403270                WDT_Handler
                0x00403270                TC1_Handler
                0x00403270                HSMCI_Handler
                0x00403270                UART1_Handler
                0x00403270                Dummy_Handler
                0x00403270                TWI0_Handler
                0x00403270                USART1_Handler
                0x00403270                SSC_Handler
                0x00403270                EFC0_Handler
                0x00403270                ACC_Handler
                0x00403270                PMC_Handler
                0x00403270                PWM_Handler
                0x00403270                MemManage_Handler
                0x00403270                SUPC_Handler
                0x00403270                SVC_Handler
                0x00403270                UART0_Handler
                0x00403270                UDP_Handler
                0x00403270                BusFault_Handler
                0x00403270                RSTC_Handler
 *fill*         0x00403276        0x2 
 .text.SystemCoreClockUpdate
                0x00403278      0x1ec src/ASF/sam/utils/cmsis/sam4s/source/templates/system_sam4s.o
                0x00403278                SystemCoreClockUpdate
 .text.system_init_flash
                0x00403464       0x94 src/ASF/sam/utils/cmsis/sam4s/source/templates/system_sam4s.o
                0x00403464                system_init_flash
 .text._sbrk    0x004034f8       0x80 src/ASF/sam/utils/syscalls/gcc/syscalls.o
                0x004034f8                _sbrk
 .text.osc_get_rate
                0x00403578       0x78 src/main.o
 .text.sysclk_get_main_hz
                0x004035f0       0x20 src/main.o
 .text.sysclk_get_cpu_hz
                0x00403610       0x18 src/main.o
 .text.ioport_set_pin_level
                0x00403628       0x6a src/main.o
 .text.ioport_get_pin_level
                0x00403692       0x4e src/main.o
 .text.main     0x004036e0      0x5a4 src/main.o
                0x004036e0                main
 .text          0x00403c84       0x30 c:/program files (x86)/atmel/studio/7.0/toolchain/arm/arm-gnu-toolchain/bin/../lib/gcc/arm-none-eabi/6.3.1/thumb/v7e-m\libgcc.a(_aeabi_uldivmod.o)
                0x00403c84                __aeabi_uldivmod
 .text          0x00403cb4      0x2dc c:/program files (x86)/atmel/studio/7.0/toolchain/arm/arm-gnu-toolchain/bin/../lib/gcc/arm-none-eabi/6.3.1/thumb/v7e-m\libgcc.a(_udivmoddi4.o)
                0x00403cb4                __udivmoddi4
 .text          0x00403f90        0x4 c:/program files (x86)/atmel/studio/7.0/toolchain/arm/arm-gnu-toolchain/bin/../lib/gcc/arm-none-eabi/6.3.1/thumb/v7e-m\libgcc.a(_dvmd_tls.o)
                0x00403f90                __aeabi_idiv0
                0x00403f90                __aeabi_ldiv0
 .text.__libc_init_array
                0x00403f94       0x50 c:/program files (x86)/atmel/studio/7.0/toolchain/arm/arm-gnu-toolchain/bin/../lib/gcc/arm-none-eabi/6.3.1/../../../../arm-none-eabi/lib/thumb/v7e-m\libc.a(lib_a-init.o)
                0x00403f94                __libc_init_array
 .text.__itoa   0x00403fe4       0x30 c:/program files (x86)/atmel/studio/7.0/toolchain/arm/arm-gnu-toolchain/bin/../lib/gcc/arm-none-eabi/6.3.1/../../../../arm-none-eabi/lib/thumb/v7e-m\libc.a(lib_a-itoa.o)
                0x00403fe4                __itoa
 .text.itoa     0x00404014        0x4 c:/program files (x86)/atmel/studio/7.0/toolchain/arm/arm-gnu-toolchain/bin/../lib/gcc/arm-none-eabi/6.3.1/../../../../arm-none-eabi/lib/thumb/v7e-m\libc.a(lib_a-itoa.o)
                0x00404014                itoa
 .text          0x00404018      0x134 c:/program files (x86)/atmel/studio/7.0/toolchain/arm/arm-gnu-toolchain/bin/../lib/gcc/arm-none-eabi/6.3.1/../../../../arm-none-eabi/lib/thumb/v7e-m\libc.a(lib_a-memcpy.o)
                0x00404018                memcpy
 .text.memset   0x0040414c       0x9c c:/program files (x86)/atmel/studio/7.0/toolchain/arm/arm-gnu-toolchain/bin/../lib/gcc/arm-none-eabi/6.3.1/../../../../arm-none-eabi/lib/thumb/v7e-m\libc.a(lib_a-memset.o)
                0x0040414c                memset
 .text.sprintf  0x004041e8       0x4c c:/program files (x86)/atmel/studio/7.0/toolchain/arm/arm-gnu-toolchain/bin/../lib/gcc/arm-none-eabi/6.3.1/../../../../arm-none-eabi/lib/thumb/v7e-m\libc.a(lib_a-sprintf.o)
                0x004041e8                sprintf
 *fill*         0x00404234        0xc 
 .text          0x00404240       0xdc c:/program files (x86)/atmel/studio/7.0/toolchain/arm/arm-gnu-toolchain/bin/../lib/gcc/arm-none-eabi/6.3.1/../../../../arm-none-eabi/lib/thumb/v7e-m\libc.a(lib_a-strlen.o)
                0x00404240                strlen
 .text.critical_factorization
                0x0040431c       0xb4 c:/program files (x86)/atmel/studio/7.0/toolchain/arm/arm-gnu-toolchain/bin/../lib/gcc/arm-none-eabi/6.3.1/../../../../arm-none-eabi/lib/thumb/v7e-m\libc.a(lib_a-strstr.o)
 .text.two_way_long_needle
                0x004043d0      0x1fc c:/program files (x86)/atmel/studio/7.0/toolchain/arm/arm-gnu-toolchain/bin/../lib/gcc/arm-none-eabi/6.3.1/../../../../arm-none-eabi/lib/thumb/v7e-m\libc.a(lib_a-strstr.o)
 .text.strstr   0x004045cc      0x218 c:/program files (x86)/atmel/studio/7.0/toolchain/arm/arm-gnu-toolchain/bin/../lib/gcc/arm-none-eabi/6.3.1/../../../../arm-none-eabi/lib/thumb/v7e-m\libc.a(lib_a-strstr.o)
                0x004045cc                strstr
 .text._svfprintf_r
                0x004047e4     0x145c c:/program files (x86)/atmel/studio/7.0/toolchain/arm/arm-gnu-toolchain/bin/../lib/gcc/arm-none-eabi/6.3.1/../../../../arm-none-eabi/lib/thumb/v7e-m\libc.a(lib_a-svfprintf.o)
                0x004047e4                _svfprintf_r
 .text.__utoa   0x00405c40       0x80 c:/program files (x86)/atmel/studio/7.0/toolchain/arm/arm-gnu-toolchain/bin/../lib/gcc/arm-none-eabi/6.3.1/../../../../arm-none-eabi/lib/thumb/v7e-m\libc.a(lib_a-utoa.o)
                0x00405c40                __utoa
 .text.startup.register_fini
                0x00405cc0       0x14 c:/program files (x86)/atmel/studio/7.0/toolchain/arm/arm-gnu-toolchain/bin/../lib/gcc/arm-none-eabi/6.3.1/../../../../arm-none-eabi/lib/thumb/v7e-m\libc.a(lib_a-__call_atexit.o)
 .text.atexit   0x00405cd4        0xc c:/program files (x86)/atmel/studio/7.0/toolchain/arm/arm-gnu-toolchain/bin/../lib/gcc/arm-none-eabi/6.3.1/../../../../arm-none-eabi/lib/thumb/v7e-m\libc.a(lib_a-atexit.o)
                0x00405cd4                atexit
 .text.quorem   0x00405ce0      0x128 c:/program files (x86)/atmel/studio/7.0/toolchain/arm/arm-gnu-toolchain/bin/../lib/gcc/arm-none-eabi/6.3.1/../../../../arm-none-eabi/lib/thumb/v7e-m\libc.a(lib_a-dtoa.o)
 .text._dtoa_r  0x00405e08      0xe54 c:/program files (x86)/atmel/studio/7.0/toolchain/arm/arm-gnu-toolchain/bin/../lib/gcc/arm-none-eabi/6.3.1/../../../../arm-none-eabi/lib/thumb/v7e-m\libc.a(lib_a-dtoa.o)
                0x00405e08                _dtoa_r
 .text.__libc_fini_array
                0x00406c5c       0x34 c:/program files (x86)/atmel/studio/7.0/toolchain/arm/arm-gnu-toolchain/bin/../lib/gcc/arm-none-eabi/6.3.1/../../../../arm-none-eabi/lib/thumb/v7e-m\libc.a(lib_a-fini.o)
                0x00406c5c                __libc_fini_array
 .text._localeconv_r
                0x00406c90       0x1c c:/program files (x86)/atmel/studio/7.0/toolchain/arm/arm-gnu-toolchain/bin/../lib/gcc/arm-none-eabi/6.3.1/../../../../arm-none-eabi/lib/thumb/v7e-m\libc.a(lib_a-localeconv.o)
                0x00406c90                _localeconv_r
 .text.__retarget_lock_acquire_recursive
                0x00406cac        0x4 c:/program files (x86)/atmel/studio/7.0/toolchain/arm/arm-gnu-toolchain/bin/../lib/gcc/arm-none-eabi/6.3.1/../../../../arm-none-eabi/lib/thumb/v7e-m\libc.a(lib_a-lock.o)
                0x00406cac                __retarget_lock_acquire_recursive
 .text.__retarget_lock_release_recursive
                0x00406cb0        0x4 c:/program files (x86)/atmel/studio/7.0/toolchain/arm/arm-gnu-toolchain/bin/../lib/gcc/arm-none-eabi/6.3.1/../../../../arm-none-eabi/lib/thumb/v7e-m\libc.a(lib_a-lock.o)
                0x00406cb0                __retarget_lock_release_recursive
 .text._malloc_r
                0x00406cb4      0x560 c:/program files (x86)/atmel/studio/7.0/toolchain/arm/arm-gnu-toolchain/bin/../lib/gcc/arm-none-eabi/6.3.1/../../../../arm-none-eabi/lib/thumb/v7e-m\libc.a(lib_a-mallocr.o)
                0x00406cb4                _malloc_r
 *fill*         0x00407214        0xc 
 .text          0x00407220       0xa0 c:/program files (x86)/atmel/studio/7.0/toolchain/arm/arm-gnu-toolchain/bin/../lib/gcc/arm-none-eabi/6.3.1/../../../../arm-none-eabi/lib/thumb/v7e-m\libc.a(lib_a-memchr.o)
                0x00407220                memchr
 .text.memcmp   0x004072c0       0x60 c:/program files (x86)/atmel/studio/7.0/toolchain/arm/arm-gnu-toolchain/bin/../lib/gcc/arm-none-eabi/6.3.1/../../../../arm-none-eabi/lib/thumb/v7e-m\libc.a(lib_a-memcmp.o)
                0x004072c0                memcmp
 .text.__malloc_lock
                0x00407320        0xc c:/program files (x86)/atmel/studio/7.0/toolchain/arm/arm-gnu-toolchain/bin/../lib/gcc/arm-none-eabi/6.3.1/../../../../arm-none-eabi/lib/thumb/v7e-m\libc.a(lib_a-mlock.o)
                0x00407320                __malloc_lock
 .text.__malloc_unlock
                0x0040732c        0xc c:/program files (x86)/atmel/studio/7.0/toolchain/arm/arm-gnu-toolchain/bin/../lib/gcc/arm-none-eabi/6.3.1/../../../../arm-none-eabi/lib/thumb/v7e-m\libc.a(lib_a-mlock.o)
                0x0040732c                __malloc_unlock
 .text._Balloc  0x00407338       0x4c c:/program files (x86)/atmel/studio/7.0/toolchain/arm/arm-gnu-toolchain/bin/../lib/gcc/arm-none-eabi/6.3.1/../../../../arm-none-eabi/lib/thumb/v7e-m\libc.a(lib_a-mprec.o)
                0x00407338                _Balloc
 .text._Bfree   0x00407384       0x14 c:/program files (x86)/atmel/studio/7.0/toolchain/arm/arm-gnu-toolchain/bin/../lib/gcc/arm-none-eabi/6.3.1/../../../../arm-none-eabi/lib/thumb/v7e-m\libc.a(lib_a-mprec.o)
                0x00407384                _Bfree
 .text.__multadd
                0x00407398       0x80 c:/program files (x86)/atmel/studio/7.0/toolchain/arm/arm-gnu-toolchain/bin/../lib/gcc/arm-none-eabi/6.3.1/../../../../arm-none-eabi/lib/thumb/v7e-m\libc.a(lib_a-mprec.o)
                0x00407398                __multadd
 .text.__hi0bits
                0x00407418       0x40 c:/program files (x86)/atmel/studio/7.0/toolchain/arm/arm-gnu-toolchain/bin/../lib/gcc/arm-none-eabi/6.3.1/../../../../arm-none-eabi/lib/thumb/v7e-m\libc.a(lib_a-mprec.o)
                0x00407418                __hi0bits
 .text.__lo0bits
                0x00407458       0x60 c:/program files (x86)/atmel/studio/7.0/toolchain/arm/arm-gnu-toolchain/bin/../lib/gcc/arm-none-eabi/6.3.1/../../../../arm-none-eabi/lib/thumb/v7e-m\libc.a(lib_a-mprec.o)
                0x00407458                __lo0bits
 .text.__i2b    0x004074b8       0x14 c:/program files (x86)/atmel/studio/7.0/toolchain/arm/arm-gnu-toolchain/bin/../lib/gcc/arm-none-eabi/6.3.1/../../../../arm-none-eabi/lib/thumb/v7e-m\libc.a(lib_a-mprec.o)
                0x004074b8                __i2b
 .text.__multiply
                0x004074cc      0x124 c:/program files (x86)/atmel/studio/7.0/toolchain/arm/arm-gnu-toolchain/bin/../lib/gcc/arm-none-eabi/6.3.1/../../../../arm-none-eabi/lib/thumb/v7e-m\libc.a(lib_a-mprec.o)
                0x004074cc                __multiply
 .text.__pow5mult
                0x004075f0       0xa0 c:/program files (x86)/atmel/studio/7.0/toolchain/arm/arm-gnu-toolchain/bin/../lib/gcc/arm-none-eabi/6.3.1/../../../../arm-none-eabi/lib/thumb/v7e-m\libc.a(lib_a-mprec.o)
                0x004075f0                __pow5mult
 .text.__lshift
                0x00407690       0xa4 c:/program files (x86)/atmel/studio/7.0/toolchain/arm/arm-gnu-toolchain/bin/../lib/gcc/arm-none-eabi/6.3.1/../../../../arm-none-eabi/lib/thumb/v7e-m\libc.a(lib_a-mprec.o)
                0x00407690                __lshift
 .text.__mcmp   0x00407734       0x38 c:/program files (x86)/atmel/studio/7.0/toolchain/arm/arm-gnu-toolchain/bin/../lib/gcc/arm-none-eabi/6.3.1/../../../../arm-none-eabi/lib/thumb/v7e-m\libc.a(lib_a-mprec.o)
                0x00407734                __mcmp
 .text.__mdiff  0x0040776c      0x108 c:/program files (x86)/atmel/studio/7.0/toolchain/arm/arm-gnu-toolchain/bin/../lib/gcc/arm-none-eabi/6.3.1/../../../../arm-none-eabi/lib/thumb/v7e-m\libc.a(lib_a-mprec.o)
                0x0040776c                __mdiff
 .text.__d2b    0x00407874       0xb8 c:/program files (x86)/atmel/studio/7.0/toolchain/arm/arm-gnu-toolchain/bin/../lib/gcc/arm-none-eabi/6.3.1/../../../../arm-none-eabi/lib/thumb/v7e-m\libc.a(lib_a-mprec.o)
                0x00407874                __d2b
 .text._sbrk_r  0x0040792c       0x24 c:/program files (x86)/atmel/studio/7.0/toolchain/arm/arm-gnu-toolchain/bin/../lib/gcc/arm-none-eabi/6.3.1/../../../../arm-none-eabi/lib/thumb/v7e-m\libc.a(lib_a-sbrkr.o)
                0x0040792c                _sbrk_r
 .text.strchr   0x00407950       0xe8 c:/program files (x86)/atmel/studio/7.0/toolchain/arm/arm-gnu-toolchain/bin/../lib/gcc/arm-none-eabi/6.3.1/../../../../arm-none-eabi/lib/thumb/v7e-m\libc.a(lib_a-strchr.o)
                0x00407950                strchr
 .text.__ssprint_r
                0x00407a38       0xfc c:/program files (x86)/atmel/studio/7.0/toolchain/arm/arm-gnu-toolchain/bin/../lib/gcc/arm-none-eabi/6.3.1/../../../../arm-none-eabi/lib/thumb/v7e-m\libc.a(lib_a-svfiprintf.o)
                0x00407a38                __ssprint_r
 .text.__register_exitproc
                0x00407b34       0xc4 c:/program files (x86)/atmel/studio/7.0/toolchain/arm/arm-gnu-toolchain/bin/../lib/gcc/arm-none-eabi/6.3.1/../../../../arm-none-eabi/lib/thumb/v7e-m\libc.a(lib_a-__atexit.o)
                0x00407b34                __register_exitproc
 .text._calloc_r
                0x00407bf8       0x60 c:/program files (x86)/atmel/studio/7.0/toolchain/arm/arm-gnu-toolchain/bin/../lib/gcc/arm-none-eabi/6.3.1/../../../../arm-none-eabi/lib/thumb/v7e-m\libc.a(lib_a-callocr.o)
                0x00407bf8                _calloc_r
 .text._malloc_trim_r
                0x00407c58       0xa0 c:/program files (x86)/atmel/studio/7.0/toolchain/arm/arm-gnu-toolchain/bin/../lib/gcc/arm-none-eabi/6.3.1/../../../../arm-none-eabi/lib/thumb/v7e-m\libc.a(lib_a-freer.o)
                0x00407c58                _malloc_trim_r
 .text._free_r  0x00407cf8      0x1cc c:/program files (x86)/atmel/studio/7.0/toolchain/arm/arm-gnu-toolchain/bin/../lib/gcc/arm-none-eabi/6.3.1/../../../../arm-none-eabi/lib/thumb/v7e-m\libc.a(lib_a-freer.o)
                0x00407cf8                _free_r
 .text.__ascii_mbtowc
                0x00407ec4       0x2c c:/program files (x86)/atmel/studio/7.0/toolchain/arm/arm-gnu-toolchain/bin/../lib/gcc/arm-none-eabi/6.3.1/../../../../arm-none-eabi/lib/thumb/v7e-m\libc.a(lib_a-mbtowc_r.o)
                0x00407ec4                __ascii_mbtowc
 .text.memmove  0x00407ef0       0xc8 c:/program files (x86)/atmel/studio/7.0/toolchain/arm/arm-gnu-toolchain/bin/../lib/gcc/arm-none-eabi/6.3.1/../../../../arm-none-eabi/lib/thumb/v7e-m\libc.a(lib_a-memmove.o)
                0x00407ef0                memmove
 .text._realloc_r
                0x00407fb8      0x34c c:/program files (x86)/atmel/studio/7.0/toolchain/arm/arm-gnu-toolchain/bin/../lib/gcc/arm-none-eabi/6.3.1/../../../../arm-none-eabi/lib/thumb/v7e-m\libc.a(lib_a-reallocr.o)
                0x00407fb8                _realloc_r
 .text.__ascii_wctomb
                0x00408304       0x1c c:/program files (x86)/atmel/studio/7.0/toolchain/arm/arm-gnu-toolchain/bin/../lib/gcc/arm-none-eabi/6.3.1/../../../../arm-none-eabi/lib/thumb/v7e-m\libc.a(lib_a-wctomb_r.o)
                0x00408304                __ascii_wctomb
 .text          0x00408320      0x370 c:/program files (x86)/atmel/studio/7.0/toolchain/arm/arm-gnu-toolchain/bin/../lib/gcc/arm-none-eabi/6.3.1/thumb/v7e-m\libgcc.a(_arm_addsubdf3.o)
                0x00408320                __aeabi_drsub
                0x00408328                __aeabi_dsub
                0x00408328                __subdf3
                0x0040832c                __aeabi_dadd
                0x0040832c                __adddf3
                0x004085a4                __floatunsidf
                0x004085a4                __aeabi_ui2d
                0x004085c4                __floatsidf
                0x004085c4                __aeabi_i2d
                0x004085e8                __aeabi_f2d
                0x004085e8                __extendsfdf2
                0x00408624                __floatundidf
                0x00408624                __aeabi_ul2d
                0x00408634                __floatdidf
                0x00408634                __aeabi_l2d
 .text          0x00408690      0x424 c:/program files (x86)/atmel/studio/7.0/toolchain/arm/arm-gnu-toolchain/bin/../lib/gcc/arm-none-eabi/6.3.1/thumb/v7e-m\libgcc.a(_arm_muldivdf3.o)
                0x00408690                __aeabi_dmul
                0x00408690                __muldf3
                0x004088e4                __divdf3
                0x004088e4                __aeabi_ddiv
 .text          0x00408ab4      0x110 c:/program files (x86)/atmel/studio/7.0/toolchain/arm/arm-gnu-toolchain/bin/../lib/gcc/arm-none-eabi/6.3.1/thumb/v7e-m\libgcc.a(_arm_cmpdf2.o)
                0x00408ab4                __gtdf2
                0x00408ab4                __gedf2
                0x00408abc                __ltdf2
                0x00408abc                __ledf2
                0x00408ac4                __nedf2
                0x00408ac4                __eqdf2
                0x00408ac4                __cmpdf2
                0x00408b40                __aeabi_cdrcmple
                0x00408b50                __aeabi_cdcmpeq
                0x00408b50                __aeabi_cdcmple
                0x00408b60                __aeabi_dcmpeq
                0x00408b74                __aeabi_dcmplt
                0x00408b88                __aeabi_dcmple
                0x00408b9c                __aeabi_dcmpge
                0x00408bb0                __aeabi_dcmpgt
 .text          0x00408bc4       0x2c c:/program files (x86)/atmel/studio/7.0/toolchain/arm/arm-gnu-toolchain/bin/../lib/gcc/arm-none-eabi/6.3.1/thumb/v7e-m\libgcc.a(_arm_unorddf2.o)
                0x00408bc4                __unorddf2
                0x00408bc4                __aeabi_dcmpun
 .text          0x00408bf0       0x50 c:/program files (x86)/atmel/studio/7.0/toolchain/arm/arm-gnu-toolchain/bin/../lib/gcc/arm-none-eabi/6.3.1/thumb/v7e-m\libgcc.a(_arm_fixdfsi.o)
                0x00408bf0                __aeabi_d2iz
                0x00408bf0                __fixdfsi
 *(.glue_7t)
 .glue_7t       0x00408c40        0x0 linker stubs
 *(.glue_7)
 .glue_7        0x00408c40        0x0 linker stubs
 *(.rodata .rodata* .gnu.linkonce.r.*)
 .rodata.OV2640_JPEG_INIT
                0x00408c40      0x17e src/ov2640_table_registers.o
                0x00408c40                OV2640_JPEG_INIT
 *fill*         0x00408dbe        0x2 
 .rodata.OV2640_YUV422
                0x00408dc0       0x14 src/ov2640_table_registers.o
                0x00408dc0                OV2640_YUV422
 .rodata.OV2640_JPEG
                0x00408dd4       0x12 src/ov2640_table_registers.o
                0x00408dd4                OV2640_JPEG
 *fill*         0x00408de6        0x2 
 .rodata.OV2640_JPEG_320x240
                0x00408de8       0x50 src/ov2640_table_registers.o
                0x00408de8                OV2640_JPEG_320x240
 .rodata.OV2640_JPEG_640x480
                0x00408e38       0x52 src/ov2640_table_registers.o
                0x00408e38                OV2640_JPEG_640x480
 *fill*         0x00408e8a        0x2 
 .rodata.OV2640_JPEG_800x600
                0x00408e8c       0x52 src/ov2640_table_registers.o
                0x00408e8c                OV2640_JPEG_800x600
 *fill*         0x00408ede        0x2 
 .rodata.OV2640_JPEG_1024x768
                0x00408ee0       0x4e src/ov2640_table_registers.o
                0x00408ee0                OV2640_JPEG_1024x768
 *fill*         0x00408f2e        0x2 
 .rodata.OV2640_JPEG_1280x1024
                0x00408f30       0x52 src/ov2640_table_registers.o
                0x00408f30                OV2640_JPEG_1280x1024
 *fill*         0x00408f82        0x2 
 .rodata.OV2640_JPEG_1600x1200
                0x00408f84       0x52 src/ov2640_table_registers.o
                0x00408f84                OV2640_JPEG_1600x1200
 *fill*         0x00408fd6        0x2 
 .rodata.OV2640_QVGA_YUV422_10FPS
                0x00408fd8       0xf0 src/ov2640_table_registers.o
                0x00408fd8                OV2640_QVGA_YUV422_10FPS
 .rodata.OV2640_QVGA_YUV422_15FPS
                0x004090c8       0xf0 src/ov2640_table_registers.o
                0x004090c8                OV2640_QVGA_YUV422_15FPS
 .rodata.OV2640_QVGA_YUV422_20FPS
                0x004091b8       0xf0 src/ov2640_table_registers.o
                0x004091b8                OV2640_QVGA_YUV422_20FPS
 .rodata.OV2640_QVGA_YUV422_30FPS
                0x004092a8       0xf0 src/ov2640_table_registers.o
                0x004092a8                OV2640_QVGA_YUV422_30FPS
 .rodata.OV2640_QVGA_RGB888
                0x00409398       0xf4 src/ov2640_table_registers.o
                0x00409398                OV2640_QVGA_RGB888
 .rodata.OV2640_QQVGA_YUV422
                0x0040948c       0xf4 src/ov2640_table_registers.o
                0x0040948c                OV2640_QQVGA_YUV422
 .rodata.OV2640_QQVGA_RGB888
                0x00409580       0xf4 src/ov2640_table_registers.o
                0x00409580                OV2640_QQVGA_RGB888
 .rodata.OV2640_TEST_PATTERN
                0x00409674       0xf4 src/ov2640_table_registers.o
                0x00409674                OV2640_TEST_PATTERN
 .rodata.OV2640_VGA_YUV422_20FPS
                0x00409768       0xf0 src/ov2640_table_registers.o
                0x00409768                OV2640_VGA_YUV422_20FPS
 .rodata        0x00409858      0x127 src/wifi.o
 *fill*         0x0040997f        0x1 
 .rodata        0x00409980      0x13c src/main.o
 .rodata._global_impure_ptr
                0x00409abc        0x4 c:/program files (x86)/atmel/studio/7.0/toolchain/arm/arm-gnu-toolchain/bin/../lib/gcc/arm-none-eabi/6.3.1/../../../../arm-none-eabi/lib/thumb/v7e-m\libc.a(lib_a-impure.o)
                0x00409abc                _global_impure_ptr
 .rodata._svfprintf_r.str1.4
                0x00409ac0       0x42 c:/program files (x86)/atmel/studio/7.0/toolchain/arm/arm-gnu-toolchain/bin/../lib/gcc/arm-none-eabi/6.3.1/../../../../arm-none-eabi/lib/thumb/v7e-m\libc.a(lib_a-svfprintf.o)
 *fill*         0x00409b02        0x2 
 .rodata.blanks.7223
                0x00409b04       0x10 c:/program files (x86)/atmel/studio/7.0/toolchain/arm/arm-gnu-toolchain/bin/../lib/gcc/arm-none-eabi/6.3.1/../../../../arm-none-eabi/lib/thumb/v7e-m\libc.a(lib_a-svfprintf.o)
 .rodata.zeroes.7224
                0x00409b14       0x10 c:/program files (x86)/atmel/studio/7.0/toolchain/arm/arm-gnu-toolchain/bin/../lib/gcc/arm-none-eabi/6.3.1/../../../../arm-none-eabi/lib/thumb/v7e-m\libc.a(lib_a-svfprintf.o)
 .rodata.__utoa.str1.4
                0x00409b24       0x25 c:/program files (x86)/atmel/studio/7.0/toolchain/arm/arm-gnu-toolchain/bin/../lib/gcc/arm-none-eabi/6.3.1/../../../../arm-none-eabi/lib/thumb/v7e-m\libc.a(lib_a-utoa.o)
 *fill*         0x00409b49        0x3 
 .rodata._dtoa_r.str1.4
                0x00409b4c       0x10 c:/program files (x86)/atmel/studio/7.0/toolchain/arm/arm-gnu-toolchain/bin/../lib/gcc/arm-none-eabi/6.3.1/../../../../arm-none-eabi/lib/thumb/v7e-m\libc.a(lib_a-dtoa.o)
                                 0x12 (size before relaxing)
 *fill*         0x00409b5c        0x4 
 .rodata.__mprec_bigtens
                0x00409b60       0x28 c:/program files (x86)/atmel/studio/7.0/toolchain/arm/arm-gnu-toolchain/bin/../lib/gcc/arm-none-eabi/6.3.1/../../../../arm-none-eabi/lib/thumb/v7e-m\libc.a(lib_a-mprec.o)
                0x00409b60                __mprec_bigtens
 .rodata.__mprec_tens
                0x00409b88       0xc8 c:/program files (x86)/atmel/studio/7.0/toolchain/arm/arm-gnu-toolchain/bin/../lib/gcc/arm-none-eabi/6.3.1/../../../../arm-none-eabi/lib/thumb/v7e-m\libc.a(lib_a-mprec.o)
                0x00409b88                __mprec_tens
 .rodata.p05.6055
                0x00409c50        0xc c:/program files (x86)/atmel/studio/7.0/toolchain/arm/arm-gnu-toolchain/bin/../lib/gcc/arm-none-eabi/6.3.1/../../../../arm-none-eabi/lib/thumb/v7e-m\libc.a(lib_a-mprec.o)
 .rodata._setlocale_r.str1.4
                0x00409c5c        0xa c:/program files (x86)/atmel/studio/7.0/toolchain/arm/arm-gnu-toolchain/bin/../lib/gcc/arm-none-eabi/6.3.1/../../../../arm-none-eabi/lib/thumb/v7e-m\libc.a(lib_a-locale.o)
                                  0xd (size before relaxing)
 *fill*         0x00409c66        0x2 
 .rodata.str1.4
                0x00409c68        0x4 c:/program files (x86)/atmel/studio/7.0/toolchain/arm/arm-gnu-toolchain/bin/../lib/gcc/arm-none-eabi/6.3.1/../../../../arm-none-eabi/lib/thumb/v7e-m\libc.a(lib_a-locale.o)
                                  0x2 (size before relaxing)
 .rodata._ctype_
                0x00409c6c      0x101 c:/program files (x86)/atmel/studio/7.0/toolchain/arm/arm-gnu-toolchain/bin/../lib/gcc/arm-none-eabi/6.3.1/../../../../arm-none-eabi/lib/thumb/v7e-m\libc.a(lib_a-ctype_.o)
                0x00409c6c                _ctype_
 *(.ARM.extab* .gnu.linkonce.armextab.*)
                0x00409d70                . = ALIGN (0x4)
 *fill*         0x00409d6d        0x3 
 *(.init)
 .init          0x00409d70        0x4 c:/program files (x86)/atmel/studio/7.0/toolchain/arm/arm-gnu-toolchain/bin/../lib/gcc/arm-none-eabi/6.3.1/thumb/v7e-m/crti.o
                0x00409d70                _init
 .init          0x00409d74        0x8 c:/program files (x86)/atmel/studio/7.0/toolchain/arm/arm-gnu-toolchain/bin/../lib/gcc/arm-none-eabi/6.3.1/thumb/v7e-m/crtn.o
                0x00409d7c                . = ALIGN (0x4)
                0x00409d7c                __preinit_array_start = .
 *(.preinit_array)
                0x00409d7c                __preinit_array_end = .
                0x00409d7c                . = ALIGN (0x4)
                0x00409d7c                __init_array_start = .
 *(SORT(.init_array.*))
 .init_array.00000
                0x00409d7c        0x4 c:/program files (x86)/atmel/studio/7.0/toolchain/arm/arm-gnu-toolchain/bin/../lib/gcc/arm-none-eabi/6.3.1/../../../../arm-none-eabi/lib/thumb/v7e-m\libc.a(lib_a-__call_atexit.o)
 *(.init_array)
 .init_array    0x00409d80        0x4 c:/program files (x86)/atmel/studio/7.0/toolchain/arm/arm-gnu-toolchain/bin/../lib/gcc/arm-none-eabi/6.3.1/thumb/v7e-m/crtbegin.o
                0x00409d84                __init_array_end = .
                0x00409d84                . = ALIGN (0x4)
 *crtbegin.o(.ctors)
 *(EXCLUDE_FILE(*crtend.o) .ctors)
 *(SORT(.ctors.*))
 *crtend.o(.ctors)
                0x00409d84                . = ALIGN (0x4)
 *(.fini)
 .fini          0x00409d84        0x4 c:/program files (x86)/atmel/studio/7.0/toolchain/arm/arm-gnu-toolchain/bin/../lib/gcc/arm-none-eabi/6.3.1/thumb/v7e-m/crti.o
                0x00409d84                _fini
 .fini          0x00409d88        0x8 c:/program files (x86)/atmel/studio/7.0/toolchain/arm/arm-gnu-toolchain/bin/../lib/gcc/arm-none-eabi/6.3.1/thumb/v7e-m/crtn.o
                0x00409d90                . = ALIGN (0x4)
                0x00409d90                __fini_array_start = .
 *(.fini_array)
 .fini_array    0x00409d90        0x4 c:/program files (x86)/atmel/studio/7.0/toolchain/arm/arm-gnu-toolchain/bin/../lib/gcc/arm-none-eabi/6.3.1/thumb/v7e-m/crtbegin.o
 *(SORT(.fini_array.*))
                0x00409d94                __fini_array_end = .
 *crtbegin.o(.dtors)
 *(EXCLUDE_FILE(*crtend.o) .dtors)
 *(SORT(.dtors.*))
 *crtend.o(.dtors)
                0x00409d94                . = ALIGN (0x4)
                0x00409d94                _efixed = .
                [!provide]                PROVIDE (__exidx_start, .)

.vfp11_veneer   0x00409d94        0x0
 .vfp11_veneer  0x00409d94        0x0 linker stubs

.v4_bx          0x00409d94        0x0
 .v4_bx         0x00409d94        0x0 linker stubs

.iplt           0x00409d94        0x0
 .iplt          0x00409d94        0x0 c:/program files (x86)/atmel/studio/7.0/toolchain/arm/arm-gnu-toolchain/bin/../lib/gcc/arm-none-eabi/6.3.1/thumb/v7e-m/crtbegin.o

.ARM.exidx      0x00409d94        0x8
 *(.ARM.exidx* .gnu.linkonce.armexidx.*)
 .ARM.exidx     0x00409d94        0x8 c:/program files (x86)/atmel/studio/7.0/toolchain/arm/arm-gnu-toolchain/bin/../lib/gcc/arm-none-eabi/6.3.1/thumb/v7e-m\libgcc.a(_udivmoddi4.o)
                [!provide]                PROVIDE (__exidx_end, .)

.eh_frame       0x00409d9c        0x0
 .eh_frame      0x00409d9c        0x0 c:/program files (x86)/atmel/studio/7.0/toolchain/arm/arm-gnu-toolchain/bin/../lib/gcc/arm-none-eabi/6.3.1/thumb/v7e-m/crtbegin.o

.rel.dyn        0x00409d9c        0x0
 .rel.iplt      0x00409d9c        0x0 c:/program files (x86)/atmel/studio/7.0/toolchain/arm/arm-gnu-toolchain/bin/../lib/gcc/arm-none-eabi/6.3.1/thumb/v7e-m/crtbegin.o
 .rel.got       0x00409d9c        0x0 c:/program files (x86)/atmel/studio/7.0/toolchain/arm/arm-gnu-toolchain/bin/../lib/gcc/arm-none-eabi/6.3.1/thumb/v7e-m/crtbegin.o

.jcr            0x00409d9c        0x0
 .jcr           0x00409d9c        0x0 c:/program files (x86)/atmel/studio/7.0/toolchain/arm/arm-gnu-toolchain/bin/../lib/gcc/arm-none-eabi/6.3.1/thumb/v7e-m/crtbegin.o

.igot.plt       0x00409d9c        0x0
 .igot.plt      0x00409d9c        0x0 c:/program files (x86)/atmel/studio/7.0/toolchain/arm/arm-gnu-toolchain/bin/../lib/gcc/arm-none-eabi/6.3.1/thumb/v7e-m/crtbegin.o

.got            0x00409d9c      0x24c
 .got           0x00409d9c      0x24c c:/program files (x86)/atmel/studio/7.0/toolchain/arm/arm-gnu-toolchain/bin/../lib/gcc/arm-none-eabi/6.3.1/thumb/v7e-m/crtbegin.o

.got.plt        0x00409fe8        0xc
 .got.plt       0x00409fe8        0xc c:/program files (x86)/atmel/studio/7.0/toolchain/arm/arm-gnu-toolchain/bin/../lib/gcc/arm-none-eabi/6.3.1/thumb/v7e-m/crtbegin.o
                0x00409fe8                _GLOBAL_OFFSET_TABLE_
                0x00409ff4                . = ALIGN (0x4)
                0x00409ff4                _etext = .

.relocate       0x20000000      0x9c0 load address 0x00409ff4
                0x20000000                . = ALIGN (0x4)
                0x20000000                _srelocate = .
 *(.ramfunc .ramfunc.*)
 .ramfunc       0x20000000        0xa src/ASF/common/services/delay/sam/cycle_counter.o
                0x20000000                portable_delay_cycles
 *(.data .data.*)
 *fill*         0x2000000a        0x2 
 .data.SystemCoreClock
                0x2000000c        0x4 src/ASF/sam/utils/cmsis/sam4s/source/templates/system_sam4s.o
                0x2000000c                SystemCoreClock
 .data._impure_ptr
                0x20000010        0x4 c:/program files (x86)/atmel/studio/7.0/toolchain/arm/arm-gnu-toolchain/bin/../lib/gcc/arm-none-eabi/6.3.1/../../../../arm-none-eabi/lib/thumb/v7e-m\libc.a(lib_a-impure.o)
                0x20000010                _impure_ptr
 *fill*         0x20000014        0x4 
 .data.impure_data
                0x20000018      0x428 c:/program files (x86)/atmel/studio/7.0/toolchain/arm/arm-gnu-toolchain/bin/../lib/gcc/arm-none-eabi/6.3.1/../../../../arm-none-eabi/lib/thumb/v7e-m\libc.a(lib_a-impure.o)
 .data.__atexit_recursive_mutex
                0x20000440        0x4 c:/program files (x86)/atmel/studio/7.0/toolchain/arm/arm-gnu-toolchain/bin/../lib/gcc/arm-none-eabi/6.3.1/../../../../arm-none-eabi/lib/thumb/v7e-m\libc.a(lib_a-__call_atexit.o)
                0x20000440                __atexit_recursive_mutex
 .data.__malloc_av_
                0x20000444      0x408 c:/program files (x86)/atmel/studio/7.0/toolchain/arm/arm-gnu-toolchain/bin/../lib/gcc/arm-none-eabi/6.3.1/../../../../arm-none-eabi/lib/thumb/v7e-m\libc.a(lib_a-mallocr.o)
                0x20000444                __malloc_av_
 .data.__malloc_sbrk_base
                0x2000084c        0x4 c:/program files (x86)/atmel/studio/7.0/toolchain/arm/arm-gnu-toolchain/bin/../lib/gcc/arm-none-eabi/6.3.1/../../../../arm-none-eabi/lib/thumb/v7e-m\libc.a(lib_a-mallocr.o)
                0x2000084c                __malloc_sbrk_base
 .data.__malloc_trim_threshold
                0x20000850        0x4 c:/program files (x86)/atmel/studio/7.0/toolchain/arm/arm-gnu-toolchain/bin/../lib/gcc/arm-none-eabi/6.3.1/../../../../arm-none-eabi/lib/thumb/v7e-m\libc.a(lib_a-mallocr.o)
                0x20000850                __malloc_trim_threshold
 .data.__global_locale
                0x20000854      0x16c c:/program files (x86)/atmel/studio/7.0/toolchain/arm/arm-gnu-toolchain/bin/../lib/gcc/arm-none-eabi/6.3.1/../../../../arm-none-eabi/lib/thumb/v7e-m\libc.a(lib_a-locale.o)
                0x20000854                __global_locale
                0x200009c0                . = ALIGN (0x4)
                0x200009c0                _erelocate = .

.bss            0x200009c0     0x5354 load address 0x0040a9b4
                0x200009c0                . = ALIGN (0x4)
                0x200009c0                _sbss = .
                0x200009c0                _szero = .
 *(.bss .bss.*)
 .bss           0x200009c0       0x1c c:/program files (x86)/atmel/studio/7.0/toolchain/arm/arm-gnu-toolchain/bin/../lib/gcc/arm-none-eabi/6.3.1/thumb/v7e-m/crtbegin.o
 .bss.gs_interrupt_sources
                0x200009dc       0x70 src/ASF/sam/drivers/pio/pio_handler.o
 .bss.gs_ul_nb_sources
                0x20000a4c        0x4 src/ASF/sam/drivers/pio/pio_handler.o
 .bss.pio_capture_handler
                0x20000a50        0x4 src/ASF/sam/drivers/pio/pio_handler.o
 .bss.ul_reg_val.7462
                0x20000a54        0x4 src/ASF/sam/drivers/usart/usart.o
 .bss.vsync_flag
                0x20000a58        0x1 src/camera.o
                0x20000a58                vsync_flag
 *fill*         0x20000a59        0x3 
 .bss.image_length_JPEG
                0x20000a5c        0x4 src/camera.o
                0x20000a5c                image_length_JPEG
 .bss.start_image
                0x20000a60        0x4 src/camera.o
                0x20000a60                start_image
 .bss.start_image_flag
                0x20000a64        0x1 src/camera.o
                0x20000a64                start_image_flag
 *fill*         0x20000a65        0x3 
 .bss.end_image
                0x20000a68        0x4 src/camera.o
                0x20000a68                end_image
 .bss.end_image_flag
                0x20000a6c        0x1 src/camera.o
                0x20000a6c                end_image_flag
 .bss.start_transfer_flag
                0x20000a6d        0x1 src/wifi.o
                0x20000a6d                start_transfer_flag
 .bss.none_flag
                0x20000a6e        0x1 src/wifi.o
                0x20000a6e                none_flag
 .bss.closed_flag
                0x20000a6f        0x1 src/wifi.o
                0x20000a6f                closed_flag
 .bss.received_byte_wifi
                0x20000a70        0x4 src/wifi.o
                0x20000a70                received_byte_wifi
 .bss.new_rx_wifi
                0x20000a74        0x1 src/wifi.o
                0x20000a74                new_rx_wifi
 *fill*         0x20000a75        0x3 
 .bss.image_string_length
                0x20000a78        0x4 src/wifi.o
                0x20000a78                image_string_length
 .bss.input_pos_wifi
                0x20000a7c        0x4 src/wifi.o
                0x20000a7c                input_pos_wifi
 .bss.web_setup_flag
                0x20000a80        0x1 src/wifi.o
                0x20000a80                web_setup_flag
 .bss.command_received_flag
                0x20000a81        0x1 src/wifi.o
                0x20000a81                command_received_flag
 *fill*         0x20000a82        0x2 
 .bss.ul_sysclk.8771
                0x20000a84        0x4 src/wifi.o
 .bss.heap.5297
                0x20000a88        0x4 src/ASF/sam/utils/syscalls/gcc/syscalls.o
 .bss.__malloc_current_mallinfo
                0x20000a8c       0x28 c:/program files (x86)/atmel/studio/7.0/toolchain/arm/arm-gnu-toolchain/bin/../lib/gcc/arm-none-eabi/6.3.1/../../../../arm-none-eabi/lib/thumb/v7e-m\libc.a(lib_a-mallocr.o)
                0x20000a8c                __malloc_current_mallinfo
 .bss.__malloc_max_sbrked_mem
                0x20000ab4        0x4 c:/program files (x86)/atmel/studio/7.0/toolchain/arm/arm-gnu-toolchain/bin/../lib/gcc/arm-none-eabi/6.3.1/../../../../arm-none-eabi/lib/thumb/v7e-m\libc.a(lib_a-mallocr.o)
                0x20000ab4                __malloc_max_sbrked_mem
 .bss.__malloc_max_total_mem
                0x20000ab8        0x4 c:/program files (x86)/atmel/studio/7.0/toolchain/arm/arm-gnu-toolchain/bin/../lib/gcc/arm-none-eabi/6.3.1/../../../../arm-none-eabi/lib/thumb/v7e-m\libc.a(lib_a-mallocr.o)
                0x20000ab8                __malloc_max_total_mem
 .bss.__malloc_top_pad
                0x20000abc        0x4 c:/program files (x86)/atmel/studio/7.0/toolchain/arm/arm-gnu-toolchain/bin/../lib/gcc/arm-none-eabi/6.3.1/../../../../arm-none-eabi/lib/thumb/v7e-m\libc.a(lib_a-mallocr.o)
                0x20000abc                __malloc_top_pad
 *(COMMON)
 COMMON         0x20000ac0        0x4 src/ASF/sam/drivers/pio/pio.o
                0x20000ac0                pio_capture_enable_flag
 COMMON         0x20000ac4     0x5228 src/camera.o
                0x20000ac4                input_line_wifi
                0x20000eac                g_p_uc_cap_dest_buf
                0x20000eb0                image_length_JPEG_string
                0x20000ec4                cap_dest_buf
                0x20000ec8                counts
                0x20000ecc                image_buffer
 COMMON         0x20005cec       0x21 c:/program files (x86)/atmel/studio/7.0/toolchain/arm/arm-gnu-toolchain/bin/../lib/gcc/arm-none-eabi/6.3.1/../../../../arm-none-eabi/lib/thumb/v7e-m\libc.a(lib_a-lock.o)
                0x20005cec                __lock___atexit_recursive_mutex
                0x20005cf0                __lock___arc4random_mutex
                0x20005cf4                __lock___env_recursive_mutex
                0x20005cf8                __lock___sinit_recursive_mutex
                0x20005cfc                __lock___malloc_recursive_mutex
                0x20005d00                __lock___at_quick_exit_mutex
                0x20005d04                __lock___dd_hash_mutex
                0x20005d08                __lock___tz_mutex
                0x20005d0c                __lock___sfp_recursive_mutex
 *fill*         0x20005d0d        0x3 
 COMMON         0x20005d10        0x4 c:/program files (x86)/atmel/studio/7.0/toolchain/arm/arm-gnu-toolchain/bin/../lib/gcc/arm-none-eabi/6.3.1/../../../../arm-none-eabi/lib/thumb/v7e-m\libc.a(lib_a-reent.o)
                0x20005d10                errno
                0x20005d14                . = ALIGN (0x4)
                0x20005d14                _ebss = .
                0x20005d14                _ezero = .

.stack          0x20005d14     0x3004 load address 0x0040fd08
                0x20005d18                . = ALIGN (0x8)
 *fill*         0x20005d14        0x4 
                0x20005d18                _sstack = .
                0x20008d18                . = (. + __stack_size__)
 *fill*         0x20005d18     0x3000 
                0x20008d18                . = ALIGN (0x8)
                0x20008d18                _estack = .
                0x20008d18                . = ALIGN (0x4)
                0x20008d18                _end = .
OUTPUT(JRSmithFirmware.elf elf32-littlearm)

.ARM.attributes
                0x00000000       0x2a
 .ARM.attributes
                0x00000000       0x1e c:/program files (x86)/atmel/studio/7.0/toolchain/arm/arm-gnu-toolchain/bin/../lib/gcc/arm-none-eabi/6.3.1/thumb/v7e-m/crti.o
 .ARM.attributes
                0x0000001e       0x2e c:/program files (x86)/atmel/studio/7.0/toolchain/arm/arm-gnu-toolchain/bin/../lib/gcc/arm-none-eabi/6.3.1/thumb/v7e-m/crtbegin.o
 .ARM.attributes
                0x0000004c       0x2f src/ASF/sam/drivers/pio/pio_handler.o
 .ARM.attributes
                0x0000007b       0x2f src/ASF/sam/drivers/tc/tc.o
 .ARM.attributes
                0x000000aa       0x2f src/ASF/sam/drivers/twi/twi.o
 .ARM.attributes
                0x000000d9       0x2f src/ASF/sam/drivers/usart/usart.o
 .ARM.attributes
                0x00000108       0x2f src/ASF/sam/drivers/wdt/wdt.o
 .ARM.attributes
                0x00000137       0x2f src/ASF/common/services/delay/sam/cycle_counter.o
 .ARM.attributes
                0x00000166       0x2f src/ASF/common/services/clock/sam4s/sysclk.o
 .ARM.attributes
                0x00000195       0x2f src/ASF/sam/drivers/pio/pio.o
 .ARM.attributes
                0x000001c4       0x2f src/ASF/sam/drivers/pmc/pmc.o
 .ARM.attributes
                0x000001f3       0x2f src/camera.o
 .ARM.attributes
                0x00000222       0x2f src/ov2640.o
 .ARM.attributes
                0x00000251       0x2f src/ov2640_table_registers.o
 .ARM.attributes
                0x00000280       0x2f src/timer_interface.o
 .ARM.attributes
                0x000002af       0x2f src/wifi.o
 .ARM.attributes
                0x000002de       0x2f src/ASF/common/boards/user_board/init.o
 .ARM.attributes
                0x0000030d       0x2f src/ASF/sam/utils/cmsis/sam4s/source/templates/gcc/startup_sam4s.o
 .ARM.attributes
                0x0000033c       0x2f src/ASF/sam/utils/cmsis/sam4s/source/templates/system_sam4s.o
 .ARM.attributes
                0x0000036b       0x2f src/ASF/sam/utils/syscalls/gcc/syscalls.o
 .ARM.attributes
                0x0000039a       0x2f src/main.o
 .ARM.attributes
                0x000003c9       0x1e c:/program files (x86)/atmel/studio/7.0/toolchain/arm/arm-gnu-toolchain/bin/../lib/gcc/arm-none-eabi/6.3.1/thumb/v7e-m\libgcc.a(_aeabi_uldivmod.o)
 .ARM.attributes
                0x000003e7       0x2e c:/program files (x86)/atmel/studio/7.0/toolchain/arm/arm-gnu-toolchain/bin/../lib/gcc/arm-none-eabi/6.3.1/thumb/v7e-m\libgcc.a(_udivmoddi4.o)
 .ARM.attributes
                0x00000415       0x1e c:/program files (x86)/atmel/studio/7.0/toolchain/arm/arm-gnu-toolchain/bin/../lib/gcc/arm-none-eabi/6.3.1/thumb/v7e-m\libgcc.a(_dvmd_tls.o)
 .ARM.attributes
                0x00000433       0x2e c:/program files (x86)/atmel/studio/7.0/toolchain/arm/arm-gnu-toolchain/bin/../lib/gcc/arm-none-eabi/6.3.1/../../../../arm-none-eabi/lib/thumb/v7e-m\libc.a(lib_a-impure.o)
 .ARM.attributes
                0x00000461       0x2e c:/program files (x86)/atmel/studio/7.0/toolchain/arm/arm-gnu-toolchain/bin/../lib/gcc/arm-none-eabi/6.3.1/../../../../arm-none-eabi/lib/thumb/v7e-m\libc.a(lib_a-init.o)
 .ARM.attributes
                0x0000048f       0x2e c:/program files (x86)/atmel/studio/7.0/toolchain/arm/arm-gnu-toolchain/bin/../lib/gcc/arm-none-eabi/6.3.1/../../../../arm-none-eabi/lib/thumb/v7e-m\libc.a(lib_a-itoa.o)
 .ARM.attributes
                0x000004bd       0x1c c:/program files (x86)/atmel/studio/7.0/toolchain/arm/arm-gnu-toolchain/bin/../lib/gcc/arm-none-eabi/6.3.1/../../../../arm-none-eabi/lib/thumb/v7e-m\libc.a(lib_a-memcpy.o)
 .ARM.attributes
                0x000004d9       0x2e c:/program files (x86)/atmel/studio/7.0/toolchain/arm/arm-gnu-toolchain/bin/../lib/gcc/arm-none-eabi/6.3.1/../../../../arm-none-eabi/lib/thumb/v7e-m\libc.a(lib_a-memset.o)
 .ARM.attributes
                0x00000507       0x2e c:/program files (x86)/atmel/studio/7.0/toolchain/arm/arm-gnu-toolchain/bin/../lib/gcc/arm-none-eabi/6.3.1/../../../../arm-none-eabi/lib/thumb/v7e-m\libc.a(lib_a-sprintf.o)
 .ARM.attributes
                0x00000535       0x1c c:/program files (x86)/atmel/studio/7.0/toolchain/arm/arm-gnu-toolchain/bin/../lib/gcc/arm-none-eabi/6.3.1/../../../../arm-none-eabi/lib/thumb/v7e-m\libc.a(lib_a-strlen.o)
 .ARM.attributes
                0x00000551       0x2e c:/program files (x86)/atmel/studio/7.0/toolchain/arm/arm-gnu-toolchain/bin/../lib/gcc/arm-none-eabi/6.3.1/../../../../arm-none-eabi/lib/thumb/v7e-m\libc.a(lib_a-strstr.o)
 .ARM.attributes
                0x0000057f       0x2e c:/program files (x86)/atmel/studio/7.0/toolchain/arm/arm-gnu-toolchain/bin/../lib/gcc/arm-none-eabi/6.3.1/../../../../arm-none-eabi/lib/thumb/v7e-m\libc.a(lib_a-svfprintf.o)
 .ARM.attributes
                0x000005ad       0x2e c:/program files (x86)/atmel/studio/7.0/toolchain/arm/arm-gnu-toolchain/bin/../lib/gcc/arm-none-eabi/6.3.1/../../../../arm-none-eabi/lib/thumb/v7e-m\libc.a(lib_a-utoa.o)
 .ARM.attributes
                0x000005db       0x2e c:/program files (x86)/atmel/studio/7.0/toolchain/arm/arm-gnu-toolchain/bin/../lib/gcc/arm-none-eabi/6.3.1/../../../../arm-none-eabi/lib/thumb/v7e-m\libc.a(lib_a-__call_atexit.o)
 .ARM.attributes
                0x00000609       0x2e c:/program files (x86)/atmel/studio/7.0/toolchain/arm/arm-gnu-toolchain/bin/../lib/gcc/arm-none-eabi/6.3.1/../../../../arm-none-eabi/lib/thumb/v7e-m\libc.a(lib_a-atexit.o)
 .ARM.attributes
                0x00000637       0x2e c:/program files (x86)/atmel/studio/7.0/toolchain/arm/arm-gnu-toolchain/bin/../lib/gcc/arm-none-eabi/6.3.1/../../../../arm-none-eabi/lib/thumb/v7e-m\libc.a(lib_a-dtoa.o)
 .ARM.attributes
                0x00000665       0x2e c:/program files (x86)/atmel/studio/7.0/toolchain/arm/arm-gnu-toolchain/bin/../lib/gcc/arm-none-eabi/6.3.1/../../../../arm-none-eabi/lib/thumb/v7e-m\libc.a(lib_a-fini.o)
 .ARM.attributes
                0x00000693       0x2e c:/program files (x86)/atmel/studio/7.0/toolchain/arm/arm-gnu-toolchain/bin/../lib/gcc/arm-none-eabi/6.3.1/../../../../arm-none-eabi/lib/thumb/v7e-m\libc.a(lib_a-localeconv.o)
 .ARM.attributes
                0x000006c1       0x2e c:/program files (x86)/atmel/studio/7.0/toolchain/arm/arm-gnu-toolchain/bin/../lib/gcc/arm-none-eabi/6.3.1/../../../../arm-none-eabi/lib/thumb/v7e-m\libc.a(lib_a-lock.o)
 .ARM.attributes
                0x000006ef       0x2e c:/program files (x86)/atmel/studio/7.0/toolchain/arm/arm-gnu-toolchain/bin/../lib/gcc/arm-none-eabi/6.3.1/../../../../arm-none-eabi/lib/thumb/v7e-m\libc.a(lib_a-mallocr.o)
 .ARM.attributes
                0x0000071d       0x1c c:/program files (x86)/atmel/studio/7.0/toolchain/arm/arm-gnu-toolchain/bin/../lib/gcc/arm-none-eabi/6.3.1/../../../../arm-none-eabi/lib/thumb/v7e-m\libc.a(lib_a-memchr.o)
 .ARM.attributes
                0x00000739       0x2e c:/program files (x86)/atmel/studio/7.0/toolchain/arm/arm-gnu-toolchain/bin/../lib/gcc/arm-none-eabi/6.3.1/../../../../arm-none-eabi/lib/thumb/v7e-m\libc.a(lib_a-memcmp.o)
 .ARM.attributes
                0x00000767       0x2e c:/program files (x86)/atmel/studio/7.0/toolchain/arm/arm-gnu-toolchain/bin/../lib/gcc/arm-none-eabi/6.3.1/../../../../arm-none-eabi/lib/thumb/v7e-m\libc.a(lib_a-mlock.o)
 .ARM.attributes
                0x00000795       0x2e c:/program files (x86)/atmel/studio/7.0/toolchain/arm/arm-gnu-toolchain/bin/../lib/gcc/arm-none-eabi/6.3.1/../../../../arm-none-eabi/lib/thumb/v7e-m\libc.a(lib_a-mprec.o)
 .ARM.attributes
                0x000007c3       0x2e c:/program files (x86)/atmel/studio/7.0/toolchain/arm/arm-gnu-toolchain/bin/../lib/gcc/arm-none-eabi/6.3.1/../../../../arm-none-eabi/lib/thumb/v7e-m\libc.a(lib_a-sbrkr.o)
 .ARM.attributes
                0x000007f1       0x2e c:/program files (x86)/atmel/studio/7.0/toolchain/arm/arm-gnu-toolchain/bin/../lib/gcc/arm-none-eabi/6.3.1/../../../../arm-none-eabi/lib/thumb/v7e-m\libc.a(lib_a-strchr.o)
 .ARM.attributes
                0x0000081f       0x2e c:/program files (x86)/atmel/studio/7.0/toolchain/arm/arm-gnu-toolchain/bin/../lib/gcc/arm-none-eabi/6.3.1/../../../../arm-none-eabi/lib/thumb/v7e-m\libc.a(lib_a-svfiprintf.o)
 .ARM.attributes
                0x0000084d       0x2e c:/program files (x86)/atmel/studio/7.0/toolchain/arm/arm-gnu-toolchain/bin/../lib/gcc/arm-none-eabi/6.3.1/../../../../arm-none-eabi/lib/thumb/v7e-m\libc.a(lib_a-__atexit.o)
 .ARM.attributes
                0x0000087b       0x2e c:/program files (x86)/atmel/studio/7.0/toolchain/arm/arm-gnu-toolchain/bin/../lib/gcc/arm-none-eabi/6.3.1/../../../../arm-none-eabi/lib/thumb/v7e-m\libc.a(lib_a-callocr.o)
 .ARM.attributes
                0x000008a9       0x2e c:/program files (x86)/atmel/studio/7.0/toolchain/arm/arm-gnu-toolchain/bin/../lib/gcc/arm-none-eabi/6.3.1/../../../../arm-none-eabi/lib/thumb/v7e-m\libc.a(lib_a-freer.o)
 .ARM.attributes
                0x000008d7       0x2e c:/program files (x86)/atmel/studio/7.0/toolchain/arm/arm-gnu-toolchain/bin/../lib/gcc/arm-none-eabi/6.3.1/../../../../arm-none-eabi/lib/thumb/v7e-m\libc.a(lib_a-locale.o)
 .ARM.attributes
                0x00000905       0x2e c:/program files (x86)/atmel/studio/7.0/toolchain/arm/arm-gnu-toolchain/bin/../lib/gcc/arm-none-eabi/6.3.1/../../../../arm-none-eabi/lib/thumb/v7e-m\libc.a(lib_a-mbtowc_r.o)
 .ARM.attributes
                0x00000933       0x2e c:/program files (x86)/atmel/studio/7.0/toolchain/arm/arm-gnu-toolchain/bin/../lib/gcc/arm-none-eabi/6.3.1/../../../../arm-none-eabi/lib/thumb/v7e-m\libc.a(lib_a-memmove.o)
 .ARM.attributes
                0x00000961       0x2e c:/program files (x86)/atmel/studio/7.0/toolchain/arm/arm-gnu-toolchain/bin/../lib/gcc/arm-none-eabi/6.3.1/../../../../arm-none-eabi/lib/thumb/v7e-m\libc.a(lib_a-reallocr.o)
 .ARM.attributes
                0x0000098f       0x2e c:/program files (x86)/atmel/studio/7.0/toolchain/arm/arm-gnu-toolchain/bin/../lib/gcc/arm-none-eabi/6.3.1/../../../../arm-none-eabi/lib/thumb/v7e-m\libc.a(lib_a-reent.o)
 .ARM.attributes
                0x000009bd       0x2e c:/program files (x86)/atmel/studio/7.0/toolchain/arm/arm-gnu-toolchain/bin/../lib/gcc/arm-none-eabi/6.3.1/../../../../arm-none-eabi/lib/thumb/v7e-m\libc.a(lib_a-wctomb_r.o)
 .ARM.attributes
                0x000009eb       0x2e c:/program files (x86)/atmel/studio/7.0/toolchain/arm/arm-gnu-toolchain/bin/../lib/gcc/arm-none-eabi/6.3.1/../../../../arm-none-eabi/lib/thumb/v7e-m\libc.a(lib_a-ctype_.o)
 .ARM.attributes
                0x00000a19       0x1e c:/program files (x86)/atmel/studio/7.0/toolchain/arm/arm-gnu-toolchain/bin/../lib/gcc/arm-none-eabi/6.3.1/thumb/v7e-m\libgcc.a(_arm_addsubdf3.o)
 .ARM.attributes
                0x00000a37       0x1e c:/program files (x86)/atmel/studio/7.0/toolchain/arm/arm-gnu-toolchain/bin/../lib/gcc/arm-none-eabi/6.3.1/thumb/v7e-m\libgcc.a(_arm_muldivdf3.o)
 .ARM.attributes
                0x00000a55       0x1e c:/program files (x86)/atmel/studio/7.0/toolchain/arm/arm-gnu-toolchain/bin/../lib/gcc/arm-none-eabi/6.3.1/thumb/v7e-m\libgcc.a(_arm_cmpdf2.o)
 .ARM.attributes
                0x00000a73       0x1e c:/program files (x86)/atmel/studio/7.0/toolchain/arm/arm-gnu-toolchain/bin/../lib/gcc/arm-none-eabi/6.3.1/thumb/v7e-m\libgcc.a(_arm_unorddf2.o)
 .ARM.attributes
                0x00000a91       0x1e c:/program files (x86)/atmel/studio/7.0/toolchain/arm/arm-gnu-toolchain/bin/../lib/gcc/arm-none-eabi/6.3.1/thumb/v7e-m\libgcc.a(_arm_fixdfsi.o)
 .ARM.attributes
                0x00000aaf       0x1e c:/program files (x86)/atmel/studio/7.0/toolchain/arm/arm-gnu-toolchain/bin/../lib/gcc/arm-none-eabi/6.3.1/thumb/v7e-m/crtn.o

.comment        0x00000000       0x59
 .comment       0x00000000       0x59 src/ASF/sam/drivers/pio/pio_handler.o
                                 0x5a (size before relaxing)
 .comment       0x00000059       0x5a src/ASF/sam/drivers/tc/tc.o
 .comment       0x00000059       0x5a src/ASF/sam/drivers/twi/twi.o
 .comment       0x00000059       0x5a src/ASF/sam/drivers/usart/usart.o
 .comment       0x00000059       0x5a src/ASF/sam/drivers/wdt/wdt.o
 .comment       0x00000059       0x5a src/ASF/common/services/delay/sam/cycle_counter.o
 .comment       0x00000059       0x5a src/ASF/common/services/clock/sam4s/sysclk.o
 .comment       0x00000059       0x5a src/ASF/sam/drivers/pio/pio.o
 .comment       0x00000059       0x5a src/ASF/sam/drivers/pmc/pmc.o
 .comment       0x00000059       0x5a src/camera.o
 .comment       0x00000059       0x5a src/ov2640.o
 .comment       0x00000059       0x5a src/ov2640_table_registers.o
 .comment       0x00000059       0x5a src/timer_interface.o
 .comment       0x00000059       0x5a src/wifi.o
 .comment       0x00000059       0x5a src/ASF/common/boards/user_board/init.o
 .comment       0x00000059       0x5a src/ASF/sam/utils/cmsis/sam4s/source/templates/gcc/startup_sam4s.o
 .comment       0x00000059       0x5a src/ASF/sam/utils/cmsis/sam4s/source/templates/system_sam4s.o
 .comment       0x00000059       0x5a src/ASF/sam/utils/syscalls/gcc/syscalls.o
 .comment       0x00000059       0x5a src/main.o

.debug_info     0x00000000    0x178b9
 .debug_info    0x00000000     0x17aa src/ASF/sam/drivers/pio/pio_handler.o
 .debug_info    0x000017aa     0x1255 src/ASF/sam/drivers/tc/tc.o
 .debug_info    0x000029ff     0x137e src/ASF/sam/drivers/twi/twi.o
 .debug_info    0x00003d7d     0x1e90 src/ASF/sam/drivers/usart/usart.o
 .debug_info    0x00005c0d      0xbe3 src/ASF/sam/drivers/wdt/wdt.o
 .debug_info    0x000067f0      0xa45 src/ASF/common/services/delay/sam/cycle_counter.o
 .debug_info    0x00007235     0x1195 src/ASF/common/services/clock/sam4s/sysclk.o
 .debug_info    0x000083ca     0x1d8d src/ASF/sam/drivers/pio/pio.o
 .debug_info    0x0000a157     0x1a11 src/ASF/sam/drivers/pmc/pmc.o
 .debug_info    0x0000bb68     0x2106 src/camera.o
 .debug_info    0x0000dc6e     0x1b70 src/ov2640.o
 .debug_info    0x0000f7de      0xcd5 src/ov2640_table_registers.o
 .debug_info    0x000104b3     0x10b3 src/timer_interface.o
 .debug_info    0x00011566     0x1e0f src/wifi.o
 .debug_info    0x00013375     0x138f src/ASF/common/boards/user_board/init.o
 .debug_info    0x00014704      0x6e9 src/ASF/sam/utils/cmsis/sam4s/source/templates/gcc/startup_sam4s.o
 .debug_info    0x00014ded      0x45c src/ASF/sam/utils/cmsis/sam4s/source/templates/system_sam4s.o
 .debug_info    0x00015249      0xdbc src/ASF/sam/utils/syscalls/gcc/syscalls.o
 .debug_info    0x00016005     0x18b4 src/main.o

.debug_abbrev   0x00000000     0x2f3c
 .debug_abbrev  0x00000000      0x2c9 src/ASF/sam/drivers/pio/pio_handler.o
 .debug_abbrev  0x000002c9      0x24a src/ASF/sam/drivers/tc/tc.o
 .debug_abbrev  0x00000513      0x280 src/ASF/sam/drivers/twi/twi.o
 .debug_abbrev  0x00000793      0x2c1 src/ASF/sam/drivers/usart/usart.o
 .debug_abbrev  0x00000a54      0x207 src/ASF/sam/drivers/wdt/wdt.o
 .debug_abbrev  0x00000c5b      0x1b3 src/ASF/common/services/delay/sam/cycle_counter.o
 .debug_abbrev  0x00000e0e      0x27b src/ASF/common/services/clock/sam4s/sysclk.o
 .debug_abbrev  0x00001089      0x296 src/ASF/sam/drivers/pio/pio.o
 .debug_abbrev  0x0000131f      0x2b8 src/ASF/sam/drivers/pmc/pmc.o
 .debug_abbrev  0x000015d7      0x32f src/camera.o
 .debug_abbrev  0x00001906      0x338 src/ov2640.o
 .debug_abbrev  0x00001c3e      0x1c4 src/ov2640_table_registers.o
 .debug_abbrev  0x00001e02      0x298 src/timer_interface.o
 .debug_abbrev  0x0000209a      0x334 src/wifi.o
 .debug_abbrev  0x000023ce      0x32f src/ASF/common/boards/user_board/init.o
 .debug_abbrev  0x000026fd      0x17c src/ASF/sam/utils/cmsis/sam4s/source/templates/gcc/startup_sam4s.o
 .debug_abbrev  0x00002879      0x102 src/ASF/sam/utils/cmsis/sam4s/source/templates/system_sam4s.o
 .debug_abbrev  0x0000297b      0x22a src/ASF/sam/utils/syscalls/gcc/syscalls.o
 .debug_abbrev  0x00002ba5      0x397 src/main.o

.debug_loc      0x00000000     0x6f84
 .debug_loc     0x00000000      0x364 src/ASF/sam/drivers/pio/pio_handler.o
 .debug_loc     0x00000364      0x844 src/ASF/sam/drivers/tc/tc.o
 .debug_loc     0x00000ba8      0x7ac src/ASF/sam/drivers/twi/twi.o
 .debug_loc     0x00001354     0x17d4 src/ASF/sam/drivers/usart/usart.o
 .debug_loc     0x00002b28      0x228 src/ASF/sam/drivers/wdt/wdt.o
 .debug_loc     0x00002d50      0x424 src/ASF/common/services/clock/sam4s/sysclk.o
 .debug_loc     0x00003174     0x1174 src/ASF/sam/drivers/pio/pio.o
 .debug_loc     0x000042e8     0x1468 src/ASF/sam/drivers/pmc/pmc.o
 .debug_loc     0x00005750      0x4e8 src/camera.o
 .debug_loc     0x00005c38      0x5c4 src/ov2640.o
 .debug_loc     0x000061fc      0x1b0 src/timer_interface.o
 .debug_loc     0x000063ac      0x48a src/wifi.o
 .debug_loc     0x00006836      0x160 src/ASF/common/boards/user_board/init.o
 .debug_loc     0x00006996       0x64 src/ASF/sam/utils/cmsis/sam4s/source/templates/gcc/startup_sam4s.o
 .debug_loc     0x000069fa       0xe4 src/ASF/sam/utils/cmsis/sam4s/source/templates/system_sam4s.o
 .debug_loc     0x00006ade      0x300 src/ASF/sam/utils/syscalls/gcc/syscalls.o
 .debug_loc     0x00006dde      0x1a6 src/main.o

.debug_aranges  0x00000000      0xc60
 .debug_aranges
                0x00000000       0x70 src/ASF/sam/drivers/pio/pio_handler.o
 .debug_aranges
                0x00000070       0xd0 src/ASF/sam/drivers/tc/tc.o
 .debug_aranges
                0x00000140       0xc8 src/ASF/sam/drivers/twi/twi.o
 .debug_aranges
                0x00000208      0x238 src/ASF/sam/drivers/usart/usart.o
 .debug_aranges
                0x00000440       0x48 src/ASF/sam/drivers/wdt/wdt.o
 .debug_aranges
                0x00000488       0x20 src/ASF/common/services/delay/sam/cycle_counter.o
 .debug_aranges
                0x000004a8       0x88 src/ASF/common/services/clock/sam4s/sysclk.o
 .debug_aranges
                0x00000530      0x1a8 src/ASF/sam/drivers/pio/pio.o
 .debug_aranges
                0x000006d8      0x208 src/ASF/sam/drivers/pmc/pmc.o
 .debug_aranges
                0x000008e0       0x98 src/camera.o
 .debug_aranges
                0x00000978       0xb0 src/ov2640.o
 .debug_aranges
                0x00000a28       0x18 src/ov2640_table_registers.o
 .debug_aranges
                0x00000a40       0x48 src/timer_interface.o
 .debug_aranges
                0x00000a88       0x98 src/wifi.o
 .debug_aranges
                0x00000b20       0x40 src/ASF/common/boards/user_board/init.o
 .debug_aranges
                0x00000b60       0x28 src/ASF/sam/utils/cmsis/sam4s/source/templates/gcc/startup_sam4s.o
 .debug_aranges
                0x00000b88       0x30 src/ASF/sam/utils/cmsis/sam4s/source/templates/system_sam4s.o
 .debug_aranges
                0x00000bb8       0x60 src/ASF/sam/utils/syscalls/gcc/syscalls.o
 .debug_aranges
                0x00000c18       0x48 src/main.o

.debug_ranges   0x00000000      0xb58
 .debug_ranges  0x00000000       0x60 src/ASF/sam/drivers/pio/pio_handler.o
 .debug_ranges  0x00000060       0xc0 src/ASF/sam/drivers/tc/tc.o
 .debug_ranges  0x00000120       0xb8 src/ASF/sam/drivers/twi/twi.o
 .debug_ranges  0x000001d8      0x228 src/ASF/sam/drivers/usart/usart.o
 .debug_ranges  0x00000400       0x38 src/ASF/sam/drivers/wdt/wdt.o
 .debug_ranges  0x00000438       0x10 src/ASF/common/services/delay/sam/cycle_counter.o
 .debug_ranges  0x00000448       0x78 src/ASF/common/services/clock/sam4s/sysclk.o
 .debug_ranges  0x000004c0      0x198 src/ASF/sam/drivers/pio/pio.o
 .debug_ranges  0x00000658      0x1f8 src/ASF/sam/drivers/pmc/pmc.o
 .debug_ranges  0x00000850       0x88 src/camera.o
 .debug_ranges  0x000008d8       0xa0 src/ov2640.o
 .debug_ranges  0x00000978       0x38 src/timer_interface.o
 .debug_ranges  0x000009b0       0x88 src/wifi.o
 .debug_ranges  0x00000a38       0x48 src/ASF/common/boards/user_board/init.o
 .debug_ranges  0x00000a80       0x18 src/ASF/sam/utils/cmsis/sam4s/source/templates/gcc/startup_sam4s.o
 .debug_ranges  0x00000a98       0x20 src/ASF/sam/utils/cmsis/sam4s/source/templates/system_sam4s.o
 .debug_ranges  0x00000ab8       0x50 src/ASF/sam/utils/syscalls/gcc/syscalls.o
 .debug_ranges  0x00000b08       0x50 src/main.o

.debug_macro    0x00000000     0x78a7
 .debug_macro   0x00000000      0x4fd src/ASF/sam/drivers/pio/pio_handler.o
 .debug_macro   0x000004fd       0x8e src/ASF/sam/drivers/pio/pio_handler.o
 .debug_macro   0x0000058b      0x4f4 src/ASF/sam/drivers/tc/tc.o
 .debug_macro   0x00000a7f       0x52 src/ASF/sam/drivers/tc/tc.o
 .debug_macro   0x00000ad1       0x8d src/ASF/sam/drivers/tc/tc.o
 .debug_macro   0x00000b5e       0x16 src/ASF/sam/drivers/tc/tc.o
 .debug_macro   0x00000b74       0x57 src/ASF/sam/drivers/tc/tc.o
 .debug_macro   0x00000bcb       0x1c src/ASF/sam/drivers/tc/tc.o
 .debug_macro   0x00000be7      0x517 src/ASF/sam/drivers/twi/twi.o
 .debug_macro   0x000010fe       0x46 src/ASF/sam/drivers/twi/twi.o
 .debug_macro   0x00001144      0x523 src/ASF/sam/drivers/usart/usart.o
 .debug_macro   0x00001667       0x28 src/ASF/sam/drivers/usart/usart.o
 .debug_macro   0x0000168f      0x500 src/ASF/sam/drivers/wdt/wdt.o
 .debug_macro   0x00001b8f      0x4ed src/ASF/common/services/delay/sam/cycle_counter.o
 .debug_macro   0x0000207c       0x22 src/ASF/common/services/delay/sam/cycle_counter.o
 .debug_macro   0x0000209e      0x558 src/ASF/common/services/clock/sam4s/sysclk.o
 .debug_macro   0x000025f6      0x2c0 src/ASF/common/services/clock/sam4s/sysclk.o
 .debug_macro   0x000028b6      0x4f3 src/ASF/sam/drivers/pio/pio.o
 .debug_macro   0x00002da9      0x4f3 src/ASF/sam/drivers/pmc/pmc.o
 .debug_macro   0x0000329c       0x52 src/ASF/sam/drivers/pmc/pmc.o
 .debug_macro   0x000032ee      0x6bb src/camera.o
 .debug_macro   0x000039a9       0x28 src/camera.o
 .debug_macro   0x000039d1       0x23 src/camera.o
 .debug_macro   0x000039f4       0x94 src/camera.o
 .debug_macro   0x00003a88       0x40 src/camera.o
 .debug_macro   0x00003ac8       0x88 src/camera.o
 .debug_macro   0x00003b50       0x4c src/camera.o
 .debug_macro   0x00003b9c       0x10 src/camera.o
 .debug_macro   0x00003bac       0x16 src/camera.o
 .debug_macro   0x00003bc2       0x10 src/camera.o
 .debug_macro   0x00003bd2       0x16 src/camera.o
 .debug_macro   0x00003be8       0x10 src/camera.o
 .debug_macro   0x00003bf8       0xca src/camera.o
 .debug_macro   0x00003cc2      0x403 src/camera.o
 .debug_macro   0x000040c5      0x166 src/camera.o
 .debug_macro   0x0000422b      0x69d src/ov2640.o
 .debug_macro   0x000048c8      0x3fd src/ov2640.o
 .debug_macro   0x00004cc5      0x676 src/ov2640_table_registers.o
 .debug_macro   0x0000533b      0x694 src/timer_interface.o
 .debug_macro   0x000059cf      0x6bc src/wifi.o
 .debug_macro   0x0000608b      0x65f src/ASF/common/boards/user_board/init.o
 .debug_macro   0x000066ea      0x2df src/ASF/sam/utils/cmsis/sam4s/source/templates/gcc/startup_sam4s.o
 .debug_macro   0x000069c9      0x2e7 src/ASF/sam/utils/cmsis/sam4s/source/templates/system_sam4s.o
 .debug_macro   0x00006cb0      0x1d6 src/ASF/sam/utils/syscalls/gcc/syscalls.o
 .debug_macro   0x00006e86       0x97 src/ASF/sam/utils/syscalls/gcc/syscalls.o
 .debug_macro   0x00006f1d       0xf6 src/ASF/sam/utils/syscalls/gcc/syscalls.o
 .debug_macro   0x00007013       0x4c src/ASF/sam/utils/syscalls/gcc/syscalls.o
 .debug_macro   0x0000705f       0x16 src/ASF/sam/utils/syscalls/gcc/syscalls.o
 .debug_macro   0x00007075       0x10 src/ASF/sam/utils/syscalls/gcc/syscalls.o
 .debug_macro   0x00007085       0x10 src/ASF/sam/utils/syscalls/gcc/syscalls.o
 .debug_macro   0x00007095       0x35 src/ASF/sam/utils/syscalls/gcc/syscalls.o
 .debug_macro   0x000070ca      0x122 src/ASF/sam/utils/syscalls/gcc/syscalls.o
 .debug_macro   0x000071ec      0x6bb src/main.o

.debug_line     0x00000000     0xf818
 .debug_line    0x00000000      0xb2f src/ASF/sam/drivers/pio/pio_handler.o
 .debug_line    0x00000b2f      0xbcd src/ASF/sam/drivers/tc/tc.o
 .debug_line    0x000016fc      0xc79 src/ASF/sam/drivers/twi/twi.o
 .debug_line    0x00002375     0x1001 src/ASF/sam/drivers/usart/usart.o
 .debug_line    0x00003376      0xa7b src/ASF/sam/drivers/wdt/wdt.o
 .debug_line    0x00003df1      0xa2e src/ASF/common/services/delay/sam/cycle_counter.o
 .debug_line    0x0000481f      0xc78 src/ASF/common/services/clock/sam4s/sysclk.o
 .debug_line    0x00005497      0xe47 src/ASF/sam/drivers/pio/pio.o
 .debug_line    0x000062de     0x1030 src/ASF/sam/drivers/pmc/pmc.o
 .debug_line    0x0000730e     0x10db src/camera.o
 .debug_line    0x000083e9     0x1187 src/ov2640.o
 .debug_line    0x00009570      0xead src/ov2640_table_registers.o
 .debug_line    0x0000a41d      0xf5f src/timer_interface.o
 .debug_line    0x0000b37c     0x10b7 src/wifi.o
 .debug_line    0x0000c433      0xf4f src/ASF/common/boards/user_board/init.o
 .debug_line    0x0000d382      0x819 src/ASF/sam/utils/cmsis/sam4s/source/templates/gcc/startup_sam4s.o
 .debug_line    0x0000db9b      0x858 src/ASF/sam/utils/cmsis/sam4s/source/templates/system_sam4s.o
 .debug_line    0x0000e3f3      0x417 src/ASF/sam/utils/syscalls/gcc/syscalls.o
 .debug_line    0x0000e80a     0x100e src/main.o

.debug_str      0x00000000    0x4f3c3
 .debug_str     0x00000000    0x47f41 src/ASF/sam/drivers/pio/pio_handler.o
                              0x483be (size before relaxing)
 .debug_str     0x00047f41      0x396 src/ASF/sam/drivers/tc/tc.o
                              0x47c19 (size before relaxing)
 .debug_str     0x000482d7      0x51e src/ASF/sam/drivers/twi/twi.o
                              0x47df9 (size before relaxing)
 .debug_str     0x000487f5      0x951 src/ASF/sam/drivers/usart/usart.o
                              0x482b3 (size before relaxing)
 .debug_str     0x00049146      0x135 src/ASF/sam/drivers/wdt/wdt.o
                              0x479b5 (size before relaxing)
 .debug_str     0x0004927b      0x1a9 src/ASF/common/services/delay/sam/cycle_counter.o
                              0x47a2e (size before relaxing)
 .debug_str     0x00049424     0x165d src/ASF/common/services/clock/sam4s/sysclk.o
                              0x48f72 (size before relaxing)
 .debug_str     0x0004aa81      0x498 src/ASF/sam/drivers/pio/pio.o
                              0x484ce (size before relaxing)
 .debug_str     0x0004af19      0x5cf src/ASF/sam/drivers/pmc/pmc.o
                              0x4832c (size before relaxing)
 .debug_str     0x0004b4e8     0x2d43 src/camera.o
                              0x4c94c (size before relaxing)
 .debug_str     0x0004e22b      0x1bb src/ov2640.o
                              0x4b9a9 (size before relaxing)
 .debug_str     0x0004e3e6       0x20 src/ov2640_table_registers.o
                              0x4b15e (size before relaxing)
 .debug_str     0x0004e406       0x3a src/timer_interface.o
                              0x49f17 (size before relaxing)
 .debug_str     0x0004e440      0x1b3 src/wifi.o
                              0x4c864 (size before relaxing)
 .debug_str     0x0004e5f3      0x150 src/ASF/common/boards/user_board/init.o
                              0x49f15 (size before relaxing)
 .debug_str     0x0004e743      0x428 src/ASF/sam/utils/cmsis/sam4s/source/templates/gcc/startup_sam4s.o
                              0x37f4f (size before relaxing)
 .debug_str     0x0004eb6b       0xb9 src/ASF/sam/utils/cmsis/sam4s/source/templates/system_sam4s.o
                              0x37cee (size before relaxing)
 .debug_str     0x0004ec24      0x768 src/ASF/sam/utils/syscalls/gcc/syscalls.o
                               0x749b (size before relaxing)
 .debug_str     0x0004f38c       0x37 src/main.o
                              0x4c3b7 (size before relaxing)

.debug_frame    0x00000000     0x41cc
 .debug_frame   0x00000000      0x1b0 src/ASF/sam/drivers/pio/pio_handler.o
 .debug_frame   0x000001b0      0x3a8 src/ASF/sam/drivers/tc/tc.o
 .debug_frame   0x00000558      0x374 src/ASF/sam/drivers/twi/twi.o
 .debug_frame   0x000008cc      0xa98 src/ASF/sam/drivers/usart/usart.o
 .debug_frame   0x00001364      0x100 src/ASF/sam/drivers/wdt/wdt.o
 .debug_frame   0x00001464       0x20 src/ASF/common/services/delay/sam/cycle_counter.o
 .debug_frame   0x00001484      0x208 src/ASF/common/services/clock/sam4s/sysclk.o
 .debug_frame   0x0000168c      0x7d4 src/ASF/sam/drivers/pio/pio.o
 .debug_frame   0x00001e60      0x920 src/ASF/sam/drivers/pmc/pmc.o
 .debug_frame   0x00002780      0x274 src/camera.o
 .debug_frame   0x000029f4      0x2dc src/ov2640.o
 .debug_frame   0x00002cd0       0xe8 src/timer_interface.o
 .debug_frame   0x00002db8      0x270 src/wifi.o
 .debug_frame   0x00003028       0xbc src/ASF/common/boards/user_board/init.o
 .debug_frame   0x000030e4       0x48 src/ASF/sam/utils/cmsis/sam4s/source/templates/gcc/startup_sam4s.o
 .debug_frame   0x0000312c       0x78 src/ASF/sam/utils/cmsis/sam4s/source/templates/system_sam4s.o
 .debug_frame   0x000031a4      0x164 src/ASF/sam/utils/syscalls/gcc/syscalls.o
 .debug_frame   0x00003308       0xec src/main.o
 .debug_frame   0x000033f4       0x2c c:/program files (x86)/atmel/studio/7.0/toolchain/arm/arm-gnu-toolchain/bin/../lib/gcc/arm-none-eabi/6.3.1/thumb/v7e-m\libgcc.a(_aeabi_uldivmod.o)
 .debug_frame   0x00003420       0x34 c:/program files (x86)/atmel/studio/7.0/toolchain/arm/arm-gnu-toolchain/bin/../lib/gcc/arm-none-eabi/6.3.1/thumb/v7e-m\libgcc.a(_udivmoddi4.o)
 .debug_frame   0x00003454       0x2c c:/program files (x86)/atmel/studio/7.0/toolchain/arm/arm-gnu-toolchain/bin/../lib/gcc/arm-none-eabi/6.3.1/../../../../arm-none-eabi/lib/thumb/v7e-m\libc.a(lib_a-init.o)
 .debug_frame   0x00003480       0x3c c:/program files (x86)/atmel/studio/7.0/toolchain/arm/arm-gnu-toolchain/bin/../lib/gcc/arm-none-eabi/6.3.1/../../../../arm-none-eabi/lib/thumb/v7e-m\libc.a(lib_a-itoa.o)
 .debug_frame   0x000034bc       0x34 c:/program files (x86)/atmel/studio/7.0/toolchain/arm/arm-gnu-toolchain/bin/../lib/gcc/arm-none-eabi/6.3.1/../../../../arm-none-eabi/lib/thumb/v7e-m\libc.a(lib_a-memset.o)
 .debug_frame   0x000034f0       0x84 c:/program files (x86)/atmel/studio/7.0/toolchain/arm/arm-gnu-toolchain/bin/../lib/gcc/arm-none-eabi/6.3.1/../../../../arm-none-eabi/lib/thumb/v7e-m\libc.a(lib_a-sprintf.o)
 .debug_frame   0x00003574       0xd8 c:/program files (x86)/atmel/studio/7.0/toolchain/arm/arm-gnu-toolchain/bin/../lib/gcc/arm-none-eabi/6.3.1/../../../../arm-none-eabi/lib/thumb/v7e-m\libc.a(lib_a-strstr.o)
 .debug_frame   0x0000364c       0x40 c:/program files (x86)/atmel/studio/7.0/toolchain/arm/arm-gnu-toolchain/bin/../lib/gcc/arm-none-eabi/6.3.1/../../../../arm-none-eabi/lib/thumb/v7e-m\libc.a(lib_a-svfprintf.o)
 .debug_frame   0x0000368c       0x4c c:/program files (x86)/atmel/studio/7.0/toolchain/arm/arm-gnu-toolchain/bin/../lib/gcc/arm-none-eabi/6.3.1/../../../../arm-none-eabi/lib/thumb/v7e-m\libc.a(lib_a-utoa.o)
 .debug_frame   0x000036d8       0x5c c:/program files (x86)/atmel/studio/7.0/toolchain/arm/arm-gnu-toolchain/bin/../lib/gcc/arm-none-eabi/6.3.1/../../../../arm-none-eabi/lib/thumb/v7e-m\libc.a(lib_a-__call_atexit.o)
 .debug_frame   0x00003734       0x20 c:/program files (x86)/atmel/studio/7.0/toolchain/arm/arm-gnu-toolchain/bin/../lib/gcc/arm-none-eabi/6.3.1/../../../../arm-none-eabi/lib/thumb/v7e-m\libc.a(lib_a-atexit.o)
 .debug_frame   0x00003754       0x88 c:/program files (x86)/atmel/studio/7.0/toolchain/arm/arm-gnu-toolchain/bin/../lib/gcc/arm-none-eabi/6.3.1/../../../../arm-none-eabi/lib/thumb/v7e-m\libc.a(lib_a-dtoa.o)
 .debug_frame   0x000037dc       0x34 c:/program files (x86)/atmel/studio/7.0/toolchain/arm/arm-gnu-toolchain/bin/../lib/gcc/arm-none-eabi/6.3.1/../../../../arm-none-eabi/lib/thumb/v7e-m\libc.a(lib_a-fini.o)
 .debug_frame   0x00003810       0x40 c:/program files (x86)/atmel/studio/7.0/toolchain/arm/arm-gnu-toolchain/bin/../lib/gcc/arm-none-eabi/6.3.1/../../../../arm-none-eabi/lib/thumb/v7e-m\libc.a(lib_a-localeconv.o)
 .debug_frame   0x00003850       0xb0 c:/program files (x86)/atmel/studio/7.0/toolchain/arm/arm-gnu-toolchain/bin/../lib/gcc/arm-none-eabi/6.3.1/../../../../arm-none-eabi/lib/thumb/v7e-m\libc.a(lib_a-lock.o)
 .debug_frame   0x00003900       0x58 c:/program files (x86)/atmel/studio/7.0/toolchain/arm/arm-gnu-toolchain/bin/../lib/gcc/arm-none-eabi/6.3.1/../../../../arm-none-eabi/lib/thumb/v7e-m\libc.a(lib_a-mallocr.o)
 .debug_frame   0x00003958       0x3c c:/program files (x86)/atmel/studio/7.0/toolchain/arm/arm-gnu-toolchain/bin/../lib/gcc/arm-none-eabi/6.3.1/../../../../arm-none-eabi/lib/thumb/v7e-m\libc.a(lib_a-memcmp.o)
 .debug_frame   0x00003994       0x30 c:/program files (x86)/atmel/studio/7.0/toolchain/arm/arm-gnu-toolchain/bin/../lib/gcc/arm-none-eabi/6.3.1/../../../../arm-none-eabi/lib/thumb/v7e-m\libc.a(lib_a-mlock.o)
 .debug_frame   0x000039c4      0x25c c:/program files (x86)/atmel/studio/7.0/toolchain/arm/arm-gnu-toolchain/bin/../lib/gcc/arm-none-eabi/6.3.1/../../../../arm-none-eabi/lib/thumb/v7e-m\libc.a(lib_a-mprec.o)
 .debug_frame   0x00003c20       0x2c c:/program files (x86)/atmel/studio/7.0/toolchain/arm/arm-gnu-toolchain/bin/../lib/gcc/arm-none-eabi/6.3.1/../../../../arm-none-eabi/lib/thumb/v7e-m\libc.a(lib_a-sbrkr.o)
 .debug_frame   0x00003c4c       0x50 c:/program files (x86)/atmel/studio/7.0/toolchain/arm/arm-gnu-toolchain/bin/../lib/gcc/arm-none-eabi/6.3.1/../../../../arm-none-eabi/lib/thumb/v7e-m\libc.a(lib_a-strchr.o)