Archive member included to satisfy reference by file (symbol)

c:/program files (x86)/atmel/studio/7.0/toolchain/arm/arm-gnu-toolchain/bin/../lib/gcc/arm-none-eabi/6.3.1/thumb/v7e-m\libgcc.a(_aeabi_uldivmod.o)
                              src/wifi.o (__aeabi_uldivmod)
c:/program files (x86)/atmel/studio/7.0/toolchain/arm/arm-gnu-toolchain/bin/../lib/gcc/arm-none-eabi/6.3.1/thumb/v7e-m\libgcc.a(_udivmoddi4.o)
                              c:/program files (x86)/atmel/studio/7.0/toolchain/arm/arm-gnu-toolchain/bin/../lib/gcc/arm-none-eabi/6.3.1/thumb/v7e-m\libgcc.a(_aeabi_uldivmod.o) (__udivmoddi4)
c:/program files (x86)/atmel/studio/7.0/toolchain/arm/arm-gnu-toolchain/bin/../lib/gcc/arm-none-eabi/6.3.1/thumb/v7e-m\libgcc.a(_dvmd_tls.o)
                              c:/program files (x86)/atmel/studio/7.0/toolchain/arm/arm-gnu-toolchain/bin/../lib/gcc/arm-none-eabi/6.3.1/thumb/v7e-m\libgcc.a(_aeabi_uldivmod.o) (__aeabi_ldiv0)
c:/program files (x86)/atmel/studio/7.0/toolchain/arm/arm-gnu-toolchain/bin/../lib/gcc/arm-none-eabi/6.3.1/../../../../arm-none-eabi/lib/thumb/v7e-m\libc.a(lib_a-exit.o)
                              c:/program files (x86)/atmel/studio/7.0/toolchain/arm/arm-gnu-toolchain/bin/../lib/gcc/arm-none-eabi/6.3.1/../../../../arm-none-eabi/lib/thumb/v7e-m/crt0.o (exit)
c:/program files (x86)/atmel/studio/7.0/toolchain/arm/arm-gnu-toolchain/bin/../lib/gcc/arm-none-eabi/6.3.1/../../../../arm-none-eabi/lib/thumb/v7e-m\libc.a(lib_a-impure.o)
                              c:/program files (x86)/atmel/studio/7.0/toolchain/arm/arm-gnu-toolchain/bin/../lib/gcc/arm-none-eabi/6.3.1/../../../../arm-none-eabi/lib/thumb/v7e-m\libc.a(lib_a-exit.o) (_global_impure_ptr)
c:/program files (x86)/atmel/studio/7.0/toolchain/arm/arm-gnu-toolchain/bin/../lib/gcc/arm-none-eabi/6.3.1/../../../../arm-none-eabi/lib/thumb/v7e-m\libc.a(lib_a-init.o)
                              c:/program files (x86)/atmel/studio/7.0/toolchain/arm/arm-gnu-toolchain/bin/../lib/gcc/arm-none-eabi/6.3.1/../../../../arm-none-eabi/lib/thumb/v7e-m/crt0.o (__libc_init_array)
c:/program files (x86)/atmel/studio/7.0/toolchain/arm/arm-gnu-toolchain/bin/../lib/gcc/arm-none-eabi/6.3.1/../../../../arm-none-eabi/lib/thumb/v7e-m\libc.a(lib_a-memset.o)
                              c:/program files (x86)/atmel/studio/7.0/toolchain/arm/arm-gnu-toolchain/bin/../lib/gcc/arm-none-eabi/6.3.1/../../../../arm-none-eabi/lib/thumb/v7e-m/crt0.o (memset)
c:/program files (x86)/atmel/studio/7.0/toolchain/arm/arm-gnu-toolchain/bin/../lib/gcc/arm-none-eabi/6.3.1/../../../../arm-none-eabi/lib/thumb/v7e-m\libc.a(lib_a-strstr.o)
                              src/wifi.o (strstr)
c:/program files (x86)/atmel/studio/7.0/toolchain/arm/arm-gnu-toolchain/bin/../lib/gcc/arm-none-eabi/6.3.1/../../../../arm-none-eabi/lib/thumb/v7e-m\libc.a(lib_a-__call_atexit.o)
                              c:/program files (x86)/atmel/studio/7.0/toolchain/arm/arm-gnu-toolchain/bin/../lib/gcc/arm-none-eabi/6.3.1/../../../../arm-none-eabi/lib/thumb/v7e-m\libc.a(lib_a-exit.o) (__call_exitprocs)
c:/program files (x86)/atmel/studio/7.0/toolchain/arm/arm-gnu-toolchain/bin/../lib/gcc/arm-none-eabi/6.3.1/../../../../arm-none-eabi/lib/thumb/v7e-m\libc.a(lib_a-atexit.o)
                              c:/program files (x86)/atmel/studio/7.0/toolchain/arm/arm-gnu-toolchain/bin/../lib/gcc/arm-none-eabi/6.3.1/../../../../arm-none-eabi/lib/thumb/v7e-m\libc.a(lib_a-__call_atexit.o) (atexit)
c:/program files (x86)/atmel/studio/7.0/toolchain/arm/arm-gnu-toolchain/bin/../lib/gcc/arm-none-eabi/6.3.1/../../../../arm-none-eabi/lib/thumb/v7e-m\libc.a(lib_a-fini.o)
                              c:/program files (x86)/atmel/studio/7.0/toolchain/arm/arm-gnu-toolchain/bin/../lib/gcc/arm-none-eabi/6.3.1/../../../../arm-none-eabi/lib/thumb/v7e-m\libc.a(lib_a-__call_atexit.o) (__libc_fini_array)
c:/program files (x86)/atmel/studio/7.0/toolchain/arm/arm-gnu-toolchain/bin/../lib/gcc/arm-none-eabi/6.3.1/../../../../arm-none-eabi/lib/thumb/v7e-m\libc.a(lib_a-lock.o)
                              c:/program files (x86)/atmel/studio/7.0/toolchain/arm/arm-gnu-toolchain/bin/../lib/gcc/arm-none-eabi/6.3.1/../../../../arm-none-eabi/lib/thumb/v7e-m\libc.a(lib_a-__call_atexit.o) (__retarget_lock_acquire_recursive)
c:/program files (x86)/atmel/studio/7.0/toolchain/arm/arm-gnu-toolchain/bin/../lib/gcc/arm-none-eabi/6.3.1/../../../../arm-none-eabi/lib/thumb/v7e-m\libc.a(lib_a-memchr.o)
                              c:/program files (x86)/atmel/studio/7.0/toolchain/arm/arm-gnu-toolchain/bin/../lib/gcc/arm-none-eabi/6.3.1/../../../../arm-none-eabi/lib/thumb/v7e-m\libc.a(lib_a-strstr.o) (memchr)
c:/program files (x86)/atmel/studio/7.0/toolchain/arm/arm-gnu-toolchain/bin/../lib/gcc/arm-none-eabi/6.3.1/../../../../arm-none-eabi/lib/thumb/v7e-m\libc.a(lib_a-memcmp.o)
[...]
Memory Configuration

Name             Origin             Length             Attributes
rom              0x00400000         0x00080000         xr
ram              0x20000000         0x00020000         xrw
*default*        0x00000000         0xffffffff

Linker script and memory map

LOAD c:/program files (x86)/atmel/studio/7.0/toolchain/arm/arm-gnu-toolchain/bin/../lib/gcc/arm-none-eabi/6.3.1/thumb/v7e-m/crti.o
LOAD c:/program files (x86)/atmel/studio/7.0/toolchain/arm/arm-gnu-toolchain/bin/../lib/gcc/arm-none-eabi/6.3.1/thumb/v7e-m/crtbegin.o
LOAD c:/program files (x86)/atmel/studio/7.0/toolchain/arm/arm-gnu-toolchain/bin/../lib/gcc/arm-none-eabi/6.3.1/../../../../arm-none-eabi/lib/thumb/v7e-m/crt0.o
LOAD src/ASF/common/utils/stdio/read.o
LOAD src/ASF/common/utils/stdio/write.o
LOAD src/ASF/sam/drivers/pio/pio_handler.o
LOAD src/ASF/sam/drivers/tc/tc.o
LOAD src/ASF/sam/drivers/twi/twi.o
LOAD src/ASF/sam/drivers/usart/usart.o
LOAD src/ASF/sam/drivers/wdt/wdt.o
LOAD src/ASF/common/services/serial/usart_serial.o
LOAD src/ASF/common/services/delay/sam/cycle_counter.o
LOAD src/ASF/common/services/clock/sam4s/sysclk.o
LOAD src/ASF/sam/drivers/pio/pio.o
LOAD src/ASF/sam/drivers/pmc/pmc.o
LOAD src/ASF/sam/drivers/uart/uart.o
LOAD src/ASF/sam/drivers/pmc/sleep.o
LOAD src/timer_interface.o
LOAD src/wifi.o
LOAD src/ASF/common/boards/user_board/init.o
LOAD src/ASF/common/utils/interrupt/interrupt_sam_nvic.o
LOAD src/ASF/sam/utils/cmsis/sam4s/source/templates/gcc/startup_sam4s.o
LOAD src/ASF/sam/utils/cmsis/sam4s/source/templates/system_sam4s.o
LOAD src/ASF/sam/utils/syscalls/gcc/syscalls.o
LOAD src/main.o
START GROUP
LOAD ../src/ASF/thirdparty/CMSIS/Lib/GCC\libarm_cortexM4l_math.a
LOAD c:/program files (x86)/atmel/studio/7.0/toolchain/arm/arm-gnu-toolchain/bin/../lib/gcc/arm-none-eabi/6.3.1/../../../../arm-none-eabi/lib/thumb/v7e-m\libm.a
END GROUP
START GROUP
LOAD c:/program files (x86)/atmel/studio/7.0/toolchain/arm/arm-gnu-toolchain/bin/../lib/gcc/arm-none-eabi/6.3.1/thumb/v7e-m\libgcc.a
LOAD c:/program files (x86)/atmel/studio/7.0/toolchain/arm/arm-gnu-toolchain/bin/../lib/gcc/arm-none-eabi/6.3.1/../../../../arm-none-eabi/lib/thumb/v7e-m\libc.a
END GROUP
LOAD c:/program files (x86)/atmel/studio/7.0/toolchain/arm/arm-gnu-toolchain/bin/../lib/gcc/arm-none-eabi/6.3.1/thumb/v7e-m/crtend.o
LOAD c:/program files (x86)/atmel/studio/7.0/toolchain/arm/arm-gnu-toolchain/bin/../lib/gcc/arm-none-eabi/6.3.1/thumb/v7e-m/crtn.o
                0x00003000                __stack_size__ = DEFINED (__stack_size__)?__stack_size__:0x3000
                0x2001fffc                __ram_end__ = ((ORIGIN (ram) + LENGTH (ram)) - 0x4)

.text           0x00400000     0x346c
                0x00400000                . = ALIGN (0x4)
                0x00400000                _sfixed = .
 *(.vectors .vectors.*)
 .vectors       0x00400000       0xcc src/ASF/sam/utils/cmsis/sam4s/source/templates/gcc/startup_sam4s.o
                0x00400000                exception_table
 *(.text .text.* .gnu.linkonce.t.*)
 .text          0x004000cc       0x6c c:/program files (x86)/atmel/studio/7.0/toolchain/arm/arm-gnu-toolchain/bin/../lib/gcc/arm-none-eabi/6.3.1/thumb/v7e-m/crtbegin.o
 .text.pio_handler_process
                0x00400138      0x118 src/ASF/sam/drivers/pio/pio_handler.o
                0x00400138                pio_handler_process
 .text.pio_handler_set
                0x00400250       0xc8 src/ASF/sam/drivers/pio/pio_handler.o
                0x00400250                pio_handler_set
 .text.PIOA_Handler
                0x00400318       0x24 src/ASF/sam/drivers/pio/pio_handler.o
                0x00400318                PIOA_Handler
 .text.PIOB_Handler
                0x0040033c       0x24 src/ASF/sam/drivers/pio/pio_handler.o
                0x0040033c                PIOB_Handler
 .text.tc_init  0x00400360       0x38 src/ASF/sam/drivers/tc/tc.o
                0x00400360                tc_init
 .text.tc_start
                0x00400398       0x20 src/ASF/sam/drivers/tc/tc.o
                0x00400398                tc_start
 .text.tc_write_rc
                0x004003b8       0x24 src/ASF/sam/drivers/tc/tc.o
                0x004003b8                tc_write_rc
 .text.tc_enable_interrupt
                0x004003dc       0x26 src/ASF/sam/drivers/tc/tc.o
                0x004003dc                tc_enable_interrupt
 .text.tc_get_status
                0x00400402       0x22 src/ASF/sam/drivers/tc/tc.o
                0x00400402                tc_get_status
 .text.tc_find_mck_divisor
                0x00400424       0xa4 src/ASF/sam/drivers/tc/tc.o
                0x00400424                tc_find_mck_divisor
 .text.usart_set_async_baudrate
                0x004004c8       0x88 src/ASF/sam/drivers/usart/usart.o
                0x004004c8                usart_set_async_baudrate
 .text.usart_reset
                0x00400550       0x74 src/ASF/sam/drivers/usart/usart.o
                0x00400550                usart_reset
 .text.usart_init_rs232
                0x004005c4       0xb0 src/ASF/sam/drivers/usart/usart.o
                0x004005c4                usart_init_rs232
 .text.usart_init_hw_handshaking
                0x00400674       0x48 src/ASF/sam/drivers/usart/usart.o
                0x00400674                usart_init_hw_handshaking
 .text.usart_enable_tx
                0x004006bc       0x18 src/ASF/sam/drivers/usart/usart.o
                0x004006bc                usart_enable_tx
 .text.usart_reset_tx
                0x004006d4       0x18 src/ASF/sam/drivers/usart/usart.o
                0x004006d4                usart_reset_tx
 .text.usart_enable_rx
                0x004006ec       0x18 src/ASF/sam/drivers/usart/usart.o
                0x004006ec                usart_enable_rx
 .text.usart_reset_rx
                0x00400704       0x18 src/ASF/sam/drivers/usart/usart.o
                0x00400704                usart_reset_rx
 .text.usart_enable_interrupt
                0x0040071c       0x1a src/ASF/sam/drivers/usart/usart.o
                0x0040071c                usart_enable_interrupt
 .text.usart_disable_interrupt
                0x00400736       0x1a src/ASF/sam/drivers/usart/usart.o
                0x00400736                usart_disable_interrupt
 .text.usart_get_status
                0x00400750       0x16 src/ASF/sam/drivers/usart/usart.o
                0x00400750                usart_get_status
 .text.usart_reset_status
                0x00400766       0x1a src/ASF/sam/drivers/usart/usart.o
                0x00400766                usart_reset_status
 .text.usart_drive_DTR_pin_high
                0x00400780       0x1a src/ASF/sam/drivers/usart/usart.o
                0x00400780                usart_drive_DTR_pin_high
 .text.usart_drive_RTS_pin_high
                0x0040079a       0x1a src/ASF/sam/drivers/usart/usart.o
                0x0040079a                usart_drive_RTS_pin_high
 .text.usart_putchar
                0x004007b4       0x2e src/ASF/sam/drivers/usart/usart.o
                0x004007b4                usart_putchar
 *fill*         0x004007e2        0x2 
 .text.usart_write_line
                0x004007e4       0x3c src/ASF/sam/drivers/usart/usart.o
                0x004007e4                usart_write_line
 .text.usart_read
                0x00400820       0x32 src/ASF/sam/drivers/usart/usart.o
                0x00400820                usart_read
 *fill*         0x00400852        0x2 
 .text.usart_disable_writeprotect
                0x00400854       0x20 src/ASF/sam/drivers/usart/usart.o
                0x00400854                usart_disable_writeprotect
 .text.wdt_disable
                0x00400874       0x1a src/ASF/sam/drivers/wdt/wdt.o
                0x00400874                wdt_disable
 *fill*         0x0040088e        0x2 
 .text.osc_enable
                0x00400890       0xa0 src/ASF/common/services/clock/sam4s/sysclk.o
 .text.osc_is_ready
                0x00400930       0x80 src/ASF/common/services/clock/sam4s/sysclk.o
 .text.osc_get_rate
                0x004009b0       0x78 src/ASF/common/services/clock/sam4s/sysclk.o
 .text.osc_wait_ready
                0x00400a28       0x30 src/ASF/common/services/clock/sam4s/sysclk.o
 .text.pll_config_init
                0x00400a58       0x58 src/ASF/common/services/clock/sam4s/sysclk.o
 .text.pll_enable
                0x00400ab0       0x50 src/ASF/common/services/clock/sam4s/sysclk.o
 .text.pll_is_locked
                0x00400b00       0x38 src/ASF/common/services/clock/sam4s/sysclk.o
 .text.pll_enable_source
                0x00400b38       0x3c src/ASF/common/services/clock/sam4s/sysclk.o
 .text.pll_wait_for_lock
                0x00400b74       0x28 src/ASF/common/services/clock/sam4s/sysclk.o
 .text.sysclk_get_main_hz
                0x00400b9c       0x20 src/ASF/common/services/clock/sam4s/sysclk.o
 .text.sysclk_get_cpu_hz
                0x00400bbc       0x18 src/ASF/common/services/clock/sam4s/sysclk.o
 .text.sysclk_init
                0x00400bd4       0x8c src/ASF/common/services/clock/sam4s/sysclk.o
                0x00400bd4                sysclk_init
 .text.pio_pull_up
                0x00400c60       0x2a src/ASF/sam/drivers/pio/pio.o
                0x00400c60                pio_pull_up
 .text.pio_set_debounce_filter
                0x00400c8a       0x36 src/ASF/sam/drivers/pio/pio.o
                0x00400c8a                pio_set_debounce_filter
 .text.pio_set_peripheral
                0x00400cc0      0x10e src/ASF/sam/drivers/pio/pio.o
                0x00400cc0                pio_set_peripheral
 *fill*         0x00400dce        0x2 
 .text.pio_set_input
                0x00400dd0       0x8c src/ASF/sam/drivers/pio/pio.o
                0x00400dd0                pio_set_input
 .text.pio_set_output
                0x00400e5c       0x70 src/ASF/sam/drivers/pio/pio.o
                0x00400e5c                pio_set_output
 .text.pio_configure_interrupt
                0x00400ecc       0x6a src/ASF/sam/drivers/pio/pio.o
                0x00400ecc                pio_configure_interrupt
 .text.pio_enable_interrupt
                0x00400f36       0x1a src/ASF/sam/drivers/pio/pio.o
                0x00400f36                pio_enable_interrupt
 .text.pio_disable_interrupt
                0x00400f50       0x1a src/ASF/sam/drivers/pio/pio.o
                0x00400f50                pio_disable_interrupt
 .text.pio_get_interrupt_status
                0x00400f6a       0x16 src/ASF/sam/drivers/pio/pio.o
                0x00400f6a                pio_get_interrupt_status
 .text.pio_get_interrupt_mask
                0x00400f80       0x16 src/ASF/sam/drivers/pio/pio.o
                0x00400f80                pio_get_interrupt_mask
 *fill*         0x00400f96        0x2 
 .text.pio_configure_pin
                0x00400f98      0x1d0 src/ASF/sam/drivers/pio/pio.o
                0x00400f98                pio_configure_pin
 .text.pio_get_pin_group
                0x00401168       0x24 src/ASF/sam/drivers/pio/pio.o
                0x00401168                pio_get_pin_group
 .text.pmc_switch_mck_to_pllack
                0x0040118c       0x80 src/ASF/sam/drivers/pmc/pmc.o
                0x0040118c                pmc_switch_mck_to_pllack
 .text.pmc_switch_sclk_to_32kxtal
                0x0040120c       0x38 src/ASF/sam/drivers/pmc/pmc.o
                0x0040120c                pmc_switch_sclk_to_32kxtal
 .text.pmc_osc_is_ready_32kxtal
                0x00401244       0x34 src/ASF/sam/drivers/pmc/pmc.o
                0x00401244                pmc_osc_is_ready_32kxtal
 .text.pmc_switch_mainck_to_fastrc
                0x00401278       0x70 src/ASF/sam/drivers/pmc/pmc.o
                0x00401278                pmc_switch_mainck_to_fastrc
 .text.pmc_switch_mainck_to_xtal
                0x004012e8       0x78 src/ASF/sam/drivers/pmc/pmc.o
                0x004012e8                pmc_switch_mainck_to_xtal
 .text.pmc_osc_is_ready_mainck
                0x00401360       0x18 src/ASF/sam/drivers/pmc/pmc.o
                0x00401360                pmc_osc_is_ready_mainck
 .text.pmc_disable_pllack
                0x00401378       0x18 src/ASF/sam/drivers/pmc/pmc.o
                0x00401378                pmc_disable_pllack
 .text.pmc_is_locked_pllack
                0x00401390       0x18 src/ASF/sam/drivers/pmc/pmc.o
                0x00401390                pmc_is_locked_pllack
 .text.pmc_disable_pllbck
                0x004013a8       0x18 src/ASF/sam/drivers/pmc/pmc.o
                0x004013a8                pmc_disable_pllbck
 .text.pmc_is_locked_pllbck
                0x004013c0       0x18 src/ASF/sam/drivers/pmc/pmc.o
                0x004013c0                pmc_is_locked_pllbck
 .text.pmc_enable_periph_clk
                0x004013d8       0x80 src/ASF/sam/drivers/pmc/pmc.o
                0x004013d8                pmc_enable_periph_clk
 .text.NVIC_EnableIRQ
                0x00401458       0x30 src/timer_interface.o
 .text.osc_get_rate
                0x00401488       0x78 src/timer_interface.o
 .text.sysclk_get_main_hz
                0x00401500       0x20 src/timer_interface.o
 .text.sysclk_get_cpu_hz
                0x00401520       0x18 src/timer_interface.o
 .text.TC0_Handler
                0x00401538       0x4c src/timer_interface.o
                0x00401538                TC0_Handler
 .text.configure_tc
                0x00401584       0xa4 src/timer_interface.o
                0x00401584                configure_tc
 .text.NVIC_EnableIRQ
                0x00401628       0x30 src/wifi.o
 .text.osc_get_rate
                0x00401658       0x78 src/wifi.o
 .text.sysclk_get_main_hz
                0x004016d0       0x20 src/wifi.o
 .text.sysclk_get_cpu_hz
                0x004016f0       0x18 src/wifi.o
 .text.sysclk_get_peripheral_hz
                0x00401708       0x18 src/wifi.o
 .text.sysclk_enable_peripheral_clock
                0x00401720       0x24 src/wifi.o
 .text.USART0_Handler
                0x00401744       0x68 src/wifi.o
                0x00401744                USART0_Handler
 .text.wifi_command_response_handler
                0x004017ac       0x64 src/wifi.o
                0x004017ac                wifi_command_response_handler
 .text.wifi_web_setup_handler
                0x00401810       0x28 src/wifi.o
                0x00401810                wifi_web_setup_handler
 .text.configure_usart_wifi
                0x00401838       0xd8 src/wifi.o
                0x00401838                configure_usart_wifi
 .text.configure_wifi_comm_pin
                0x00401910       0x60 src/wifi.o
                0x00401910                configure_wifi_comm_pin
 .text.configure_wifi_web_setup_pin
                0x00401970       0x70 src/wifi.o
                0x00401970                configure_wifi_web_setup_pin
 .text.process_incoming_byte_wifi
                0x004019e0       0x3c src/wifi.o
                0x004019e0                process_incoming_byte_wifi
 .text.process_data_wifi
                0x00401a1c       0xf8 src/wifi.o
                0x00401a1c                process_data_wifi
 .text.write_wifi_command
                0x00401b14       0x64 src/wifi.o
                0x00401b14                write_wifi_command
 .text.query_server
                0x00401b78      0x1e4 src/wifi.o
                0x00401b78                query_server
 .text.sysclk_enable_peripheral_clock
                0x00401d5c       0x24 src/ASF/common/boards/user_board/init.o
 .text.ioport_init
                0x00401d80       0x20 src/ASF/common/boards/user_board/init.o
 .text.ioport_set_pin_dir
                0x00401da0       0x86 src/ASF/common/boards/user_board/init.o
 .text.ioport_set_pin_level
                0x00401e26       0x6a src/ASF/common/boards/user_board/init.o
 .text.board_init
                0x00401e90       0x74 src/ASF/common/boards/user_board/init.o
                0x00401e90                board_init
 .text.Reset_Handler
                0x00401f04       0xe4 src/ASF/sam/utils/cmsis/sam4s/source/templates/gcc/startup_sam4s.o
                0x00401f04                Reset_Handler
 .text.Dummy_Handler
                0x00401fe8        0x6 src/ASF/sam/utils/cmsis/sam4s/source/templates/gcc/startup_sam4s.o
                0x00401fe8                DACC_Handler
                0x00401fe8                DebugMon_Handler
                0x00401fe8                HardFault_Handler
                0x00401fe8                TC2_Handler
                0x00401fe8                SPI_Handler
                0x00401fe8                SysTick_Handler
                0x00401fe8                TWI1_Handler
                0x00401fe8                PendSV_Handler
                0x00401fe8                NMI_Handler
                0x00401fe8                ADC_Handler
                0x00401fe8                CRCCU_Handler
                0x00401fe8                RTT_Handler
                0x00401fe8                RTC_Handler
                0x00401fe8                UsageFault_Handler
                0x00401fe8                WDT_Handler
                0x00401fe8                TC1_Handler
                0x00401fe8                HSMCI_Handler
                0x00401fe8                UART1_Handler
                0x00401fe8                Dummy_Handler
                0x00401fe8                TWI0_Handler
                0x00401fe8                USART1_Handler
                0x00401fe8                SSC_Handler
                0x00401fe8                EFC0_Handler
                0x00401fe8                ACC_Handler
                0x00401fe8                PMC_Handler
                0x00401fe8                PWM_Handler
                0x00401fe8                MemManage_Handler
                0x00401fe8                SUPC_Handler
                0x00401fe8                SVC_Handler
                0x00401fe8                UART0_Handler
                0x00401fe8                UDP_Handler
                0x00401fe8                BusFault_Handler
                0x00401fe8                RSTC_Handler
 *fill*         0x00401fee        0x2 
 .text.SystemCoreClockUpdate
                0x00401ff0      0x1ec src/ASF/sam/utils/cmsis/sam4s/source/templates/system_sam4s.o
                0x00401ff0                SystemCoreClockUpdate
 .text.system_init_flash
                0x004021dc       0x94 src/ASF/sam/utils/cmsis/sam4s/source/templates/system_sam4s.o
                0x004021dc                system_init_flash
 .text.osc_get_rate
                0x00402270       0x78 src/main.o
 .text.sysclk_get_main_hz
                0x004022e8       0x20 src/main.o
 .text.sysclk_get_cpu_hz
                0x00402308       0x18 src/main.o
 .text.ioport_set_pin_level
                0x00402320       0x6a src/main.o
 .text.ioport_get_pin_level
                0x0040238a       0x4e src/main.o
 .text.main     0x004023d8      0x3dc src/main.o
                0x004023d8                main
 .text          0x004027b4       0x30 c:/program files (x86)/atmel/studio/7.0/toolchain/arm/arm-gnu-toolchain/bin/../lib/gcc/arm-none-eabi/6.3.1/thumb/v7e-m\libgcc.a(_aeabi_uldivmod.o)
                0x004027b4                __aeabi_uldivmod
 .text          0x004027e4      0x2dc c:/program files (x86)/atmel/studio/7.0/toolchain/arm/arm-gnu-toolchain/bin/../lib/gcc/arm-none-eabi/6.3.1/thumb/v7e-m\libgcc.a(_udivmoddi4.o)
                0x004027e4                __udivmoddi4
 .text          0x00402ac0        0x4 c:/program files (x86)/atmel/studio/7.0/toolchain/arm/arm-gnu-toolchain/bin/../lib/gcc/arm-none-eabi/6.3.1/thumb/v7e-m\libgcc.a(_dvmd_tls.o)
                0x00402ac0                __aeabi_idiv0
                0x00402ac0                __aeabi_ldiv0
 .text.__libc_init_array
                0x00402ac4       0x50 c:/program files (x86)/atmel/studio/7.0/toolchain/arm/arm-gnu-toolchain/bin/../lib/gcc/arm-none-eabi/6.3.1/../../../../arm-none-eabi/lib/thumb/v7e-m\libc.a(lib_a-init.o)
                0x00402ac4                __libc_init_array
 .text.critical_factorization
                0x00402b14       0xb4 c:/program files (x86)/atmel/studio/7.0/toolchain/arm/arm-gnu-toolchain/bin/../lib/gcc/arm-none-eabi/6.3.1/../../../../arm-none-eabi/lib/thumb/v7e-m\libc.a(lib_a-strstr.o)
 .text.two_way_long_needle
                0x00402bc8      0x1fc c:/program files (x86)/atmel/studio/7.0/toolchain/arm/arm-gnu-toolchain/bin/../lib/gcc/arm-none-eabi/6.3.1/../../../../arm-none-eabi/lib/thumb/v7e-m\libc.a(lib_a-strstr.o)
 .text.strstr   0x00402dc4      0x218 c:/program files (x86)/atmel/studio/7.0/toolchain/arm/arm-gnu-toolchain/bin/../lib/gcc/arm-none-eabi/6.3.1/../../../../arm-none-eabi/lib/thumb/v7e-m\libc.a(lib_a-strstr.o)
                0x00402dc4                strstr
 .text.startup.register_fini
                0x00402fdc       0x14 c:/program files (x86)/atmel/studio/7.0/toolchain/arm/arm-gnu-toolchain/bin/../lib/gcc/arm-none-eabi/6.3.1/../../../../arm-none-eabi/lib/thumb/v7e-m\libc.a(lib_a-__call_atexit.o)
 .text.atexit   0x00402ff0        0xc c:/program files (x86)/atmel/studio/7.0/toolchain/arm/arm-gnu-toolchain/bin/../lib/gcc/arm-none-eabi/6.3.1/../../../../arm-none-eabi/lib/thumb/v7e-m\libc.a(lib_a-atexit.o)
                0x00402ff0                atexit
 .text.__libc_fini_array
                0x00402ffc       0x34 c:/program files (x86)/atmel/studio/7.0/toolchain/arm/arm-gnu-toolchain/bin/../lib/gcc/arm-none-eabi/6.3.1/../../../../arm-none-eabi/lib/thumb/v7e-m\libc.a(lib_a-fini.o)
                0x00402ffc                __libc_fini_array
 .text.__retarget_lock_acquire_recursive
                0x00403030        0x4 c:/program files (x86)/atmel/studio/7.0/toolchain/arm/arm-gnu-toolchain/bin/../lib/gcc/arm-none-eabi/6.3.1/../../../../arm-none-eabi/lib/thumb/v7e-m\libc.a(lib_a-lock.o)
                0x00403030                __retarget_lock_acquire_recursive
 .text.__retarget_lock_release_recursive
                0x00403034        0x4 c:/program files (x86)/atmel/studio/7.0/toolchain/arm/arm-gnu-toolchain/bin/../lib/gcc/arm-none-eabi/6.3.1/../../../../arm-none-eabi/lib/thumb/v7e-m\libc.a(lib_a-lock.o)
                0x00403034                __retarget_lock_release_recursive
 *fill*         0x00403038        0x8 
 .text          0x00403040       0xa0 c:/program files (x86)/atmel/studio/7.0/toolchain/arm/arm-gnu-toolchain/bin/../lib/gcc/arm-none-eabi/6.3.1/../../../../arm-none-eabi/lib/thumb/v7e-m\libc.a(lib_a-memchr.o)
                0x00403040                memchr
 .text.memcmp   0x004030e0       0x60 c:/program files (x86)/atmel/studio/7.0/toolchain/arm/arm-gnu-toolchain/bin/../lib/gcc/arm-none-eabi/6.3.1/../../../../arm-none-eabi/lib/thumb/v7e-m\libc.a(lib_a-memcmp.o)
                0x004030e0                memcmp
 .text.strchr   0x00403140       0xe8 c:/program files (x86)/atmel/studio/7.0/toolchain/arm/arm-gnu-toolchain/bin/../lib/gcc/arm-none-eabi/6.3.1/../../../../arm-none-eabi/lib/thumb/v7e-m\libc.a(lib_a-strchr.o)
                0x00403140                strchr
 .text.__register_exitproc
                0x00403228       0xc4 c:/program files (x86)/atmel/studio/7.0/toolchain/arm/arm-gnu-toolchain/bin/../lib/gcc/arm-none-eabi/6.3.1/../../../../arm-none-eabi/lib/thumb/v7e-m\libc.a(lib_a-__atexit.o)
                0x00403228                __register_exitproc
 *(.glue_7t)
 .glue_7t       0x004032ec        0x0 linker stubs
 *(.glue_7)
 .glue_7        0x004032ec        0x0 linker stubs
 *(.rodata .rodata* .gnu.linkonce.r.*)
 .rodata        0x004032ec       0x9e src/wifi.o
 *fill*         0x0040338a        0x2 
 .rodata        0x0040338c       0xb5 src/main.o
 *fill*         0x00403441        0x3 
 .rodata._global_impure_ptr
                0x00403444        0x4 c:/program files (x86)/atmel/studio/7.0/toolchain/arm/arm-gnu-toolchain/bin/../lib/gcc/arm-none-eabi/6.3.1/../../../../arm-none-eabi/lib/thumb/v7e-m\libc.a(lib_a-impure.o)
                0x00403444                _global_impure_ptr
 *(.ARM.extab* .gnu.linkonce.armextab.*)
                0x00403448                . = ALIGN (0x4)
 *(.init)
 .init          0x00403448        0x4 c:/program files (x86)/atmel/studio/7.0/toolchain/arm/arm-gnu-toolchain/bin/../lib/gcc/arm-none-eabi/6.3.1/thumb/v7e-m/crti.o
                0x00403448                _init
 .init          0x0040344c        0x8 c:/program files (x86)/atmel/studio/7.0/toolchain/arm/arm-gnu-toolchain/bin/../lib/gcc/arm-none-eabi/6.3.1/thumb/v7e-m/crtn.o
                0x00403454                . = ALIGN (0x4)
                0x00403454                __preinit_array_start = .
 *(.preinit_array)
                0x00403454                __preinit_array_end = .
                0x00403454                . = ALIGN (0x4)
                0x00403454                __init_array_start = .
 *(SORT(.init_array.*))
 .init_array.00000
                0x00403454        0x4 c:/program files (x86)/atmel/studio/7.0/toolchain/arm/arm-gnu-toolchain/bin/../lib/gcc/arm-none-eabi/6.3.1/../../../../arm-none-eabi/lib/thumb/v7e-m\libc.a(lib_a-__call_atexit.o)
 *(.init_array)
 .init_array    0x00403458        0x4 c:/program files (x86)/atmel/studio/7.0/toolchain/arm/arm-gnu-toolchain/bin/../lib/gcc/arm-none-eabi/6.3.1/thumb/v7e-m/crtbegin.o
                0x0040345c                __init_array_end = .
                0x0040345c                . = ALIGN (0x4)
 *crtbegin.o(.ctors)
 *(EXCLUDE_FILE(*crtend.o) .ctors)
 *(SORT(.ctors.*))
 *crtend.o(.ctors)
                0x0040345c                . = ALIGN (0x4)
 *(.fini)
 .fini          0x0040345c        0x4 c:/program files (x86)/atmel/studio/7.0/toolchain/arm/arm-gnu-toolchain/bin/../lib/gcc/arm-none-eabi/6.3.1/thumb/v7e-m/crti.o
                0x0040345c                _fini
 .fini          0x00403460        0x8 c:/program files (x86)/atmel/studio/7.0/toolchain/arm/arm-gnu-toolchain/bin/../lib/gcc/arm-none-eabi/6.3.1/thumb/v7e-m/crtn.o
                0x00403468                . = ALIGN (0x4)
                0x00403468                __fini_array_start = .
 *(.fini_array)
 .fini_array    0x00403468        0x4 c:/program files (x86)/atmel/studio/7.0/toolchain/arm/arm-gnu-toolchain/bin/../lib/gcc/arm-none-eabi/6.3.1/thumb/v7e-m/crtbegin.o
 *(SORT(.fini_array.*))
                0x0040346c                __fini_array_end = .
 *crtbegin.o(.dtors)
 *(EXCLUDE_FILE(*crtend.o) .dtors)
 *(SORT(.dtors.*))
 *crtend.o(.dtors)
                0x0040346c                . = ALIGN (0x4)
                0x0040346c                _efixed = .
                [!provide]                PROVIDE (__exidx_start, .)

.vfp11_veneer   0x0040346c        0x0
 .vfp11_veneer  0x0040346c        0x0 linker stubs

.v4_bx          0x0040346c        0x0
 .v4_bx         0x0040346c        0x0 linker stubs

.iplt           0x0040346c        0x0
 .iplt          0x0040346c        0x0 c:/program files (x86)/atmel/studio/7.0/toolchain/arm/arm-gnu-toolchain/bin/../lib/gcc/arm-none-eabi/6.3.1/thumb/v7e-m/crtbegin.o

.ARM.exidx      0x0040346c        0x8
 *(.ARM.exidx* .gnu.linkonce.armexidx.*)
 .ARM.exidx     0x0040346c        0x8 c:/program files (x86)/atmel/studio/7.0/toolchain/arm/arm-gnu-toolchain/bin/../lib/gcc/arm-none-eabi/6.3.1/thumb/v7e-m\libgcc.a(_udivmoddi4.o)
                [!provide]                PROVIDE (__exidx_end, .)

.eh_frame       0x00403474        0x0
 .eh_frame      0x00403474        0x0 c:/program files (x86)/atmel/studio/7.0/toolchain/arm/arm-gnu-toolchain/bin/../lib/gcc/arm-none-eabi/6.3.1/thumb/v7e-m/crtbegin.o

.rel.dyn        0x00403474        0x0
 .rel.iplt      0x00403474        0x0 c:/program files (x86)/atmel/studio/7.0/toolchain/arm/arm-gnu-toolchain/bin/../lib/gcc/arm-none-eabi/6.3.1/thumb/v7e-m/crtbegin.o
 .rel.got       0x00403474        0x0 c:/program files (x86)/atmel/studio/7.0/toolchain/arm/arm-gnu-toolchain/bin/../lib/gcc/arm-none-eabi/6.3.1/thumb/v7e-m/crtbegin.o

.jcr            0x00403474        0x0
 .jcr           0x00403474        0x0 c:/program files (x86)/atmel/studio/7.0/toolchain/arm/arm-gnu-toolchain/bin/../lib/gcc/arm-none-eabi/6.3.1/thumb/v7e-m/crtbegin.o

.igot.plt       0x00403474        0x0
 .igot.plt      0x00403474        0x0 c:/program files (x86)/atmel/studio/7.0/toolchain/arm/arm-gnu-toolchain/bin/../lib/gcc/arm-none-eabi/6.3.1/thumb/v7e-m/crtbegin.o

.got            0x00403474      0x164
 .got           0x00403474      0x164 c:/program files (x86)/atmel/studio/7.0/toolchain/arm/arm-gnu-toolchain/bin/../lib/gcc/arm-none-eabi/6.3.1/thumb/v7e-m/crtbegin.o

.got.plt        0x004035d8        0xc
 .got.plt       0x004035d8        0xc c:/program files (x86)/atmel/studio/7.0/toolchain/arm/arm-gnu-toolchain/bin/../lib/gcc/arm-none-eabi/6.3.1/thumb/v7e-m/crtbegin.o
                0x004035d8                _GLOBAL_OFFSET_TABLE_
                0x004035e4                . = ALIGN (0x4)
                0x004035e4                _etext = .

.relocate       0x20000000      0x43c load address 0x004035e4
                0x20000000                . = ALIGN (0x4)
                0x20000000                _srelocate = .
 *(.ramfunc .ramfunc.*)
 .ramfunc       0x20000000        0xa src/ASF/common/services/delay/sam/cycle_counter.o
                0x20000000                portable_delay_cycles
 *(.data .data.*)
 .data.okay_flag
                0x2000000a        0x1 src/wifi.o
                0x2000000a                okay_flag
 *fill*         0x2000000b        0x1 
 .data.SystemCoreClock
                0x2000000c        0x4 src/ASF/sam/utils/cmsis/sam4s/source/templates/system_sam4s.o
                0x2000000c                SystemCoreClock
 .data.impure_data
                0x20000010      0x428 c:/program files (x86)/atmel/studio/7.0/toolchain/arm/arm-gnu-toolchain/bin/../lib/gcc/arm-none-eabi/6.3.1/../../../../arm-none-eabi/lib/thumb/v7e-m\libc.a(lib_a-impure.o)
 .data.__atexit_recursive_mutex
                0x20000438        0x4 c:/program files (x86)/atmel/studio/7.0/toolchain/arm/arm-gnu-toolchain/bin/../lib/gcc/arm-none-eabi/6.3.1/../../../../arm-none-eabi/lib/thumb/v7e-m\libc.a(lib_a-__call_atexit.o)
                0x20000438                __atexit_recursive_mutex
                0x2000043c                . = ALIGN (0x4)
                0x2000043c                _erelocate = .

.bss            0x2000043c      0x4d8 load address 0x00403a20
                0x2000043c                . = ALIGN (0x4)
                0x2000043c                _sbss = .
                0x2000043c                _szero = .
 *(.bss .bss.*)
 .bss           0x2000043c       0x1c c:/program files (x86)/atmel/studio/7.0/toolchain/arm/arm-gnu-toolchain/bin/../lib/gcc/arm-none-eabi/6.3.1/thumb/v7e-m/crtbegin.o
 .bss.gs_interrupt_sources
                0x20000458       0x70 src/ASF/sam/drivers/pio/pio_handler.o
 .bss.gs_ul_nb_sources
                0x200004c8        0x4 src/ASF/sam/drivers/pio/pio_handler.o
 .bss.pio_capture_handler
                0x200004cc        0x4 src/ASF/sam/drivers/pio/pio_handler.o
 .bss.ul_reg_val.7462
                0x200004d0        0x4 src/ASF/sam/drivers/usart/usart.o
 .bss.start_transfer_flag
                0x200004d4        0x1 src/wifi.o
                0x200004d4                start_transfer_flag
 .bss.none_flag
                0x200004d5        0x1 src/wifi.o
                0x200004d5                none_flag
 .bss.closed_flag
                0x200004d6        0x1 src/wifi.o
                0x200004d6                closed_flag
 .bss.fall_flag
                0x200004d7        0x1 src/wifi.o
                0x200004d7                fall_flag
 .bss.received_byte_wifi
                0x200004d8        0x4 src/wifi.o
                0x200004d8                received_byte_wifi
 .bss.new_rx_wifi
                0x200004dc        0x1 src/wifi.o
                0x200004dc                new_rx_wifi
 *fill*         0x200004dd        0x3 
 .bss.input_pos_wifi
                0x200004e0        0x4 src/wifi.o
                0x200004e0                input_pos_wifi
 .bss.web_setup_flag
                0x200004e4        0x1 src/wifi.o
                0x200004e4                web_setup_flag
 .bss.command_received_flag
                0x200004e5        0x1 src/wifi.o
                0x200004e5                command_received_flag
 *fill*         0x200004e6        0x2 
 .bss.ul_sysclk.8679
                0x200004e8        0x4 src/wifi.o
 *(COMMON)
 COMMON         0x200004ec        0x4 src/ASF/sam/drivers/pio/pio.o
                0x200004ec                pio_capture_enable_flag
 COMMON         0x200004f0        0x1 src/timer_interface.o
                0x200004f0                counts
 *fill*         0x200004f1        0x3 
 COMMON         0x200004f4      0x3fc src/wifi.o
                0x200004f4                input_line_wifi
                0x200008dc                image_length_JPEG_string
 COMMON         0x200008f0       0x21 c:/program files (x86)/atmel/studio/7.0/toolchain/arm/arm-gnu-toolchain/bin/../lib/gcc/arm-none-eabi/6.3.1/../../../../arm-none-eabi/lib/thumb/v7e-m\libc.a(lib_a-lock.o)
                0x200008f0                __lock___atexit_recursive_mutex
                0x200008f4                __lock___arc4random_mutex
                0x200008f8                __lock___env_recursive_mutex
                0x200008fc                __lock___sinit_recursive_mutex
                0x20000900                __lock___malloc_recursive_mutex
                0x20000904                __lock___at_quick_exit_mutex
                0x20000908                __lock___dd_hash_mutex
                0x2000090c                __lock___tz_mutex
                0x20000910                __lock___sfp_recursive_mutex
                0x20000914                . = ALIGN (0x4)
 *fill*         0x20000911        0x3 
                0x20000914                _ebss = .
                0x20000914                _ezero = .

.stack          0x20000914     0x3004 load address 0x00403ef8
                0x20000918                . = ALIGN (0x8)
 *fill*         0x20000914        0x4 
                0x20000918                _sstack = .
                0x20003918                . = (. + __stack_size__)
 *fill*         0x20000918     0x3000 
                0x20003918                . = ALIGN (0x8)
                0x20003918                _estack = .
                0x20003918                . = ALIGN (0x4)
                0x20003918                _end = .
OUTPUT(JRSmithFirmware.elf elf32-littlearm)

.ARM.attributes
                0x00000000       0x2a
 .ARM.attributes
                0x00000000       0x1e c:/program files (x86)/atmel/studio/7.0/toolchain/arm/arm-gnu-toolchain/bin/../lib/gcc/arm-none-eabi/6.3.1/thumb/v7e-m/crti.o
 .ARM.attributes
                0x0000001e       0x2e c:/program files (x86)/atmel/studio/7.0/toolchain/arm/arm-gnu-toolchain/bin/../lib/gcc/arm-none-eabi/6.3.1/thumb/v7e-m/crtbegin.o
 .ARM.attributes
                0x0000004c       0x2f src/ASF/sam/drivers/pio/pio_handler.o
 .ARM.attributes
                0x0000007b       0x2f src/ASF/sam/drivers/tc/tc.o
 .ARM.attributes
                0x000000aa       0x2f src/ASF/sam/drivers/usart/usart.o
 .ARM.attributes
                0x000000d9       0x2f src/ASF/sam/drivers/wdt/wdt.o
 .ARM.attributes
                0x00000108       0x2f src/ASF/common/services/delay/sam/cycle_counter.o
 .ARM.attributes
                0x00000137       0x2f src/ASF/common/services/clock/sam4s/sysclk.o
 .ARM.attributes
                0x00000166       0x2f src/ASF/sam/drivers/pio/pio.o
 .ARM.attributes
                0x00000195       0x2f src/ASF/sam/drivers/pmc/pmc.o
 .ARM.attributes
                0x000001c4       0x2f src/timer_interface.o
 .ARM.attributes
                0x000001f3       0x2f src/wifi.o
 .ARM.attributes
                0x00000222       0x2f src/ASF/common/boards/user_board/init.o
 .ARM.attributes
                0x00000251       0x2f src/ASF/sam/utils/cmsis/sam4s/source/templates/gcc/startup_sam4s.o
 .ARM.attributes
                0x00000280       0x2f src/ASF/sam/utils/cmsis/sam4s/source/templates/system_sam4s.o
 .ARM.attributes
                0x000002af       0x2f src/main.o
 .ARM.attributes
                0x000002de       0x1e c:/program files (x86)/atmel/studio/7.0/toolchain/arm/arm-gnu-toolchain/bin/../lib/gcc/arm-none-eabi/6.3.1/thumb/v7e-m\libgcc.a(_aeabi_uldivmod.o)
 .ARM.attributes
                0x000002fc       0x2e c:/program files (x86)/atmel/studio/7.0/toolchain/arm/arm-gnu-toolchain/bin/../lib/gcc/arm-none-eabi/6.3.1/thumb/v7e-m\libgcc.a(_udivmoddi4.o)
 .ARM.attributes
                0x0000032a       0x1e c:/program files (x86)/atmel/studio/7.0/toolchain/arm/arm-gnu-toolchain/bin/../lib/gcc/arm-none-eabi/6.3.1/thumb/v7e-m\libgcc.a(_dvmd_tls.o)
 .ARM.attributes
                0x00000348       0x2e c:/program files (x86)/atmel/studio/7.0/toolchain/arm/arm-gnu-toolchain/bin/../lib/gcc/arm-none-eabi/6.3.1/../../../../arm-none-eabi/lib/thumb/v7e-m\libc.a(lib_a-impure.o)
 .ARM.attributes
                0x00000376       0x2e c:/program files (x86)/atmel/studio/7.0/toolchain/arm/arm-gnu-toolchain/bin/../lib/gcc/arm-none-eabi/6.3.1/../../../../arm-none-eabi/lib/thumb/v7e-m\libc.a(lib_a-init.o)
 .ARM.attributes
                0x000003a4       0x2e c:/program files (x86)/atmel/studio/7.0/toolchain/arm/arm-gnu-toolchain/bin/../lib/gcc/arm-none-eabi/6.3.1/../../../../arm-none-eabi/lib/thumb/v7e-m\libc.a(lib_a-strstr.o)
 .ARM.attributes
                0x000003d2       0x2e c:/program files (x86)/atmel/studio/7.0/toolchain/arm/arm-gnu-toolchain/bin/../lib/gcc/arm-none-eabi/6.3.1/../../../../arm-none-eabi/lib/thumb/v7e-m\libc.a(lib_a-__call_atexit.o)
 .ARM.attributes
                0x00000400       0x2e c:/program files (x86)/atmel/studio/7.0/toolchain/arm/arm-gnu-toolchain/bin/../lib/gcc/arm-none-eabi/6.3.1/../../../../arm-none-eabi/lib/thumb/v7e-m\libc.a(lib_a-atexit.o)
 .ARM.attributes
                0x0000042e       0x2e c:/program files (x86)/atmel/studio/7.0/toolchain/arm/arm-gnu-toolchain/bin/../lib/gcc/arm-none-eabi/6.3.1/../../../../arm-none-eabi/lib/thumb/v7e-m\libc.a(lib_a-fini.o)
 .ARM.attributes
                0x0000045c       0x2e c:/program files (x86)/atmel/studio/7.0/toolchain/arm/arm-gnu-toolchain/bin/../lib/gcc/arm-none-eabi/6.3.1/../../../../arm-none-eabi/lib/thumb/v7e-m\libc.a(lib_a-lock.o)
 .ARM.attributes
                0x0000048a       0x1c c:/program files (x86)/atmel/studio/7.0/toolchain/arm/arm-gnu-toolchain/bin/../lib/gcc/arm-none-eabi/6.3.1/../../../../arm-none-eabi/lib/thumb/v7e-m\libc.a(lib_a-memchr.o)
 .ARM.attributes
                0x000004a6       0x2e c:/program files (x86)/atmel/studio/7.0/toolchain/arm/arm-gnu-toolchain/bin/../lib/gcc/arm-none-eabi/6.3.1/../../../../arm-none-eabi/lib/thumb/v7e-m\libc.a(lib_a-memcmp.o)
 .ARM.attributes
                0x000004d4       0x2e c:/program files (x86)/atmel/studio/7.0/toolchain/arm/arm-gnu-toolchain/bin/../lib/gcc/arm-none-eabi/6.3.1/../../../../arm-none-eabi/lib/thumb/v7e-m\libc.a(lib_a-strchr.o)
 .ARM.attributes
                0x00000502       0x2e c:/program files (x86)/atmel/studio/7.0/toolchain/arm/arm-gnu-toolchain/bin/../lib/gcc/arm-none-eabi/6.3.1/../../../../arm-none-eabi/lib/thumb/v7e-m\libc.a(lib_a-__atexit.o)
 .ARM.attributes
                0x00000530       0x1e c:/program files (x86)/atmel/studio/7.0/toolchain/arm/arm-gnu-toolchain/bin/../lib/gcc/arm-none-eabi/6.3.1/thumb/v7e-m/crtn.o

.comment        0x00000000       0x59
 .comment       0x00000000       0x59 src/ASF/sam/drivers/pio/pio_handler.o
                                 0x5a (size before relaxing)
 .comment       0x00000059       0x5a src/ASF/sam/drivers/tc/tc.o
 .comment       0x00000059       0x5a src/ASF/sam/drivers/usart/usart.o
 .comment       0x00000059       0x5a src/ASF/sam/drivers/wdt/wdt.o
 .comment       0x00000059       0x5a src/ASF/common/services/delay/sam/cycle_counter.o
 .comment       0x00000059       0x5a src/ASF/common/services/clock/sam4s/sysclk.o
 .comment       0x00000059       0x5a src/ASF/sam/drivers/pio/pio.o
 .comment       0x00000059       0x5a src/ASF/sam/drivers/pmc/pmc.o
 .comment       0x00000059       0x5a src/timer_interface.o
 .comment       0x00000059       0x5a src/wifi.o
 .comment       0x00000059       0x5a src/ASF/common/boards/user_board/init.o
 .comment       0x00000059       0x5a src/ASF/sam/utils/cmsis/sam4s/source/templates/gcc/startup_sam4s.o
 .comment       0x00000059       0x5a src/ASF/sam/utils/cmsis/sam4s/source/templates/system_sam4s.o
 .comment       0x00000059       0x5a src/main.o

.debug_info     0x00000000    0x109f8
 .debug_info    0x00000000     0x17aa src/ASF/sam/drivers/pio/pio_handler.o
 .debug_info    0x000017aa     0x1255 src/ASF/sam/drivers/tc/tc.o
 .debug_info    0x000029ff     0x1e90 src/ASF/sam/drivers/usart/usart.o
 .debug_info    0x0000488f      0xbe3 src/ASF/sam/drivers/wdt/wdt.o
 .debug_info    0x00005472      0xa45 src/ASF/common/services/delay/sam/cycle_counter.o
 .debug_info    0x00005eb7     0x1195 src/ASF/common/services/clock/sam4s/sysclk.o
 .debug_info    0x0000704c     0x1d8d src/ASF/sam/drivers/pio/pio.o
 .debug_info    0x00008dd9     0x1a11 src/ASF/sam/drivers/pmc/pmc.o
 .debug_info    0x0000a7ea     0x10b3 src/timer_interface.o
 .debug_info    0x0000b89d     0x1bdd src/wifi.o
 .debug_info    0x0000d47a     0x13aa src/ASF/common/boards/user_board/init.o
 .debug_info    0x0000e824      0x6e9 src/ASF/sam/utils/cmsis/sam4s/source/templates/gcc/startup_sam4s.o
 .debug_info    0x0000ef0d      0x45c src/ASF/sam/utils/cmsis/sam4s/source/templates/system_sam4s.o
 .debug_info    0x0000f369     0x168f src/main.o

.debug_abbrev   0x00000000     0x2237
 .debug_abbrev  0x00000000      0x2c9 src/ASF/sam/drivers/pio/pio_handler.o
 .debug_abbrev  0x000002c9      0x24a src/ASF/sam/drivers/tc/tc.o
 .debug_abbrev  0x00000513      0x2c1 src/ASF/sam/drivers/usart/usart.o
 .debug_abbrev  0x000007d4      0x207 src/ASF/sam/drivers/wdt/wdt.o
 .debug_abbrev  0x000009db      0x1b3 src/ASF/common/services/delay/sam/cycle_counter.o
 .debug_abbrev  0x00000b8e      0x27b src/ASF/common/services/clock/sam4s/sysclk.o
 .debug_abbrev  0x00000e09      0x296 src/ASF/sam/drivers/pio/pio.o
 .debug_abbrev  0x0000109f      0x2b8 src/ASF/sam/drivers/pmc/pmc.o
 .debug_abbrev  0x00001357      0x298 src/timer_interface.o
 .debug_abbrev  0x000015ef      0x318 src/wifi.o
 .debug_abbrev  0x00001907      0x32f src/ASF/common/boards/user_board/init.o
 .debug_abbrev  0x00001c36      0x17c src/ASF/sam/utils/cmsis/sam4s/source/templates/gcc/startup_sam4s.o
 .debug_abbrev  0x00001db2      0x102 src/ASF/sam/utils/cmsis/sam4s/source/templates/system_sam4s.o
 .debug_abbrev  0x00001eb4      0x383 src/main.o

.debug_loc      0x00000000     0x5aca
 .debug_loc     0x00000000      0x364 src/ASF/sam/drivers/pio/pio_handler.o
 .debug_loc     0x00000364      0x844 src/ASF/sam/drivers/tc/tc.o
 .debug_loc     0x00000ba8     0x17d4 src/ASF/sam/drivers/usart/usart.o
 .debug_loc     0x0000237c      0x228 src/ASF/sam/drivers/wdt/wdt.o
 .debug_loc     0x000025a4      0x424 src/ASF/common/services/clock/sam4s/sysclk.o
 .debug_loc     0x000029c8     0x1174 src/ASF/sam/drivers/pio/pio.o
 .debug_loc     0x00003b3c     0x1468 src/ASF/sam/drivers/pmc/pmc.o
 .debug_loc     0x00004fa4      0x1b0 src/timer_interface.o
 .debug_loc     0x00005154      0x528 src/wifi.o
 .debug_loc     0x0000567c      0x160 src/ASF/common/boards/user_board/init.o
 .debug_loc     0x000057dc       0x64 src/ASF/sam/utils/cmsis/sam4s/source/templates/gcc/startup_sam4s.o
 .debug_loc     0x00005840       0xe4 src/ASF/sam/utils/cmsis/sam4s/source/templates/system_sam4s.o
 .debug_loc     0x00005924      0x1a6 src/main.o

.debug_aranges  0x00000000      0x9e8
 .debug_aranges
                0x00000000       0x70 src/ASF/sam/drivers/pio/pio_handler.o
 .debug_aranges
                0x00000070       0xd0 src/ASF/sam/drivers/tc/tc.o
 .debug_aranges
                0x00000140      0x238 src/ASF/sam/drivers/usart/usart.o
 .debug_aranges
                0x00000378       0x48 src/ASF/sam/drivers/wdt/wdt.o
 .debug_aranges
                0x000003c0       0x20 src/ASF/common/services/delay/sam/cycle_counter.o
 .debug_aranges
                0x000003e0       0x88 src/ASF/common/services/clock/sam4s/sysclk.o
 .debug_aranges
                0x00000468      0x1a8 src/ASF/sam/drivers/pio/pio.o
 .debug_aranges
                0x00000610      0x208 src/ASF/sam/drivers/pmc/pmc.o
 .debug_aranges
                0x00000818       0x48 src/timer_interface.o
 .debug_aranges
                0x00000860       0xa8 src/wifi.o
 .debug_aranges
                0x00000908       0x40 src/ASF/common/boards/user_board/init.o
 .debug_aranges
                0x00000948       0x28 src/ASF/sam/utils/cmsis/sam4s/source/templates/gcc/startup_sam4s.o
 .debug_aranges
                0x00000970       0x30 src/ASF/sam/utils/cmsis/sam4s/source/templates/system_sam4s.o
 .debug_aranges
                0x000009a0       0x48 src/main.o

.debug_ranges   0x00000000      0x938
 .debug_ranges  0x00000000       0x60 src/ASF/sam/drivers/pio/pio_handler.o
 .debug_ranges  0x00000060       0xc0 src/ASF/sam/drivers/tc/tc.o
 .debug_ranges  0x00000120      0x228 src/ASF/sam/drivers/usart/usart.o
 .debug_ranges  0x00000348       0x38 src/ASF/sam/drivers/wdt/wdt.o
 .debug_ranges  0x00000380       0x10 src/ASF/common/services/delay/sam/cycle_counter.o
 .debug_ranges  0x00000390       0x78 src/ASF/common/services/clock/sam4s/sysclk.o
 .debug_ranges  0x00000408      0x198 src/ASF/sam/drivers/pio/pio.o
 .debug_ranges  0x000005a0      0x1f8 src/ASF/sam/drivers/pmc/pmc.o
 .debug_ranges  0x00000798       0x38 src/timer_interface.o
 .debug_ranges  0x000007d0       0x98 src/wifi.o
 .debug_ranges  0x00000868       0x48 src/ASF/common/boards/user_board/init.o
 .debug_ranges  0x000008b0       0x18 src/ASF/sam/utils/cmsis/sam4s/source/templates/gcc/startup_sam4s.o
 .debug_ranges  0x000008c8       0x20 src/ASF/sam/utils/cmsis/sam4s/source/templates/system_sam4s.o
 .debug_ranges  0x000008e8       0x50 src/main.o

.debug_macro    0x00000000     0x50bc
 .debug_macro   0x00000000      0x4fd src/ASF/sam/drivers/pio/pio_handler.o
 .debug_macro   0x000004fd       0x8e src/ASF/sam/drivers/pio/pio_handler.o
 .debug_macro   0x0000058b      0x4f4 src/ASF/sam/drivers/tc/tc.o
 .debug_macro   0x00000a7f       0x52 src/ASF/sam/drivers/tc/tc.o
 .debug_macro   0x00000ad1       0x8d src/ASF/sam/drivers/tc/tc.o
 .debug_macro   0x00000b5e       0x16 src/ASF/sam/drivers/tc/tc.o
 .debug_macro   0x00000b74       0x57 src/ASF/sam/drivers/tc/tc.o
 .debug_macro   0x00000bcb       0x1c src/ASF/sam/drivers/tc/tc.o
 .debug_macro   0x00000be7      0x523 src/ASF/sam/drivers/usart/usart.o
 .debug_macro   0x0000110a       0x28 src/ASF/sam/drivers/usart/usart.o
 .debug_macro   0x00001132      0x500 src/ASF/sam/drivers/wdt/wdt.o
 .debug_macro   0x00001632      0x4ed src/ASF/common/services/delay/sam/cycle_counter.o
 .debug_macro   0x00001b1f       0x22 src/ASF/common/services/delay/sam/cycle_counter.o
 .debug_macro   0x00001b41      0x558 src/ASF/common/services/clock/sam4s/sysclk.o
 .debug_macro   0x00002099      0x2c0 src/ASF/common/services/clock/sam4s/sysclk.o
 .debug_macro   0x00002359      0x4f3 src/ASF/sam/drivers/pio/pio.o
 .debug_macro   0x0000284c      0x4f3 src/ASF/sam/drivers/pmc/pmc.o
 .debug_macro   0x00002d3f       0x52 src/ASF/sam/drivers/pmc/pmc.o
 .debug_macro   0x00002d91      0x694 src/timer_interface.o
 .debug_macro   0x00003425       0x28 src/timer_interface.o
 .debug_macro   0x0000344d       0x23 src/timer_interface.o
 .debug_macro   0x00003470       0x94 src/timer_interface.o
 .debug_macro   0x00003504       0x40 src/timer_interface.o
 .debug_macro   0x00003544       0x88 src/timer_interface.o
 .debug_macro   0x000035cc       0x4c src/timer_interface.o
 .debug_macro   0x00003618       0x10 src/timer_interface.o
 .debug_macro   0x00003628       0x16 src/timer_interface.o
 .debug_macro   0x0000363e       0x10 src/timer_interface.o
 .debug_macro   0x0000364e       0x16 src/timer_interface.o
 .debug_macro   0x00003664      0x69e src/wifi.o
 .debug_macro   0x00003d02       0x10 src/wifi.o
 .debug_macro   0x00003d12       0xe8 src/wifi.o
 .debug_macro   0x00003dfa      0x65f src/ASF/common/boards/user_board/init.o
 .debug_macro   0x00004459      0x2df src/ASF/sam/utils/cmsis/sam4s/source/templates/gcc/startup_sam4s.o
 .debug_macro   0x00004738      0x2e7 src/ASF/sam/utils/cmsis/sam4s/source/templates/system_sam4s.o
 .debug_macro   0x00004a1f      0x69d src/main.o

.debug_line     0x00000000     0xb638
 .debug_line    0x00000000      0xb2f src/ASF/sam/drivers/pio/pio_handler.o
 .debug_line    0x00000b2f      0xbcd src/ASF/sam/drivers/tc/tc.o
 .debug_line    0x000016fc     0x1001 src/ASF/sam/drivers/usart/usart.o
 .debug_line    0x000026fd      0xa7b src/ASF/sam/drivers/wdt/wdt.o
 .debug_line    0x00003178      0xa2e src/ASF/common/services/delay/sam/cycle_counter.o
 .debug_line    0x00003ba6      0xc78 src/ASF/common/services/clock/sam4s/sysclk.o
 .debug_line    0x0000481e      0xe47 src/ASF/sam/drivers/pio/pio.o
 .debug_line    0x00005665     0x1030 src/ASF/sam/drivers/pmc/pmc.o
 .debug_line    0x00006695      0xf5f src/timer_interface.o
 .debug_line    0x000075f4     0x10b7 src/wifi.o
 .debug_line    0x000086ab      0xf52 src/ASF/common/boards/user_board/init.o
 .debug_line    0x000095fd      0x819 src/ASF/sam/utils/cmsis/sam4s/source/templates/gcc/startup_sam4s.o
 .debug_line    0x00009e16      0x858 src/ASF/sam/utils/cmsis/sam4s/source/templates/system_sam4s.o
 .debug_line    0x0000a66e      0xfca src/main.o

.debug_str      0x00000000    0x4c97a
 .debug_str     0x00000000    0x47f73 src/ASF/sam/drivers/pio/pio_handler.o
                              0x483c2 (size before relaxing)
 .debug_str     0x00047f73      0x396 src/ASF/sam/drivers/tc/tc.o
                              0x47c1d (size before relaxing)
 .debug_str     0x00048309      0x9d0 src/ASF/sam/drivers/usart/usart.o
                              0x482b7 (size before relaxing)
 .debug_str     0x00048cd9      0x135 src/ASF/sam/drivers/wdt/wdt.o
                              0x479b9 (size before relaxing)
 .debug_str     0x00048e0e      0x1a9 src/ASF/common/services/delay/sam/cycle_counter.o
                              0x47a32 (size before relaxing)
 .debug_str     0x00048fb7     0x16b0 src/ASF/common/services/clock/sam4s/sysclk.o
                              0x48fc9 (size before relaxing)
 .debug_str     0x0004a667      0x4b2 src/ASF/sam/drivers/pio/pio.o
                              0x484d2 (size before relaxing)
 .debug_str     0x0004ab19      0x5cf src/ASF/sam/drivers/pmc/pmc.o
                              0x48330 (size before relaxing)
 .debug_str     0x0004b0e8      0xa59 src/timer_interface.o
                              0x49f6e (size before relaxing)
 .debug_str     0x0004bb41      0x7d1 src/wifi.o
                              0x4ab76 (size before relaxing)
 .debug_str     0x0004c312      0x150 src/ASF/common/boards/user_board/init.o
                              0x49f6c (size before relaxing)
 .debug_str     0x0004c462      0x428 src/ASF/sam/utils/cmsis/sam4s/source/templates/gcc/startup_sam4s.o
                              0x37f53 (size before relaxing)
 .debug_str     0x0004c88a       0xb9 src/ASF/sam/utils/cmsis/sam4s/source/templates/system_sam4s.o
                              0x37cf2 (size before relaxing)
 .debug_str     0x0004c943       0x37 src/main.o
                              0x4a70d (size before relaxing)

.debug_frame    0x00000000     0x2d9c
 .debug_frame   0x00000000      0x1b0 src/ASF/sam/drivers/pio/pio_handler.o
 .debug_frame   0x000001b0      0x3a8 src/ASF/sam/drivers/tc/tc.o
 .debug_frame   0x00000558      0xa98 src/ASF/sam/drivers/usart/usart.o
 .debug_frame   0x00000ff0      0x100 src/ASF/sam/drivers/wdt/wdt.o
 .debug_frame   0x000010f0       0x20 src/ASF/common/services/delay/sam/cycle_counter.o
 .debug_frame   0x00001110      0x208 src/ASF/common/services/clock/sam4s/sysclk.o
 .debug_frame   0x00001318      0x7d4 src/ASF/sam/drivers/pio/pio.o
 .debug_frame   0x00001aec      0x920 src/ASF/sam/drivers/pmc/pmc.o
 .debug_frame   0x0000240c       0xe8 src/timer_interface.o
 .debug_frame   0x000024f4      0x2bc src/wifi.o
 .debug_frame   0x000027b0       0xbc src/ASF/common/boards/user_board/init.o
 .debug_frame   0x0000286c       0x48 src/ASF/sam/utils/cmsis/sam4s/source/templates/gcc/startup_sam4s.o
 .debug_frame   0x000028b4       0x78 src/ASF/sam/utils/cmsis/sam4s/source/templates/system_sam4s.o
 .debug_frame   0x0000292c       0xec src/main.o
 .debug_frame   0x00002a18       0x2c c:/program files (x86)/atmel/studio/7.0/toolchain/arm/arm-gnu-toolchain/bin/../lib/gcc/arm-none-eabi/6.3.1/thumb/v7e-m\libgcc.a(_aeabi_uldivmod.o)
 .debug_frame   0x00002a44       0x34 c:/program files (x86)/atmel/studio/7.0/toolchain/arm/arm-gnu-toolchain/bin/../lib/gcc/arm-none-eabi/6.3.1/thumb/v7e-m\libgcc.a(_udivmoddi4.o)
 .debug_frame   0x00002a78       0x2c c:/program files (x86)/atmel/studio/7.0/toolchain/arm/arm-gnu-toolchain/bin/../lib/gcc/arm-none-eabi/6.3.1/../../../../arm-none-eabi/lib/thumb/v7e-m\libc.a(lib_a-init.o)
 .debug_frame   0x00002aa4       0xd8 c:/program files (x86)/atmel/studio/7.0/toolchain/arm/arm-gnu-toolchain/bin/../lib/gcc/arm-none-eabi/6.3.1/../../../../arm-none-eabi/lib/thumb/v7e-m\libc.a(lib_a-strstr.o)
 .debug_frame   0x00002b7c       0x5c c:/program files (x86)/atmel/studio/7.0/toolchain/arm/arm-gnu-toolchain/bin/../lib/gcc/arm-none-eabi/6.3.1/../../../../arm-none-eabi/lib/thumb/v7e-m\libc.a(lib_a-__call_atexit.o)
 .debug_frame   0x00002bd8       0x20 c:/program files (x86)/atmel/studio/7.0/toolchain/arm/arm-gnu-toolchain/bin/../lib/gcc/arm-none-eabi/6.3.1/../../../../arm-none-eabi/lib/thumb/v7e-m\libc.a(lib_a-atexit.o)
 .debug_frame   0x00002bf8       0x34 c:/program files (x86)/atmel/studio/7.0/toolchain/arm/arm-gnu-toolchain/bin/../lib/gcc/arm-none-eabi/6.3.1/../../../../arm-none-eabi/lib/thumb/v7e-m\libc.a(lib_a-fini.o)
 .debug_frame   0x00002c2c       0xb0 c:/program files (x86)/atmel/studio/7.0/toolchain/arm/arm-gnu-toolchain/bin/../lib/gcc/arm-none-eabi/6.3.1/../../../../arm-none-eabi/lib/thumb/v7e-m\libc.a(lib_a-lock.o)
 .debug_frame   0x00002cdc       0x3c c:/program files (x86)/atmel/studio/7.0/toolchain/arm/arm-gnu-toolchain/bin/../lib/gcc/arm-none-eabi/6.3.1/../../../../arm-none-eabi/lib/thumb/v7e-m\libc.a(lib_a-memcmp.o)
 .debug_frame   0x00002d18       0x50 c:/program files (x86)/atmel/studio/7.0/toolchain/arm/arm-gnu-toolchain/bin/../lib/gcc/arm-none-eabi/6.3.1/../../../../arm-none-eabi/lib/thumb/v7e-m\libc.a(lib_a-strchr.o)
 .debug_frame   0x00002d68       0x34 c:/program files (x86)/atmel/studio/7.0/toolchain/arm/arm-gnu-toolchain/bin/../lib/gcc/arm-none-eabi/6.3.1/../../../../arm-none-eabi/lib/thumb/v7e-m\libc.a(lib_a-__atexit.o)

Cross Reference Table

Symbol                                            File
ACC_Handler                                       src/ASF/sam/utils/cmsis/sam4s/source/templates/gcc/startup_sam4s.o
ADC_Handler                                       src/ASF/sam/utils/cmsis/sam4s/source/templates/gcc/startup_sam4s.o
BusFault_Handler                                  src/ASF/sam/utils/cmsis/sam4s/source/templates/gcc/startup_sam4s.o
CRCCU_Handler                                     src/ASF/sam/utils/cmsis/sam4s/source/templates/gcc/startup_sam4s.o
DACC_Handler                                      src/ASF/sam/utils/cmsis/sam4s/source/templates/gcc/startup_sam4s.o
DebugMon_Handler                                  src/ASF/sam/utils/cmsis/sam4s/source/templates/gcc/startup_sam4s.o
Dummy_Handler                                     src/ASF/sam/utils/cmsis/sam4s/source/templates/gcc/startup_sam4s.o
EFC0_Handler                                      src/ASF/sam/utils/cmsis/sam4s/source/templates/gcc/startup_sam4s.o
HSMCI_Handler                                     src/ASF/sam/utils/cmsis/sam4s/source/templates/gcc/startup_sam4s.o
HardFault_Handler                                 src/ASF/sam/utils/cmsis/sam4s/source/templates/gcc/startup_sam4s.o
MemManage_Handler                                 src/ASF/sam/utils/cmsis/sam4s/source/templates/gcc/startup_sam4s.o
NMI_Handler                                       src/ASF/sam/utils/cmsis/sam4s/source/templates/gcc/startup_sam4s.o
PIOA_Handler                                      src/ASF/sam/drivers/pio/pio_handler.o
PIOB_Handler                                      src/ASF/sam/drivers/pio/pio_handler.o
PMC_Handler                                       src/ASF/sam/utils/cmsis/sam4s/source/templates/gcc/startup_sam4s.o
PWM_Handler                                       src/ASF/sam/utils/cmsis/sam4s/source/templates/gcc/startup_sam4s.o
PendSV_Handler                                    src/ASF/sam/utils/cmsis/sam4s/source/templates/gcc/startup_sam4s.o
RSTC_Handler                                      src/ASF/sam/utils/cmsis/sam4s/source/templates/gcc/startup_sam4s.o
RTC_Handler                                       src/ASF/sam/utils/cmsis/sam4s/source/templates/gcc/startup_sam4s.o
RTT_Handler                                       src/ASF/sam/utils/cmsis/sam4s/source/templates/gcc/startup_sam4s.o
Reset_Handler                                     src/ASF/sam/utils/cmsis/sam4s/source/templates/gcc/startup_sam4s.o
SPI_Handler                                       src/ASF/sam/utils/cmsis/sam4s/source/templates/gcc/startup_sam4s.o
SSC_Handler                                       src/ASF/sam/utils/cmsis/sam4s/source/templates/gcc/startup_sam4s.o
SUPC_Handler                                      src/ASF/sam/utils/cmsis/sam4s/source/templates/gcc/startup_sam4s.o
SVC_Handler                                       src/ASF/sam/utils/cmsis/sam4s/source/templates/gcc/startup_sam4s.o
SysTick_Handler                                   src/ASF/sam/utils/cmsis/sam4s/source/templates/gcc/startup_sam4s.o
SystemCoreClock                                   src/ASF/sam/utils/cmsis/sam4s/source/templates/system_sam4s.o
SystemCoreClockUpdate                             src/ASF/sam/utils/cmsis/sam4s/source/templates/system_sam4s.o
                                                  src/ASF/common/services/clock/sam4s/sysclk.o
SystemInit                                        src/ASF/sam/utils/cmsis/sam4s/source/templates/system_sam4s.o
TC0_Handler                                       src/timer_interface.o
TC1_Handler                                       src/ASF/sam/utils/cmsis/sam4s/source/templates/gcc/startup_sam4s.o
TC2_Handler                                       src/ASF/sam/utils/cmsis/sam4s/source/templates/gcc/startup_sam4s.o
TWI0_Handler                                      src/ASF/sam/utils/cmsis/sam4s/source/templates/gcc/startup_sam4s.o
TWI1_Handler                                      src/ASF/sam/utils/cmsis/sam4s/source/templates/gcc/startup_sam4s.o
UART0_Handler                                     src/ASF/sam/utils/cmsis/sam4s/source/templates/gcc/startup_sam4s.o
UART1_Handler                                     src/ASF/sam/utils/cmsis/sam4s/source/templates/gcc/startup_sam4s.o
UDP_Handler                                       src/ASF/sam/utils/cmsis/sam4s/source/templates/gcc/startup_sam4s.o
USART0_Handler                                    src/wifi.o
USART1_Handler                                    src/ASF/sam/utils/cmsis/sam4s/source/templates/gcc/startup_sam4s.o
UsageFault_Handler                                src/ASF/sam/utils/cmsis/sam4s/source/templates/gcc/startup_sam4s.o
WDT_Handler                                       src/ASF/sam/utils/cmsis/sam4s/source/templates/gcc/startup_sam4s.o
_GLOBAL_OFFSET_TABLE_                             c:/program files (x86)/atmel/studio/7.0/toolchain/arm/arm-gnu-toolchain/bin/../lib/gcc/arm-none-eabi/6.3.1/thumb/v7e-m/crtbegin.o
                                                  src/main.o
                                                  src/ASF/sam/utils/syscalls/gcc/syscalls.o
                                                  src/ASF/sam/utils/cmsis/sam4s/source/templates/system_sam4s.o
                                                  src/ASF/sam/utils/cmsis/sam4s/source/templates/gcc/startup_sam4s.o
                                                  src/ASF/common/utils/interrupt/interrupt_sam_nvic.o
                                                  src/ASF/common/boards/user_board/init.o
                                                  src/wifi.o
                                                  src/timer_interface.o
                                                  src/ASF/sam/drivers/pmc/sleep.o
                                                  src/ASF/sam/drivers/pmc/pmc.o
                                                  src/ASF/sam/drivers/pio/pio.o
                                                  src/ASF/common/services/clock/sam4s/sysclk.o
                                                  src/ASF/common/services/serial/usart_serial.o
                                                  src/ASF/sam/drivers/usart/usart.o
                                                  src/ASF/sam/drivers/twi/twi.o
                                                  src/ASF/sam/drivers/pio/pio_handler.o
                                                  src/ASF/common/utils/stdio/write.o
                                                  src/ASF/common/utils/stdio/read.o
_Jv_RegisterClasses                               c:/program files (x86)/atmel/studio/7.0/toolchain/arm/arm-gnu-toolchain/bin/../lib/gcc/arm-none-eabi/6.3.1/thumb/v7e-m/crtbegin.o
__aeabi_idiv0                                     c:/program files (x86)/atmel/studio/7.0/toolchain/arm/arm-gnu-toolchain/bin/../lib/gcc/arm-none-eabi/6.3.1/thumb/v7e-m\libgcc.a(_dvmd_tls.o)
__aeabi_ldiv0                                     c:/program files (x86)/atmel/studio/7.0/toolchain/arm/arm-gnu-toolchain/bin/../lib/gcc/arm-none-eabi/6.3.1/thumb/v7e-m\libgcc.a(_dvmd_tls.o)
                                                  c:/program files (x86)/atmel/studio/7.0/toolchain/arm/arm-gnu-toolchain/bin/../lib/gcc/arm-none-eabi/6.3.1/thumb/v7e-m\libgcc.a(_aeabi_uldivmod.o)
__aeabi_uldivmod                                  c:/program files (x86)/atmel/studio/7.0/toolchain/arm/arm-gnu-toolchain/bin/../lib/gcc/arm-none-eabi/6.3.1/thumb/v7e-m\libgcc.a(_aeabi_uldivmod.o)
                                                  src/main.o
                                                  src/wifi.o
__atexit_recursive_mutex                          c:/program files (x86)/atmel/studio/7.0/toolchain/arm/arm-gnu-toolchain/bin/../lib/gcc/arm-none-eabi/6.3.1/../../../../arm-none-eabi/lib/thumb/v7e-m\libc.a(lib_a-__call_atexit.o)
                                                  c:/program files (x86)/atmel/studio/7.0/toolchain/arm/arm-gnu-toolchain/bin/../lib/gcc/arm-none-eabi/6.3.1/../../../../arm-none-eabi/lib/thumb/v7e-m\libc.a(lib_a-__atexit.o)
__bss_end__                                       c:/program files (x86)/atmel/studio/7.0/toolchain/arm/arm-gnu-toolchain/bin/../lib/gcc/arm-none-eabi/6.3.1/../../../../arm-none-eabi/lib/thumb/v7e-m/crt0.o
__bss_start__                                     c:/program files (x86)/atmel/studio/7.0/toolchain/arm/arm-gnu-toolchain/bin/../lib/gcc/arm-none-eabi/6.3.1/../../../../arm-none-eabi/lib/thumb/v7e-m/crt0.o
__call_exitprocs                                  c:/program files (x86)/atmel/studio/7.0/toolchain/arm/arm-gnu-toolchain/bin/../lib/gcc/arm-none-eabi/6.3.1/../../../../arm-none-eabi/lib/thumb/v7e-m\libc.a(lib_a-__call_atexit.o)
                                                  c:/program files (x86)/atmel/studio/7.0/toolchain/arm/arm-gnu-toolchain/bin/../lib/gcc/arm-none-eabi/6.3.1/../../../../arm-none-eabi/lib/thumb/v7e-m\libc.a(lib_a-exit.o)
__deregister_frame_info                           c:/program files (x86)/atmel/studio/7.0/toolchain/arm/arm-gnu-toolchain/bin/../lib/gcc/arm-none-eabi/6.3.1/thumb/v7e-m/crtbegin.o
__dso_handle                                      c:/program files (x86)/atmel/studio/7.0/toolchain/arm/arm-gnu-toolchain/bin/../lib/gcc/arm-none-eabi/6.3.1/thumb/v7e-m/crtbegin.o
__fini_array_end                                  c:/program files (x86)/atmel/studio/7.0/toolchain/arm/arm-gnu-toolchain/bin/../lib/gcc/arm-none-eabi/6.3.1/../../../../arm-none-eabi/lib/thumb/v7e-m\libc.a(lib_a-fini.o)
__fini_array_start                                c:/program files (x86)/atmel/studio/7.0/toolchain/arm/arm-gnu-toolchain/bin/../lib/gcc/arm-none-eabi/6.3.1/../../../../arm-none-eabi/lib/thumb/v7e-m\libc.a(lib_a-fini.o)
__init_array_end                                  c:/program files (x86)/atmel/studio/7.0/toolchain/arm/arm-gnu-toolchain/bin/../lib/gcc/arm-none-eabi/6.3.1/../../../../arm-none-eabi/lib/thumb/v7e-m\libc.a(lib_a-init.o)
__init_array_start                                c:/program files (x86)/atmel/studio/7.0/toolchain/arm/arm-gnu-toolchain/bin/../lib/gcc/arm-none-eabi/6.3.1/../../../../arm-none-eabi/lib/thumb/v7e-m\libc.a(lib_a-init.o)
__libc_fini                                       c:/program files (x86)/atmel/studio/7.0/toolchain/arm/arm-gnu-toolchain/bin/../lib/gcc/arm-none-eabi/6.3.1/../../../../arm-none-eabi/lib/thumb/v7e-m\libc.a(lib_a-__call_atexit.o)
__libc_fini_array                                 c:/program files (x86)/atmel/studio/7.0/toolchain/arm/arm-gnu-toolchain/bin/../lib/gcc/arm-none-eabi/6.3.1/../../../../arm-none-eabi/lib/thumb/v7e-m\libc.a(lib_a-fini.o)
                                                  c:/program files (x86)/atmel/studio/7.0/toolchain/arm/arm-gnu-toolchain/bin/../lib/gcc/arm-none-eabi/6.3.1/../../../../arm-none-eabi/lib/thumb/v7e-m\libc.a(lib_a-__call_atexit.o)
                                                  c:/program files (x86)/atmel/studio/7.0/toolchain/arm/arm-gnu-toolchain/bin/../lib/gcc/arm-none-eabi/6.3.1/../../../../arm-none-eabi/lib/thumb/v7e-m/crt0.o
__libc_init_array                                 c:/program files (x86)/atmel/studio/7.0/toolchain/arm/arm-gnu-toolchain/bin/../lib/gcc/arm-none-eabi/6.3.1/../../../../arm-none-eabi/lib/thumb/v7e-m\libc.a(lib_a-init.o)
                                                  src/ASF/sam/utils/cmsis/sam4s/source/templates/gcc/startup_sam4s.o
                                                  c:/program files (x86)/atmel/studio/7.0/toolchain/arm/arm-gnu-toolchain/bin/../lib/gcc/arm-none-eabi/6.3.1/../../../../arm-none-eabi/lib/thumb/v7e-m/crt0.o
__lock___arc4random_mutex                         c:/program files (x86)/atmel/studio/7.0/toolchain/arm/arm-gnu-toolchain/bin/../lib/gcc/arm-none-eabi/6.3.1/../../../../arm-none-eabi/lib/thumb/v7e-m\libc.a(lib_a-lock.o)
__lock___at_quick_exit_mutex                      c:/program files (x86)/atmel/studio/7.0/toolchain/arm/arm-gnu-toolchain/bin/../lib/gcc/arm-none-eabi/6.3.1/../../../../arm-none-eabi/lib/thumb/v7e-m\libc.a(lib_a-lock.o)
__lock___atexit_recursive_mutex                   c:/program files (x86)/atmel/studio/7.0/toolchain/arm/arm-gnu-toolchain/bin/../lib/gcc/arm-none-eabi/6.3.1/../../../../arm-none-eabi/lib/thumb/v7e-m\libc.a(lib_a-lock.o)
                                                  c:/program files (x86)/atmel/studio/7.0/toolchain/arm/arm-gnu-toolchain/bin/../lib/gcc/arm-none-eabi/6.3.1/../../../../arm-none-eabi/lib/thumb/v7e-m\libc.a(lib_a-__call_atexit.o)
__lock___dd_hash_mutex                            c:/program files (x86)/atmel/studio/7.0/toolchain/arm/arm-gnu-toolchain/bin/../lib/gcc/arm-none-eabi/6.3.1/../../../../arm-none-eabi/lib/thumb/v7e-m\libc.a(lib_a-lock.o)
__lock___env_recursive_mutex                      c:/program files (x86)/atmel/studio/7.0/toolchain/arm/arm-gnu-toolchain/bin/../lib/gcc/arm-none-eabi/6.3.1/../../../../arm-none-eabi/lib/thumb/v7e-m\libc.a(lib_a-lock.o)
__lock___malloc_recursive_mutex                   c:/program files (x86)/atmel/studio/7.0/toolchain/arm/arm-gnu-toolchain/bin/../lib/gcc/arm-none-eabi/6.3.1/../../../../arm-none-eabi/lib/thumb/v7e-m\libc.a(lib_a-lock.o)
__lock___sfp_recursive_mutex                      c:/program files (x86)/atmel/studio/7.0/toolchain/arm/arm-gnu-toolchain/bin/../lib/gcc/arm-none-eabi/6.3.1/../../../../arm-none-eabi/lib/thumb/v7e-m\libc.a(lib_a-lock.o)
__lock___sinit_recursive_mutex                    c:/program files (x86)/atmel/studio/7.0/toolchain/arm/arm-gnu-toolchain/bin/../lib/gcc/arm-none-eabi/6.3.1/../../../../arm-none-eabi/lib/thumb/v7e-m\libc.a(lib_a-lock.o)
__lock___tz_mutex                                 c:/program files (x86)/atmel/studio/7.0/toolchain/arm/arm-gnu-toolchain/bin/../lib/gcc/arm-none-eabi/6.3.1/../../../../arm-none-eabi/lib/thumb/v7e-m\libc.a(lib_a-lock.o)
__preinit_array_end                               c:/program files (x86)/atmel/studio/7.0/toolchain/arm/arm-gnu-toolchain/bin/../lib/gcc/arm-none-eabi/6.3.1/../../../../arm-none-eabi/lib/thumb/v7e-m\libc.a(lib_a-init.o)
__preinit_array_start                             c:/program files (x86)/atmel/studio/7.0/toolchain/arm/arm-gnu-toolchain/bin/../lib/gcc/arm-none-eabi/6.3.1/../../../../arm-none-eabi/lib/thumb/v7e-m\libc.a(lib_a-init.o)
__ram_end__                                       src/ASF/sam/utils/syscalls/gcc/syscalls.o
__register_exitproc                               c:/program files (x86)/atmel/studio/7.0/toolchain/arm/arm-gnu-toolchain/bin/../lib/gcc/arm-none-eabi/6.3.1/../../../../arm-none-eabi/lib/thumb/v7e-m\libc.a(lib_a-__atexit.o)
                                                  c:/program files (x86)/atmel/studio/7.0/toolchain/arm/arm-gnu-toolchain/bin/../lib/gcc/arm-none-eabi/6.3.1/../../../../arm-none-eabi/lib/thumb/v7e-m\libc.a(lib_a-atexit.o)
__register_frame_info                             c:/program files (x86)/atmel/studio/7.0/toolchain/arm/arm-gnu-toolchain/bin/../lib/gcc/arm-none-eabi/6.3.1/thumb/v7e-m/crtbegin.o
__retarget_lock_acquire                           c:/program files (x86)/atmel/studio/7.0/toolchain/arm/arm-gnu-toolchain/bin/../lib/gcc/arm-none-eabi/6.3.1/../../../../arm-none-eabi/lib/thumb/v7e-m\libc.a(lib_a-lock.o)
__retarget_lock_acquire_recursive                 c:/program files (x86)/atmel/studio/7.0/toolchain/arm/arm-gnu-toolchain/bin/../lib/gcc/arm-none-eabi/6.3.1/../../../../arm-none-eabi/lib/thumb/v7e-m\libc.a(lib_a-lock.o)
                                                  c:/program files (x86)/atmel/studio/7.0/toolchain/arm/arm-gnu-toolchain/bin/../lib/gcc/arm-none-eabi/6.3.1/../../../../arm-none-eabi/lib/thumb/v7e-m\libc.a(lib_a-__atexit.o)
                                                  c:/program files (x86)/atmel/studio/7.0/toolchain/arm/arm-gnu-toolchain/bin/../lib/gcc/arm-none-eabi/6.3.1/../../../../arm-none-eabi/lib/thumb/v7e-m\libc.a(lib_a-__call_atexit.o)
__retarget_lock_close                             c:/program files (x86)/atmel/studio/7.0/toolchain/arm/arm-gnu-toolchain/bin/../lib/gcc/arm-none-eabi/6.3.1/../../../../arm-none-eabi/lib/thumb/v7e-m\libc.a(lib_a-lock.o)
__retarget_lock_close_recursive                   c:/program files (x86)/atmel/studio/7.0/toolchain/arm/arm-gnu-toolchain/bin/../lib/gcc/arm-none-eabi/6.3.1/../../../../arm-none-eabi/lib/thumb/v7e-m\libc.a(lib_a-lock.o)
__retarget_lock_init                              c:/program files (x86)/atmel/studio/7.0/toolchain/arm/arm-gnu-toolchain/bin/../lib/gcc/arm-none-eabi/6.3.1/../../../../arm-none-eabi/lib/thumb/v7e-m\libc.a(lib_a-lock.o)
__retarget_lock_init_recursive                    c:/program files (x86)/atmel/studio/7.0/toolchain/arm/arm-gnu-toolchain/bin/../lib/gcc/arm-none-eabi/6.3.1/../../../../arm-none-eabi/lib/thumb/v7e-m\libc.a(lib_a-lock.o)
__retarget_lock_release                           c:/program files (x86)/atmel/studio/7.0/toolchain/arm/arm-gnu-toolchain/bin/../lib/gcc/arm-none-eabi/6.3.1/../../../../arm-none-eabi/lib/thumb/v7e-m\libc.a(lib_a-lock.o)
__retarget_lock_release_recursive                 c:/program files (x86)/atmel/studio/7.0/toolchain/arm/arm-gnu-toolchain/bin/../lib/gcc/arm-none-eabi/6.3.1/../../../../arm-none-eabi/lib/thumb/v7e-m\libc.a(lib_a-lock.o)
                                                  c:/program files (x86)/atmel/studio/7.0/toolchain/arm/arm-gnu-toolchain/bin/../lib/gcc/arm-none-eabi/6.3.1/../../../../arm-none-eabi/lib/thumb/v7e-m\libc.a(lib_a-__atexit.o)
                                                  c:/program files (x86)/atmel/studio/7.0/toolchain/arm/arm-gnu-toolchain/bin/../lib/gcc/arm-none-eabi/6.3.1/../../../../arm-none-eabi/lib/thumb/v7e-m\libc.a(lib_a-__call_atexit.o)
__retarget_lock_try_acquire                       c:/program files (x86)/atmel/studio/7.0/toolchain/arm/arm-gnu-toolchain/bin/../lib/gcc/arm-none-eabi/6.3.1/../../../../arm-none-eabi/lib/thumb/v7e-m\libc.a(lib_a-lock.o)
__retarget_lock_try_acquire_recursive             c:/program files (x86)/atmel/studio/7.0/toolchain/arm/arm-gnu-toolchain/bin/../lib/gcc/arm-none-eabi/6.3.1/../../../../arm-none-eabi/lib/thumb/v7e-m\libc.a(lib_a-lock.o)
__stack                                           c:/program files (x86)/atmel/studio/7.0/toolchain/arm/arm-gnu-toolchain/bin/../lib/gcc/arm-none-eabi/6.3.1/../../../../arm-none-eabi/lib/thumb/v7e-m/crt0.o
__udivmoddi4                                      c:/program files (x86)/atmel/studio/7.0/toolchain/arm/arm-gnu-toolchain/bin/../lib/gcc/arm-none-eabi/6.3.1/thumb/v7e-m\libgcc.a(_udivmoddi4.o)
                                                  c:/program files (x86)/atmel/studio/7.0/toolchain/arm/arm-gnu-toolchain/bin/../lib/gcc/arm-none-eabi/6.3.1/thumb/v7e-m\libgcc.a(_aeabi_uldivmod.o)
_close                                            src/ASF/sam/utils/syscalls/gcc/syscalls.o
_end                                              src/ASF/sam/utils/syscalls/gcc/syscalls.o
_erelocate                                        src/ASF/sam/utils/cmsis/sam4s/source/templates/gcc/startup_sam4s.o
_estack                                           src/ASF/sam/utils/cmsis/sam4s/source/templates/gcc/startup_sam4s.o
_etext                                            src/ASF/sam/utils/cmsis/sam4s/source/templates/gcc/startup_sam4s.o
_exit                                             src/ASF/sam/utils/syscalls/gcc/syscalls.o
                                                  c:/program files (x86)/atmel/studio/7.0/toolchain/arm/arm-gnu-toolchain/bin/../lib/gcc/arm-none-eabi/6.3.1/../../../../arm-none-eabi/lib/thumb/v7e-m\libc.a(lib_a-exit.o)
_ezero                                            src/ASF/sam/utils/cmsis/sam4s/source/templates/gcc/startup_sam4s.o
_fini                                             c:/program files (x86)/atmel/studio/7.0/toolchain/arm/arm-gnu-toolchain/bin/../lib/gcc/arm-none-eabi/6.3.1/thumb/v7e-m/crti.o
                                                  c:/program files (x86)/atmel/studio/7.0/toolchain/arm/arm-gnu-toolchain/bin/../lib/gcc/arm-none-eabi/6.3.1/../../../../arm-none-eabi/lib/thumb/v7e-m\libc.a(lib_a-fini.o)
_fstat                                            src/ASF/sam/utils/syscalls/gcc/syscalls.o
_getpid                                           src/ASF/sam/utils/syscalls/gcc/syscalls.o
_global_impure_ptr                                c:/program files (x86)/atmel/studio/7.0/toolchain/arm/arm-gnu-toolchain/bin/../lib/gcc/arm-none-eabi/6.3.1/../../../../arm-none-eabi/lib/thumb/v7e-m\libc.a(lib_a-impure.o)
                                                  c:/program files (x86)/atmel/studio/7.0/toolchain/arm/arm-gnu-toolchain/bin/../lib/gcc/arm-none-eabi/6.3.1/../../../../arm-none-eabi/lib/thumb/v7e-m\libc.a(lib_a-__atexit.o)
                                                  c:/program files (x86)/atmel/studio/7.0/toolchain/arm/arm-gnu-toolchain/bin/../lib/gcc/arm-none-eabi/6.3.1/../../../../arm-none-eabi/lib/thumb/v7e-m\libc.a(lib_a-__call_atexit.o)
                                                  c:/program files (x86)/atmel/studio/7.0/toolchain/arm/arm-gnu-toolchain/bin/../lib/gcc/arm-none-eabi/6.3.1/../../../../arm-none-eabi/lib/thumb/v7e-m\libc.a(lib_a-exit.o)
_impure_ptr                                       c:/program files (x86)/atmel/studio/7.0/toolchain/arm/arm-gnu-toolchain/bin/../lib/gcc/arm-none-eabi/6.3.1/../../../../arm-none-eabi/lib/thumb/v7e-m\libc.a(lib_a-impure.o)
_init                                             c:/program files (x86)/atmel/studio/7.0/toolchain/arm/arm-gnu-toolchain/bin/../lib/gcc/arm-none-eabi/6.3.1/thumb/v7e-m/crti.o
                                                  c:/program files (x86)/atmel/studio/7.0/toolchain/arm/arm-gnu-toolchain/bin/../lib/gcc/arm-none-eabi/6.3.1/../../../../arm-none-eabi/lib/thumb/v7e-m\libc.a(lib_a-init.o)
_isatty                                           src/ASF/sam/utils/syscalls/gcc/syscalls.o
_kill                                             src/ASF/sam/utils/syscalls/gcc/syscalls.o
_lseek                                            src/ASF/sam/utils/syscalls/gcc/syscalls.o
_mainCRTStartup                                   c:/program files (x86)/atmel/studio/7.0/toolchain/arm/arm-gnu-toolchain/bin/../lib/gcc/arm-none-eabi/6.3.1/../../../../arm-none-eabi/lib/thumb/v7e-m/crt0.o
_read                                             src/ASF/common/utils/stdio/read.o
_sbrk                                             src/ASF/sam/utils/syscalls/gcc/syscalls.o
_sfixed                                           src/ASF/sam/utils/cmsis/sam4s/source/templates/gcc/startup_sam4s.o
_srelocate                                        src/ASF/sam/utils/cmsis/sam4s/source/templates/gcc/startup_sam4s.o
_start                                            c:/program files (x86)/atmel/studio/7.0/toolchain/arm/arm-gnu-toolchain/bin/../lib/gcc/arm-none-eabi/6.3.1/../../../../arm-none-eabi/lib/thumb/v7e-m/crt0.o
_szero                                            src/ASF/sam/utils/cmsis/sam4s/source/templates/gcc/startup_sam4s.o
_write                                            src/ASF/common/utils/stdio/write.o
atexit                                            c:/program files (x86)/atmel/studio/7.0/toolchain/arm/arm-gnu-toolchain/bin/../lib/gcc/arm-none-eabi/6.3.1/../../../../arm-none-eabi/lib/thumb/v7e-m\libc.a(lib_a-atexit.o)
                                                  c:/program files (x86)/atmel/studio/7.0/toolchain/arm/arm-gnu-toolchain/bin/../lib/gcc/arm-none-eabi/6.3.1/../../../../arm-none-eabi/lib/thumb/v7e-m\libc.a(lib_a-__call_atexit.o)
                                                  c:/program files (x86)/atmel/studio/7.0/toolchain/arm/arm-gnu-toolchain/bin/../lib/gcc/arm-none-eabi/6.3.1/../../../../arm-none-eabi/lib/thumb/v7e-m/crt0.o
board_init                                        src/ASF/common/boards/user_board/init.o
                                                  src/main.o
closed_flag                                       src/wifi.o
                                                  src/main.o
command_received_flag                             src/wifi.o
                                                  src/main.o
configure_led_rst_pin                             src/wifi.o
configure_tc                                      src/timer_interface.o
                                                  src/main.o
configure_usart_wifi                              src/wifi.o
                                                  src/main.o
configure_wifi_comm_pin                           src/wifi.o
                                                  src/main.o
configure_wifi_web_setup_pin                      src/wifi.o
                                                  src/main.o
counts                                            src/main.o
                                                  src/wifi.o
                                                  src/timer_interface.o
cpu_irq_enter_critical                            src/ASF/common/utils/interrupt/interrupt_sam_nvic.o
cpu_irq_leave_critical                            src/ASF/common/utils/interrupt/interrupt_sam_nvic.o
exception_table                                   src/ASF/sam/utils/cmsis/sam4s/source/templates/gcc/startup_sam4s.o
exit                                              c:/program files (x86)/atmel/studio/7.0/toolchain/arm/arm-gnu-toolchain/bin/../lib/gcc/arm-none-eabi/6.3.1/../../../../arm-none-eabi/lib/thumb/v7e-m\libc.a(lib_a-exit.o)
                                                  c:/program files (x86)/atmel/studio/7.0/toolchain/arm/arm-gnu-toolchain/bin/../lib/gcc/arm-none-eabi/6.3.1/../../../../arm-none-eabi/lib/thumb/v7e-m/crt0.o
fall_flag                                         src/wifi.o
                                                  src/main.o
free                                              c:/program files (x86)/atmel/studio/7.0/toolchain/arm/arm-gnu-toolchain/bin/../lib/gcc/arm-none-eabi/6.3.1/../../../../arm-none-eabi/lib/thumb/v7e-m\libc.a(lib_a-__call_atexit.o)
g_interrupt_enabled                               src/ASF/common/utils/interrupt/interrupt_sam_nvic.o
                                                  src/ASF/sam/drivers/pmc/sleep.o
hardware_init_hook                                c:/program files (x86)/atmel/studio/7.0/toolchain/arm/arm-gnu-toolchain/bin/../lib/gcc/arm-none-eabi/6.3.1/../../../../arm-none-eabi/lib/thumb/v7e-m/crt0.o
image_length_JPEG_string                          src/main.o
                                                  src/wifi.o
image_string_length                               src/wifi.o
                                                  src/main.o
input_line_wifi                                   src/main.o
                                                  src/wifi.o
input_pos_wifi                                    src/wifi.o
                                                  src/main.o
led_rst_flag                                      src/wifi.o
                                                  src/main.o
led_rst_handler                                   src/wifi.o
link                                              src/ASF/sam/utils/syscalls/gcc/syscalls.o
main                                              src/main.o
                                                  src/ASF/sam/utils/cmsis/sam4s/source/templates/gcc/startup_sam4s.o
                                                  c:/program files (x86)/atmel/studio/7.0/toolchain/arm/arm-gnu-toolchain/bin/../lib/gcc/arm-none-eabi/6.3.1/../../../../arm-none-eabi/lib/thumb/v7e-m/crt0.o
malloc                                            c:/program files (x86)/atmel/studio/7.0/toolchain/arm/arm-gnu-toolchain/bin/../lib/gcc/arm-none-eabi/6.3.1/../../../../arm-none-eabi/lib/thumb/v7e-m\libc.a(lib_a-__atexit.o)
memchr                                            c:/program files (x86)/atmel/studio/7.0/toolchain/arm/arm-gnu-toolchain/bin/../lib/gcc/arm-none-eabi/6.3.1/../../../../arm-none-eabi/lib/thumb/v7e-m\libc.a(lib_a-memchr.o)
                                                  c:/program files (x86)/atmel/studio/7.0/toolchain/arm/arm-gnu-toolchain/bin/../lib/gcc/arm-none-eabi/6.3.1/../../../../arm-none-eabi/lib/thumb/v7e-m\libc.a(lib_a-strstr.o)
memcmp                                            c:/program files (x86)/atmel/studio/7.0/toolchain/arm/arm-gnu-toolchain/bin/../lib/gcc/arm-none-eabi/6.3.1/../../../../arm-none-eabi/lib/thumb/v7e-m\libc.a(lib_a-memcmp.o)
                                                  c:/program files (x86)/atmel/studio/7.0/toolchain/arm/arm-gnu-toolchain/bin/../lib/gcc/arm-none-eabi/6.3.1/../../../../arm-none-eabi/lib/thumb/v7e-m\libc.a(lib_a-strstr.o)
memset                                            c:/program files (x86)/atmel/studio/7.0/toolchain/arm/arm-gnu-toolchain/bin/../lib/gcc/arm-none-eabi/6.3.1/../../../../arm-none-eabi/lib/thumb/v7e-m\libc.a(lib_a-memset.o)
                                                  c:/program files (x86)/atmel/studio/7.0/toolchain/arm/arm-gnu-toolchain/bin/../lib/gcc/arm-none-eabi/6.3.1/../../../../arm-none-eabi/lib/thumb/v7e-m/crt0.o
new_rx_wifi                                       src/wifi.o
                                                  src/main.o
none_flag                                         src/wifi.o
                                                  src/main.o
okay_flag                                         src/wifi.o
                                                  src/main.o
pio_capture_disable                               src/ASF/sam/drivers/pio/pio.o
pio_capture_disable_interrupt                     src/ASF/sam/drivers/pio/pio.o
pio_capture_enable                                src/ASF/sam/drivers/pio/pio.o
pio_capture_enable_flag                           src/ASF/sam/drivers/pio/pio.o
                                                  src/ASF/sam/drivers/pio/pio_handler.o
pio_capture_enable_interrupt                      src/ASF/sam/drivers/pio/pio.o
pio_capture_get_interrupt_mask                    src/ASF/sam/drivers/pio/pio.o
pio_capture_get_interrupt_status                  src/ASF/sam/drivers/pio/pio.o
pio_capture_get_pdc_base                          src/ASF/sam/drivers/pio/pio.o
pio_capture_handler_set                           src/ASF/sam/drivers/pio/pio_handler.o
pio_capture_read                                  src/ASF/sam/drivers/pio/pio.o
pio_capture_set_mode                              src/ASF/sam/drivers/pio/pio.o
pio_clear                                         src/ASF/sam/drivers/pio/pio.o
pio_configure                                     src/ASF/sam/drivers/pio/pio.o
pio_configure_interrupt                           src/ASF/sam/drivers/pio/pio.o
                                                  src/ASF/sam/drivers/pio/pio_handler.o
pio_configure_pin                                 src/ASF/sam/drivers/pio/pio.o
                                                  src/wifi.o
pio_configure_pin_group                           src/ASF/sam/drivers/pio/pio.o
pio_disable_interrupt                             src/ASF/sam/drivers/pio/pio.o
                                                  src/ASF/sam/drivers/pio/pio_handler.o
pio_disable_output_write                          src/ASF/sam/drivers/pio/pio.o
pio_disable_pin_interrupt                         src/ASF/sam/drivers/pio/pio.o
pio_enable_interrupt                              src/ASF/sam/drivers/pio/pio.o
                                                  src/wifi.o
                                                  src/ASF/sam/drivers/pio/pio_handler.o
pio_enable_output_write                           src/ASF/sam/drivers/pio/pio.o
pio_enable_pin_interrupt                          src/ASF/sam/drivers/pio/pio.o
pio_get                                           src/ASF/sam/drivers/pio/pio.o
pio_get_interrupt_mask                            src/ASF/sam/drivers/pio/pio.o
                                                  src/ASF/sam/drivers/pio/pio_handler.o
pio_get_interrupt_status                          src/ASF/sam/drivers/pio/pio.o
                                                  src/ASF/sam/drivers/pio/pio_handler.o
pio_get_multi_driver_status                       src/ASF/sam/drivers/pio/pio.o
pio_get_output_data_status                        src/ASF/sam/drivers/pio/pio.o
pio_get_output_write_status                       src/ASF/sam/drivers/pio/pio.o
pio_get_pin_group                                 src/ASF/sam/drivers/pio/pio.o
                                                  src/ASF/sam/drivers/pio/pio_handler.o
pio_get_pin_group_id                              src/ASF/sam/drivers/pio/pio.o
                                                  src/ASF/sam/drivers/pio/pio_handler.o
pio_get_pin_group_mask                            src/ASF/sam/drivers/pio/pio.o
                                                  src/ASF/sam/drivers/pio/pio_handler.o
pio_get_pin_value                                 src/ASF/sam/drivers/pio/pio.o
pio_get_schmitt_trigger                           src/ASF/sam/drivers/pio/pio.o
pio_get_writeprotect_status                       src/ASF/sam/drivers/pio/pio.o
pio_handler_process                               src/ASF/sam/drivers/pio/pio_handler.o
pio_handler_set                                   src/ASF/sam/drivers/pio/pio_handler.o
                                                  src/wifi.o
pio_handler_set_pin                               src/ASF/sam/drivers/pio/pio_handler.o
pio_handler_set_priority                          src/ASF/sam/drivers/pio/pio_handler.o
pio_pull_down                                     src/ASF/sam/drivers/pio/pio.o
pio_pull_up                                       src/ASF/sam/drivers/pio/pio.o
pio_set                                           src/ASF/sam/drivers/pio/pio.o
pio_set_additional_interrupt_mode                 src/ASF/sam/drivers/pio/pio.o
pio_set_debounce_filter                           src/ASF/sam/drivers/pio/pio.o
                                                  src/wifi.o
pio_set_input                                     src/ASF/sam/drivers/pio/pio.o
pio_set_multi_driver                              src/ASF/sam/drivers/pio/pio.o
pio_set_output                                    src/ASF/sam/drivers/pio/pio.o
pio_set_peripheral                                src/ASF/sam/drivers/pio/pio.o
pio_set_pin_group_high                            src/ASF/sam/drivers/pio/pio.o
pio_set_pin_group_low                             src/ASF/sam/drivers/pio/pio.o
pio_set_pin_high                                  src/ASF/sam/drivers/pio/pio.o
pio_set_pin_low                                   src/ASF/sam/drivers/pio/pio.o
pio_set_schmitt_trigger                           src/ASF/sam/drivers/pio/pio.o
pio_set_writeprotect                              src/ASF/sam/drivers/pio/pio.o
pio_sync_output_write                             src/ASF/sam/drivers/pio/pio.o
pio_toggle_pin                                    src/ASF/sam/drivers/pio/pio.o
pio_toggle_pin_group                              src/ASF/sam/drivers/pio/pio.o
pmc_clr_fast_startup_input                        src/ASF/sam/drivers/pmc/pmc.o
pmc_disable_all_pck                               src/ASF/sam/drivers/pmc/pmc.o
pmc_disable_all_periph_clk                        src/ASF/sam/drivers/pmc/pmc.o
pmc_disable_clock_failure_detector                src/ASF/sam/drivers/pmc/pmc.o
pmc_disable_interrupt                             src/ASF/sam/drivers/pmc/pmc.o
pmc_disable_pck                                   src/ASF/sam/drivers/pmc/pmc.o
pmc_disable_periph_clk                            src/ASF/sam/drivers/pmc/pmc.o
pmc_disable_pllack                                src/ASF/sam/drivers/pmc/pmc.o
                                                  src/ASF/sam/drivers/pmc/sleep.o
                                                  src/ASF/common/services/clock/sam4s/sysclk.o
pmc_disable_pllbck                                src/ASF/sam/drivers/pmc/pmc.o
                                                  src/ASF/sam/drivers/pmc/sleep.o
                                                  src/ASF/common/services/clock/sam4s/sysclk.o
pmc_disable_udpck                                 src/ASF/sam/drivers/pmc/pmc.o
pmc_enable_all_pck                                src/ASF/sam/drivers/pmc/pmc.o
pmc_enable_all_periph_clk                         src/ASF/sam/drivers/pmc/pmc.o
pmc_enable_backupmode                             src/ASF/sam/drivers/pmc/pmc.o
pmc_enable_clock_failure_detector                 src/ASF/sam/drivers/pmc/pmc.o
pmc_enable_interrupt                              src/ASF/sam/drivers/pmc/pmc.o
pmc_enable_pck                                    src/ASF/sam/drivers/pmc/pmc.o
pmc_enable_periph_clk                             src/ASF/sam/drivers/pmc/pmc.o
                                                  src/ASF/common/boards/user_board/init.o
                                                  src/wifi.o
                                                  src/timer_interface.o
pmc_enable_pllack                                 src/ASF/sam/drivers/pmc/pmc.o
pmc_enable_pllbck                                 src/ASF/sam/drivers/pmc/pmc.o
pmc_enable_sleepmode                              src/ASF/sam/drivers/pmc/pmc.o
pmc_enable_udpck                                  src/ASF/sam/drivers/pmc/pmc.o
pmc_enable_waitmode                               src/ASF/sam/drivers/pmc/pmc.o
                                                  src/ASF/sam/drivers/pmc/sleep.o
pmc_get_interrupt_mask                            src/ASF/sam/drivers/pmc/pmc.o
pmc_get_status                                    src/ASF/sam/drivers/pmc/pmc.o
pmc_get_writeprotect_status                       src/ASF/sam/drivers/pmc/pmc.o
pmc_is_locked_pllack                              src/ASF/sam/drivers/pmc/pmc.o
                                                  src/ASF/common/services/clock/sam4s/sysclk.o
pmc_is_locked_pllbck                              src/ASF/sam/drivers/pmc/pmc.o
                                                  src/ASF/common/services/clock/sam4s/sysclk.o
pmc_is_pck_enabled                                src/ASF/sam/drivers/pmc/pmc.o
pmc_is_periph_clk_enabled                         src/ASF/sam/drivers/pmc/pmc.o
pmc_is_wakeup_clocks_restored                     src/ASF/sam/drivers/pmc/sleep.o
pmc_mainck_osc_select                             src/ASF/sam/drivers/pmc/pmc.o
pmc_mck_set_prescaler                             src/ASF/sam/drivers/pmc/pmc.o
                                                  src/ASF/common/services/clock/sam4s/sysclk.o
pmc_mck_set_source                                src/ASF/sam/drivers/pmc/pmc.o
                                                  src/ASF/common/services/clock/sam4s/sysclk.o
pmc_osc_bypass_main_xtal                          src/ASF/sam/drivers/pmc/pmc.o
pmc_osc_disable_fastrc                            src/ASF/sam/drivers/pmc/pmc.o
pmc_osc_disable_main_xtal                         src/ASF/sam/drivers/pmc/pmc.o
pmc_osc_disable_xtal                              src/ASF/sam/drivers/pmc/pmc.o
pmc_osc_enable_fastrc                             src/ASF/sam/drivers/pmc/pmc.o
pmc_osc_enable_main_xtal                          src/ASF/sam/drivers/pmc/pmc.o
pmc_osc_is_bypassed_main_xtal                     src/ASF/sam/drivers/pmc/pmc.o
pmc_osc_is_ready_32kxtal                          src/ASF/sam/drivers/pmc/pmc.o
                                                  src/ASF/common/services/clock/sam4s/sysclk.o
pmc_osc_is_ready_fastrc                           src/ASF/sam/drivers/pmc/pmc.o
pmc_osc_is_ready_main_xtal                        src/ASF/sam/drivers/pmc/pmc.o
pmc_osc_is_ready_mainck                           src/ASF/sam/drivers/pmc/pmc.o
                                                  src/ASF/common/services/clock/sam4s/sysclk.o
pmc_pck_set_prescaler                             src/ASF/sam/drivers/pmc/pmc.o
pmc_pck_set_source                                src/ASF/sam/drivers/pmc/pmc.o
pmc_set_fast_startup_input                        src/ASF/sam/drivers/pmc/pmc.o
pmc_set_flash_in_wait_mode                        src/ASF/sam/drivers/pmc/pmc.o
                                                  src/ASF/sam/drivers/pmc/sleep.o
pmc_set_writeprotect                              src/ASF/sam/drivers/pmc/pmc.o
pmc_sleep                                         src/ASF/sam/drivers/pmc/sleep.o